2025-10-05 18:26:22 [T139716995360448] [INFO] worker 2 message 0
2025-10-05 18:26:22 [T139717003753152] [INFO] worker 1 message 0
2025-10-05 18:26:22 [T139717012145856] [INFO] worker 0 message 0
2025-10-05 18:26:22 [T139716844316352] [INFO] worker 4 message 0
2025-10-05 18:26:22 [T139716852709056] [INFO] worker 3 message 0
2025-10-05 18:26:22 [T139716986967744] [INFO] worker 5 message 0
2025-10-05 18:26:22 [T139716978575040] [INFO] worker 6 message 0
2025-10-05 18:26:22 [T139716896749248] [INFO] worker 7 message 0
2025-10-05 18:26:22 [T139716888356544] [INFO] worker 8 message 0
2025-10-05 18:26:22 [T139716879963840] [INFO] worker 9 message 0
2025-10-05 18:26:22 [T139716871571136] [INFO] worker 10 message 0
2025-10-05 18:26:22 [T139716863178432] [INFO] worker 11 message 0
2025-10-05 18:26:22 [T139716091442880] [INFO] worker 12 message 0
2025-10-05 18:26:22 [T139716083050176] [INFO] worker 13 message 0
2025-10-05 18:26:22 [T139716074657472] [INFO] worker 14 message 0
2025-10-05 18:26:22 [T139716066264768] [INFO] worker 15 message 0
2025-10-05 18:26:22 [T139717012145856] [INFO] worker 0 message 1
2025-10-05 18:26:22 [T139716986967744] [INFO] worker 5 message 1
2025-10-05 18:26:22 [T139716871571136] [INFO] worker 10 message 1
2025-10-05 18:26:22 [T139716066264768] [INFO] worker 15 message 1
2025-10-05 18:26:22 [T139717003753152] [INFO] worker 1 message 1
2025-10-05 18:26:22 [T139716978575040] [INFO] worker 6 message 1
2025-10-05 18:26:22 [T139716863178432] [INFO] worker 11 message 1
2025-10-05 18:26:22 [T139716995360448] [INFO] worker 2 message 1
2025-10-05 18:26:22 [T139716896749248] [INFO] worker 7 message 1
2025-10-05 18:26:22 [T139716091442880] [INFO] worker 12 message 1
2025-10-05 18:26:22 [T139716852709056] [INFO] worker 3 message 1
2025-10-05 18:26:22 [T139716888356544] [INFO] worker 8 message 1
2025-10-05 18:26:22 [T139716083050176] [INFO] worker 13 message 1
2025-10-05 18:26:22 [T139716844316352] [INFO] worker 4 message 1
2025-10-05 18:26:22 [T139716879963840] [INFO] worker 9 message 1
2025-10-05 18:26:22 [T139716074657472] [INFO] worker 14 message 1
2025-10-05 18:26:22 [T139717012145856] [INFO] worker 0 message 2
2025-10-05 18:26:22 [T139716986967744] [INFO] worker 5 message 2
2025-10-05 18:26:22 [T139716871571136] [INFO] worker 10 message 2
2025-10-05 18:26:22 [T139716066264768] [INFO] worker 15 message 2
2025-10-05 18:26:22 [T139717003753152] [INFO] worker 1 message 2
2025-10-05 18:26:22 [T139716978575040] [INFO] worker 6 message 2
2025-10-05 18:26:22 [T139716863178432] [INFO] worker 11 message 2
2025-10-05 18:26:22 [T139716995360448] [INFO] worker 2 message 2
2025-10-05 18:26:22 [T139716896749248] [INFO] worker 7 message 2
2025-10-05 18:26:22 [T139716091442880] [INFO] worker 12 message 2
2025-10-05 18:26:22 [T139717012145856] [INFO] worker 0 message 3
2025-10-05 18:26:22 [T139716986967744] [INFO] worker 5 message 3
2025-10-05 18:26:22 [T139716871571136] [INFO] worker 10 message 3
2025-10-05 18:26:22 [T139716066264768] [INFO] worker 15 message 3
2025-10-05 18:26:22 [T139716852709056] [INFO] worker 3 message 2
2025-10-05 18:26:22 [T139716888356544] [INFO] worker 8 message 2
2025-10-05 18:26:22 [T139716083050176] [INFO] worker 13 message 2
2025-10-05 18:26:22 [T139717003753152] [INFO] worker 1 message 3
2025-10-05 18:26:22 [T139716844316352] [INFO] worker 4 message 2
2025-10-05 18:26:22 [T139716978575040] [INFO] worker 6 message 3
2025-10-05 18:26:22 [T139716879963840] [INFO] worker 9 message 2
2025-10-05 18:26:22 [T139716863178432] [INFO] worker 11 message 3
2025-10-05 18:26:22 [T139716074657472] [INFO] worker 14 message 2
2025-10-05 18:26:22 [T139717012145856] [INFO] worker 0 message 4
2025-10-05 18:26:22 [T139716986967744] [INFO] worker 5 message 4
2025-10-05 18:26:22 [T139716871571136] [INFO] worker 10 message 4
2025-10-05 18:26:22 [T139716995360448] [INFO] worker 2 message 3
2025-10-05 18:26:22 [T139716066264768] [INFO] worker 15 message 4
2025-10-05 18:26:22 [T139716896749248] [INFO] worker 7 message 3
2025-10-05 18:26:22 [T139716091442880] [INFO] worker 12 message 3
2025-10-05 18:26:22 [T139716852709056] [INFO] worker 3 message 3
2025-10-05 18:26:22 [T139717003753152] [INFO] worker 1 message 4
2025-10-05 18:26:22 [T139716978575040] [INFO] worker 6 message 4
2025-10-05 18:26:22 [T139716888356544] [INFO] worker 8 message 3
2025-10-05 18:26:22 [T139716863178432] [INFO] worker 11 message 4
2025-10-05 18:26:22 [T139716083050176] [INFO] worker 13 message 3
2025-10-05 18:26:22 [T139717012145856] [INFO] worker 0 message 5
2025-10-05 18:26:22 [T139716986967744] [INFO] worker 5 message 5
2025-10-05 18:26:22 [T139716871571136] [INFO] worker 10 message 5
2025-10-05 18:26:22 [T139716066264768] [INFO] worker 15 message 5
2025-10-05 18:26:22 [T139716844316352] [INFO] worker 4 message 3
2025-10-05 18:26:22 [T139716879963840] [INFO] worker 9 message 3
2025-10-05 18:26:22 [T139716074657472] [INFO] worker 14 message 3
2025-10-05 18:26:22 [T139716995360448] [INFO] worker 2 message 4
2025-10-05 18:26:22 [T139716896749248] [INFO] worker 7 message 4
2025-10-05 18:26:22 [T139716091442880] [INFO] worker 12 message 4
2025-10-05 18:26:22 [T139717003753152] [INFO] worker 1 message 5
2025-10-05 18:26:22 [T139717012145856] [INFO] worker 0 message 6
2025-10-05 18:26:22 [T139716986967744] [INFO] worker 5 message 6
2025-10-05 18:26:22 [T139716978575040] [INFO] worker 6 message 5
2025-10-05 18:26:22 [T139716863178432] [INFO] worker 11 message 5
2025-10-05 18:26:22 [T139716871571136] [INFO] worker 10 message 6
2025-10-05 18:26:22 [T139716066264768] [INFO] worker 15 message 6
2025-10-05 18:26:22 [T139716852709056] [INFO] worker 3 message 4
2025-10-05 18:26:22 [T139716888356544] [INFO] worker 8 message 4
2025-10-05 18:26:22 [T139716083050176] [INFO] worker 13 message 4
2025-10-05 18:26:22 [T139716995360448] [INFO] worker 2 message 5
2025-10-05 18:26:22 [T139717012145856] [INFO] worker 0 message 7
2025-10-05 18:26:22 [T139716986967744] [INFO] worker 5 message 7
2025-10-05 18:26:22 [T139716896749248] [INFO] worker 7 message 5
2025-10-05 18:26:22 [T139716091442880] [INFO] worker 12 message 5
2025-10-05 18:26:22 [T139716871571136] [INFO] worker 10 message 7
2025-10-05 18:26:22 [T139716844316352] [INFO] worker 4 message 4
2025-10-05 18:26:22 [T139716066264768] [INFO] worker 15 message 7
2025-10-05 18:26:22 [T139717003753152] [INFO] worker 1 message 6
2025-10-05 18:26:22 [T139716978575040] [INFO] worker 6 message 6
2025-10-05 18:26:22 [T139716879963840] [INFO] worker 9 message 4
2025-10-05 18:26:22 [T139716863178432] [INFO] worker 11 message 6
2025-10-05 18:26:22 [T139716074657472] [INFO] worker 14 message 4
2025-10-05 18:26:22 [T139716852709056] [INFO] worker 3 message 5
2025-10-05 18:26:22 [T139717012145856] [INFO] worker 0 message 8
2025-10-05 18:26:22 [T139716986967744] [INFO] worker 5 message 8
2025-10-05 18:26:22 [T139716888356544] [INFO] worker 8 message 5
2025-10-05 18:26:22 [T139716083050176] [INFO] worker 13 message 5
2025-10-05 18:26:22 [T139716871571136] [INFO] worker 10 message 8
2025-10-05 18:26:22 [T139716066264768] [INFO] worker 15 message 8
2025-10-05 18:26:22 [T139716995360448] [INFO] worker 2 message 6
2025-10-05 18:26:22 [T139717003753152] [INFO] worker 1 message 7
2025-10-05 18:26:22 [T139716978575040] [INFO] worker 6 message 7
2025-10-05 18:26:22 [T139716896749248] [INFO] worker 7 message 6
2025-10-05 18:26:22 [T139716863178432] [INFO] worker 11 message 7
2025-10-05 18:26:22 [T139716091442880] [INFO] worker 12 message 6
2025-10-05 18:26:22 [T139716844316352] [INFO] worker 4 message 5
2025-10-05 18:26:22 [T139717012145856] [INFO] worker 0 message 9
2025-10-05 18:26:22 [T139716986967744] [INFO] worker 5 message 9
2025-10-05 18:26:22 [T139716879963840] [INFO] worker 9 message 5
2025-10-05 18:26:22 [T139716074657472] [INFO] worker 14 message 5
2025-10-05 18:26:22 [T139716871571136] [INFO] worker 10 message 9
2025-10-05 18:26:22 [T139716066264768] [INFO] worker 15 message 9
2025-10-05 18:26:22 [T139716852709056] [INFO] worker 3 message 6
2025-10-05 18:26:22 [T139717003753152] [INFO] worker 1 message 8
2025-10-05 18:26:22 [T139716978575040] [INFO] worker 6 message 8
2025-10-05 18:26:22 [T139716888356544] [INFO] worker 8 message 6
2025-10-05 18:26:22 [T139716863178432] [INFO] worker 11 message 8
2025-10-05 18:26:22 [T139716083050176] [INFO] worker 13 message 6
2025-10-05 18:26:22 [T139716995360448] [INFO] worker 2 message 7
2025-10-05 18:26:22 [T139716896749248] [INFO] worker 7 message 7
2025-10-05 18:26:22 [T139716091442880] [INFO] worker 12 message 7
2025-10-05 18:26:22 [T139717012145856] [INFO] worker 0 message 10
2025-10-05 18:26:22 [T139716986967744] [INFO] worker 5 message 10
2025-10-05 18:26:22 [T139716871571136] [INFO] worker 10 message 10
2025-10-05 18:26:22 [T139716066264768] [INFO] worker 15 message 10
2025-10-05 18:26:22 [T139716844316352] [INFO] worker 4 message 6
2025-10-05 18:26:22 [T139717003753152] [INFO] worker 1 message 9
2025-10-05 18:26:22 [T139716879963840] [INFO] worker 9 message 6
2025-10-05 18:26:22 [T139716978575040] [INFO] worker 6 message 9
2025-10-05 18:26:22 [T139716074657472] [INFO] worker 14 message 6
2025-10-05 18:26:22 [T139716863178432] [INFO] worker 11 message 9
2025-10-05 18:26:22 [T139717012145856] [INFO] worker 0 message 11
2025-10-05 18:26:22 [T139716986967744] [INFO] worker 5 message 11
2025-10-05 18:26:22 [T139716995360448] [INFO] worker 2 message 8
2025-10-05 18:26:22 [T139716852709056] [INFO] worker 3 message 7
2025-10-05 18:26:22 [T139716871571136] [INFO] worker 10 message 11
2025-10-05 18:26:22 [T139716066264768] [INFO] worker 15 message 11
2025-10-05 18:26:22 [T139716888356544] [INFO] worker 8 message 7
2025-10-05 18:26:22 [T139716896749248] [INFO] worker 7 message 8
2025-10-05 18:26:22 [T139716091442880] [INFO] worker 12 message 8
2025-10-05 18:26:22 [T139716083050176] [INFO] worker 13 message 7
2025-10-05 18:26:22 [T139717003753152] [INFO] worker 1 message 10
2025-10-05 18:26:22 [T139716978575040] [INFO] worker 6 message 10
2025-10-05 18:26:22 [T139717012145856] [INFO] worker 0 message 12
2025-10-05 18:26:22 [T139716986967744] [INFO] worker 5 message 12
2025-10-05 18:26:22 [T139716863178432] [INFO] worker 11 message 10
2025-10-05 18:26:22 [T139716871571136] [INFO] worker 10 message 12
2025-10-05 18:26:22 [T139716066264768] [INFO] worker 15 message 12
2025-10-05 18:26:22 [T139716995360448] [INFO] worker 2 message 9
2025-10-05 18:26:22 [T139716844316352] [INFO] worker 4 message 7
2025-10-05 18:26:22 [T139716879963840] [INFO] worker 9 message 7
2025-10-05 18:26:22 [T139716896749248] [INFO] worker 7 message 9
2025-10-05 18:26:22 [T139716074657472] [INFO] worker 14 message 7
2025-10-05 18:26:22 [T139716091442880] [INFO] worker 12 message 9
2025-10-05 18:26:22 [T139716852709056] [INFO] worker 3 message 8
2025-10-05 18:26:22 [T139716888356544] [INFO] worker 8 message 8
2025-10-05 18:26:22 [T139716083050176] [INFO] worker 13 message 8
2025-10-05 18:26:22 [T139717012145856] [INFO] worker 0 message 13
2025-10-05 18:26:22 [T139716986967744] [INFO] worker 5 message 13
2025-10-05 18:26:22 [T139716871571136] [INFO] worker 10 message 13
2025-10-05 18:26:22 [T139717003753152] [INFO] worker 1 message 11
2025-10-05 18:26:22 [T139716066264768] [INFO] worker 15 message 13
2025-10-05 18:26:22 [T139716978575040] [INFO] worker 6 message 11
2025-10-05 18:26:22 [T139716863178432] [INFO] worker 11 message 11
2025-10-05 18:26:22 [T139716995360448] [INFO] worker 2 message 10
2025-10-05 18:26:22 [T139716896749248] [INFO] worker 7 message 10
2025-10-05 18:26:22 [T139717012145856] [INFO] worker 0 message 14
2025-10-05 18:26:22 [T139716986967744] [INFO] worker 5 message 14
2025-10-05 18:26:22 [T139716091442880] [INFO] worker 12 message 10
2025-10-05 18:26:22 [T139716871571136] [INFO] worker 10 message 14
2025-10-05 18:26:22 [T139716066264768] [INFO] worker 15 message 14
2025-10-05 18:26:22 [T139716852709056] [INFO] worker 3 message 9
2025-10-05 18:26:22 [T139716844316352] [INFO] worker 4 message 8
2025-10-05 18:26:22 [T139717003753152] [INFO] worker 1 message 12
2025-10-05 18:26:22 [T139716978575040] [INFO] worker 6 message 12
2025-10-05 18:26:22 [T139716879963840] [INFO] worker 9 message 8
2025-10-05 18:26:22 [T139716888356544] [INFO] worker 8 message 9
2025-10-05 18:26:22 [T139716074657472] [INFO] worker 14 message 8
2025-10-05 18:26:22 [T139716863178432] [INFO] worker 11 message 12
2025-10-05 18:26:22 [T139716083050176] [INFO] worker 13 message 9
2025-10-05 18:26:22 [T139717012145856] [INFO] worker 0 message 15
2025-10-05 18:26:22 [T139716986967744] [INFO] worker 5 message 15
2025-10-05 18:26:22 [T139716871571136] [INFO] worker 10 message 15
2025-10-05 18:26:22 [T139716066264768] [INFO] worker 15 message 15
2025-10-05 18:26:22 [T139716995360448] [INFO] worker 2 message 11
2025-10-05 18:26:22 [T139716896749248] [INFO] worker 7 message 11
2025-10-05 18:26:22 [T139716091442880] [INFO] worker 12 message 11
2025-10-05 18:26:22 [T139717003753152] [INFO] worker 1 message 13
2025-10-05 18:26:22 [T139716978575040] [INFO] worker 6 message 13
2025-10-05 18:26:22 [T139716863178432] [INFO] worker 11 message 13
2025-10-05 18:26:22 [T139716852709056] [INFO] worker 3 message 10
2025-10-05 18:26:22 [T139716888356544] [INFO] worker 8 message 10
2025-10-05 18:26:22 [T139717012145856] [INFO] worker 0 message 16
2025-10-05 18:26:22 [T139716986967744] [INFO] worker 5 message 16
2025-10-05 18:26:22 [T139716083050176] [INFO] worker 13 message 10
2025-10-05 18:26:22 [T139716844316352] [INFO] worker 4 message 9
2025-10-05 18:26:22 [T139716871571136] [INFO] worker 10 message 16
2025-10-05 18:26:22 [T139716879963840] [INFO] worker 9 message 9
2025-10-05 18:26:22 [T139716066264768] [INFO] worker 15 message 16
2025-10-05 18:26:22 [T139716074657472] [INFO] worker 14 message 9
2025-10-05 18:26:22 [T139716995360448] [INFO] worker 2 message 12
2025-10-05 18:26:22 [T139717003753152] [INFO] worker 1 message 14
2025-10-05 18:26:22 [T139716978575040] [INFO] worker 6 message 14
2025-10-05 18:26:22 [T139716896749248] [INFO] worker 7 message 12
2025-10-05 18:26:22 [T139716091442880] [INFO] worker 12 message 12
2025-10-05 18:26:22 [T139716863178432] [INFO] worker 11 message 14
2025-10-05 18:26:22 [T139717012145856] [INFO] worker 0 message 17
2025-10-05 18:26:22 [T139716986967744] [INFO] worker 5 message 17
2025-10-05 18:26:22 [T139716871571136] [INFO] worker 10 message 17
2025-10-05 18:26:22 [T139716066264768] [INFO] worker 15 message 17
2025-10-05 18:26:22 [T139716852709056] [INFO] worker 3 message 11
2025-10-05 18:26:22 [T139716888356544] [INFO] worker 8 message 11
2025-10-05 18:26:22 [T139716083050176] [INFO] worker 13 message 11
2025-10-05 18:26:22 [T139716844316352] [INFO] worker 4 message 10
2025-10-05 18:26:22 [T139716879963840] [INFO] worker 9 message 10
2025-10-05 18:26:22 [T139717003753152] [INFO] worker 1 message 15
2025-10-05 18:26:22 [T139716978575040] [INFO] worker 6 message 15
2025-10-05 18:26:22 [T139716074657472] [INFO] worker 14 message 10
2025-10-05 18:26:22 [T139717012145856] [INFO] worker 0 message 18
2025-10-05 18:26:22 [T139716986967744] [INFO] worker 5 message 18
2025-10-05 18:26:22 [T139716863178432] [INFO] worker 11 message 15
2025-10-05 18:26:22 [T139716995360448] [INFO] worker 2 message 13
2025-10-05 18:26:22 [T139716871571136] [INFO] worker 10 message 18
2025-10-05 18:26:22 [T139716896749248] [INFO] worker 7 message 13
2025-10-05 18:26:22 [T139716066264768] [INFO] worker 15 message 18
2025-10-05 18:26:22 [T139716091442880] [INFO] worker 12 message 13
2025-10-05 18:26:22 [T139716986967744] [INFO] worker 5 message 19
2025-10-05 18:26:22 [T139717012145856] [INFO] worker 0 message 19
2025-10-05 18:26:22 [T139716852709056] [INFO] worker 3 message 12
2025-10-05 18:26:22 [T139716871571136] [INFO] worker 10 message 19
2025-10-05 18:26:22 [T139716888356544] [INFO] worker 8 message 12
2025-10-05 18:26:22 [T139716978575040] [INFO] worker 6 message 16
2025-10-05 18:26:22 [T139717003753152] [INFO] worker 1 message 16
2025-10-05 18:26:22 [T139716066264768] [INFO] worker 15 message 19
2025-10-05 18:26:22 [T139716083050176] [INFO] worker 13 message 12
2025-10-05 18:26:22 [T139716863178432] [INFO] worker 11 message 16
2025-10-05 18:26:22 [T139716995360448] [INFO] worker 2 message 14
2025-10-05 18:26:22 [T139716896749248] [INFO] worker 7 message 14
2025-10-05 18:26:22 [T139716091442880] [INFO] worker 12 message 14
2025-10-05 18:26:22 [T139716844316352] [INFO] worker 4 message 11
2025-10-05 18:26:22 [T139716879963840] [INFO] worker 9 message 11
2025-10-05 18:26:22 [T139716074657472] [INFO] worker 14 message 11
2025-10-05 18:26:22 [T139716986967744] [INFO] worker 5 message 20
2025-10-05 18:26:22 [T139717012145856] [INFO] worker 0 message 20
2025-10-05 18:26:22 [T139716871571136] [INFO] worker 10 message 20
2025-10-05 18:26:22 [T139716066264768] [INFO] worker 15 message 20
2025-10-05 18:26:22 [T139716978575040] [INFO] worker 6 message 17
2025-10-05 18:26:22 [T139717003753152] [INFO] worker 1 message 17
2025-10-05 18:26:22 [T139716863178432] [INFO] worker 11 message 17
2025-10-05 18:26:22 [T139716852709056] [INFO] worker 3 message 13
2025-10-05 18:26:22 [T139716888356544] [INFO] worker 8 message 13
2025-10-05 18:26:22 [T139716083050176] [INFO] worker 13 message 13
2025-10-05 18:26:22 [T139716995360448] [INFO] worker 2 message 15
2025-10-05 18:26:22 [T139716896749248] [INFO] worker 7 message 15
2025-10-05 18:26:22 [T139716091442880] [INFO] worker 12 message 15
2025-10-05 18:26:22 [T139716986967744] [INFO] worker 5 message 21
2025-10-05 18:26:22 [T139717012145856] [INFO] worker 0 message 21
2025-10-05 18:26:22 [T139716871571136] [INFO] worker 10 message 21
2025-10-05 18:26:22 [T139716066264768] [INFO] worker 15 message 21
2025-10-05 18:26:22 [T139716844316352] [INFO] worker 4 message 12
2025-10-05 18:26:22 [T139716879963840] [INFO] worker 9 message 12
2025-10-05 18:26:22 [T139716978575040] [INFO] worker 6 message 18
2025-10-05 18:26:22 [T139717003753152] [INFO] worker 1 message 18
2025-10-05 18:26:22 [T139716074657472] [INFO] worker 14 message 12
2025-10-05 18:26:22 [T139716863178432] [INFO] worker 11 message 18
2025-10-05 18:26:22 [T139716986967744] [INFO] worker 5 message 22
2025-10-05 18:26:22 [T139717012145856] [INFO] worker 0 message 22
2025-10-05 18:26:22 [T139716871571136] [INFO] worker 10 message 22
2025-10-05 18:26:22 [T139716066264768] [INFO] worker 15 message 22
2025-10-05 18:26:22 [T139716852709056] [INFO] worker 3 message 14
2025-10-05 18:26:22 [T139716995360448] [INFO] worker 2 message 16
2025-10-05 18:26:22 [T139716888356544] [INFO] worker 8 message 14
2025-10-05 18:26:22 [T139716896749248] [INFO] worker 7 message 16
2025-10-05 18:26:22 [T139716091442880] [INFO] worker 12 message 16
2025-10-05 18:26:22 [T139716083050176] [INFO] worker 13 message 14
2025-10-05 18:26:22 [T139716978575040] [INFO] worker 6 message 19
2025-10-05 18:26:22 [T139717003753152] [INFO] worker 1 message 19
2025-10-05 18:26:22 [T139716863178432] [INFO] worker 11 message 19
2025-10-05 18:26:22 [T139716986967744] [INFO] worker 5 message 23
2025-10-05 18:26:22 [T139717012145856] [INFO] worker 0 message 23
2025-10-05 18:26:22 [T139716871571136] [INFO] worker 10 message 23
2025-10-05 18:26:22 [T139716066264768] [INFO] worker 15 message 23
2025-10-05 18:26:22 [T139716844316352] [INFO] worker 4 message 13
2025-10-05 18:26:22 [T139716879963840] [INFO] worker 9 message 13
2025-10-05 18:26:22 [T139716074657472] [INFO] worker 14 message 13
2025-10-05 18:26:22 [T139716995360448] [INFO] worker 2 message 17
2025-10-05 18:26:22 [T139716896749248] [INFO] worker 7 message 17
2025-10-05 18:26:22 [T139716091442880] [INFO] worker 12 message 17
2025-10-05 18:26:22 [T139716852709056] [INFO] worker 3 message 15
2025-10-05 18:26:22 [T139716888356544] [INFO] worker 8 message 15
2025-10-05 18:26:22 [T139716978575040] [INFO] worker 6 message 20
2025-10-05 18:26:22 [T139717003753152] [INFO] worker 1 message 20
2025-10-05 18:26:22 [T139716083050176] [INFO] worker 13 message 15
2025-10-05 18:26:22 [T139716863178432] [INFO] worker 11 message 20
2025-10-05 18:26:22 [T139716986967744] [INFO] worker 5 message 24
2025-10-05 18:26:22 [T139717012145856] [INFO] worker 0 message 24
2025-10-05 18:26:22 [T139716871571136] [INFO] worker 10 message 24
2025-10-05 18:26:22 [T139716066264768] [INFO] worker 15 message 24
2025-10-05 18:26:22 [T139716844316352] [INFO] worker 4 message 14
2025-10-05 18:26:22 [T139716986967744] [INFO] worker 5 message 25
2025-10-05 18:26:22 [T139717012145856] [INFO] worker 0 message 25
2025-10-05 18:26:22 [T139716995360448] [INFO] worker 2 message 18
2025-10-05 18:26:22 [T139716879963840] [INFO] worker 9 message 14
2025-10-05 18:26:22 [T139716871571136] [INFO] worker 10 message 25
2025-10-05 18:26:22 [T139716978575040] [INFO] worker 6 message 21
2025-10-05 18:26:22 [T139716896749248] [INFO] worker 7 message 18
2025-10-05 18:26:22 [T139716074657472] [INFO] worker 14 message 14
2025-10-05 18:26:22 [T139717003753152] [INFO] worker 1 message 21
2025-10-05 18:26:22 [T139716091442880] [INFO] worker 12 message 18
2025-10-05 18:26:22 [T139716066264768] [INFO] worker 15 message 25
2025-10-05 18:26:22 [T139716863178432] [INFO] worker 11 message 21
2025-10-05 18:26:22 [T139716852709056] [INFO] worker 3 message 16
2025-10-05 18:26:22 [T139716888356544] [INFO] worker 8 message 16
2025-10-05 18:26:22 [T139716083050176] [INFO] worker 13 message 16
2025-10-05 18:26:22 [T139716986967744] [INFO] worker 5 message 26
2025-10-05 18:26:22 [T139717012145856] [INFO] worker 0 message 26
2025-10-05 18:26:22 [T139716871571136] [INFO] worker 10 message 26
2025-10-05 18:26:22 [T139716066264768] [INFO] worker 15 message 26
2025-10-05 18:26:22 [T139716978575040] [INFO] worker 6 message 22
2025-10-05 18:26:22 [T139717003753152] [INFO] worker 1 message 22
2025-10-05 18:26:22 [T139716863178432] [INFO] worker 11 message 22
2025-10-05 18:26:22 [T139716995360448] [INFO] worker 2 message 19
2025-10-05 18:26:22 [T139716896749248] [INFO] worker 7 message 19
2025-10-05 18:26:22 [T139716091442880] [INFO] worker 12 message 19
2025-10-05 18:26:22 [T139716844316352] [INFO] worker 4 message 15
2025-10-05 18:26:22 [T139716879963840] [INFO] worker 9 message 15
2025-10-05 18:26:22 [T139716074657472] [INFO] worker 14 message 15
2025-10-05 18:26:22 [T139716852709056] [INFO] worker 3 message 17
2025-10-05 18:26:22 [T139716986967744] [INFO] worker 5 message 27
2025-10-05 18:26:22 [T139717012145856] [INFO] worker 0 message 27
2025-10-05 18:26:22 [T139716888356544] [INFO] worker 8 message 17
2025-10-05 18:26:22 [T139716871571136] [INFO] worker 10 message 27
2025-10-05 18:26:22 [T139716083050176] [INFO] worker 13 message 17
2025-10-05 18:26:22 [T139716066264768] [INFO] worker 15 message 27
2025-10-05 18:26:22 [T139716978575040] [INFO] worker 6 message 23
2025-10-05 18:26:22 [T139717003753152] [INFO] worker 1 message 23
2025-10-05 18:26:22 [T139716863178432] [INFO] worker 11 message 23
2025-10-05 18:26:22 [T139716995360448] [INFO] worker 2 message 20
2025-10-05 18:26:22 [T139716896749248] [INFO] worker 7 message 20
2025-10-05 18:26:22 [T139716091442880] [INFO] worker 12 message 20
2025-10-05 18:26:22 [T139716986967744] [INFO] worker 5 message 28
2025-10-05 18:26:22 [T139717012145856] [INFO] worker 0 message 28
2025-10-05 18:26:22 [T139716871571136] [INFO] worker 10 message 28
2025-10-05 18:26:22 [T139716066264768] [INFO] worker 15 message 28
2025-10-05 18:26:22 [T139716844316352] [INFO] worker 4 message 16
2025-10-05 18:26:22 [T139716852709056] [INFO] worker 3 message 18
2025-10-05 18:26:22 [T139716879963840] [INFO] worker 9 message 16
2025-10-05 18:26:22 [T139716888356544] [INFO] worker 8 message 18
2025-10-05 18:26:22 [T139716978575040] [INFO] worker 6 message 24
2025-10-05 18:26:22 [T139716074657472] [INFO] worker 14 message 16
2025-10-05 18:26:22 [T139717003753152] [INFO] worker 1 message 24
2025-10-05 18:26:22 [T139716083050176] [INFO] worker 13 message 18
2025-10-05 18:26:22 [T139716863178432] [INFO] worker 11 message 24
2025-10-05 18:26:22 [T139716986967744] [INFO] worker 5 message 29
2025-10-05 18:26:22 [T139717012145856] [INFO] worker 0 message 29
2025-10-05 18:26:22 [T139716871571136] [INFO] worker 10 message 29
2025-10-05 18:26:22 [T139716066264768] [INFO] worker 15 message 29
2025-10-05 18:26:22 [T139716995360448] [INFO] worker 2 message 21
2025-10-05 18:26:22 [T139716896749248] [INFO] worker 7 message 21
2025-10-05 18:26:22 [T139716091442880] [INFO] worker 12 message 21
2025-10-05 18:26:22 [T139716978575040] [INFO] worker 6 message 25
2025-10-05 18:26:22 [T139717003753152] [INFO] worker 1 message 25
2025-10-05 18:26:22 [T139716863178432] [INFO] worker 11 message 25
2025-10-05 18:26:22 [T139716986967744] [INFO] worker 5 message 30
2025-10-05 18:26:22 [T139717012145856] [INFO] worker 0 message 30
2025-10-05 18:26:22 [T139716871571136] [INFO] worker 10 message 30
2025-10-05 18:26:22 [T139716066264768] [INFO] worker 15 message 30
2025-10-05 18:26:22 [T139716852709056] [INFO] worker 3 message 19
2025-10-05 18:26:22 [T139716888356544] [INFO] worker 8 message 19
2025-10-05 18:26:22 [T139716083050176] [INFO] worker 13 message 19
2025-10-05 18:26:22 [T139716844316352] [INFO] worker 4 message 17
2025-10-05 18:26:22 [T139716879963840] [INFO] worker 9 message 17
2025-10-05 18:26:22 [T139716074657472] [INFO] worker 14 message 17
2025-10-05 18:26:22 [T139716995360448] [INFO] worker 2 message 22
2025-10-05 18:26:22 [T139716896749248] [INFO] worker 7 message 22
2025-10-05 18:26:22 [T139716091442880] [INFO] worker 12 message 22
2025-10-05 18:26:22 [T139716986967744] [INFO] worker 5 message 31
2025-10-05 18:26:22 [T139717012145856] [INFO] worker 0 message 31
2025-10-05 18:26:22 [T139716978575040] [INFO] worker 6 message 26
2025-10-05 18:26:22 [T139716871571136] [INFO] worker 10 message 31
2025-10-05 18:26:22 [T139717003753152] [INFO] worker 1 message 26
2025-10-05 18:26:22 [T139716066264768] [INFO] worker 15 message 31
2025-10-05 18:26:22 [T139716863178432] [INFO] worker 11 message 26
2025-10-05 18:26:22 [T139716852709056] [INFO] worker 3 message 20
2025-10-05 18:26:22 [T139716888356544] [INFO] worker 8 message 20
2025-10-05 18:26:22 [T139716083050176] [INFO] worker 13 message 20
2025-10-05 18:26:22 [T139716986967744] [INFO] worker 5 message 32
2025-10-05 18:26:22 [T139716995360448] [INFO] worker 2 message 23
2025-10-05 18:26:22 [T139717012145856] [INFO] worker 0 message 32
2025-10-05 18:26:22 [T139716896749248] [INFO] worker 7 message 23
2025-10-05 18:26:22 [T139716091442880] [INFO] worker 12 message 23
2025-10-05 18:26:22 [T139716871571136] [INFO] worker 10 message 32
2025-10-05 18:26:22 [T139716844316352] [INFO] worker 4 message 18
2025-10-05 18:26:22 [T139716066264768] [INFO] worker 15 message 32
2025-10-05 18:26:22 [T139716879963840] [INFO] worker 9 message 18
2025-10-05 18:26:22 [T139716074657472] [INFO] worker 14 message 18
2025-10-05 18:26:22 [T139716978575040] [INFO] worker 6 message 27
2025-10-05 18:26:22 [T139717003753152] [INFO] worker 1 message 27
2025-10-05 18:26:22 [T139716863178432] [INFO] worker 11 message 27
2025-10-05 18:26:22 [T139716986967744] [INFO] worker 5 message 33
2025-10-05 18:26:22 [T139717012145856] [INFO] worker 0 message 33
2025-10-05 18:26:22 [T139716871571136] [INFO] worker 10 message 33
2025-10-05 18:26:22 [T139716066264768] [INFO] worker 15 message 33
2025-10-05 18:26:22 [T139716852709056] [INFO] worker 3 message 21
2025-10-05 18:26:22 [T139716995360448] [INFO] worker 2 message 24
2025-10-05 18:26:22 [T139716888356544] [INFO] worker 8 message 21
2025-10-05 18:26:22 [T139716896749248] [INFO] worker 7 message 24
2025-10-05 18:26:22 [T139716091442880] [INFO] worker 12 message 24
2025-10-05 18:26:22 [T139716978575040] [INFO] worker 6 message 28
2025-10-05 18:26:22 [T139716083050176] [INFO] worker 13 message 21
2025-10-05 18:26:22 [T139717003753152] [INFO] worker 1 message 28
2025-10-05 18:26:22 [T139716863178432] [INFO] worker 11 message 28
2025-10-05 18:26:22 [T139716844316352] [INFO] worker 4 message 19
2025-10-05 18:26:22 [T139716879963840] [INFO] worker 9 message 19
2025-10-05 18:26:22 [T139716986967744] [INFO] worker 5 message 34
2025-10-05 18:26:22 [T139717012145856] [INFO] worker 0 message 34
2025-10-05 18:26:22 [T139716074657472] [INFO] worker 14 message 19
2025-10-05 18:26:22 [T139716871571136] [INFO] worker 10 message 34
2025-10-05 18:26:22 [T139716066264768] [INFO] worker 15 message 34
2025-10-05 18:26:22 [T139716978575040] [INFO] worker 6 message 29
2025-10-05 18:26:22 [T139717003753152] [INFO] worker 1 message 29
2025-10-05 18:26:22 [T139716863178432] [INFO] worker 11 message 29
2025-10-05 18:26:22 [T139716995360448] [INFO] worker 2 message 25
2025-10-05 18:26:22 [T139716896749248] [INFO] worker 7 message 25
2025-10-05 18:26:22 [T139716091442880] [INFO] worker 12 message 25
2025-10-05 18:26:22 [T139716852709056] [INFO] worker 3 message 22
2025-10-05 18:26:22 [T139716986967744] [INFO] worker 5 message 35
2025-10-05 18:26:22 [T139716888356544] [INFO] worker 8 message 22
2025-10-05 18:26:22 [T139717012145856] [INFO] worker 0 message 35
2025-10-05 18:26:22 [T139716083050176] [INFO] worker 13 message 22
2025-10-05 18:26:22 [T139716871571136] [INFO] worker 10 message 35
2025-10-05 18:26:22 [T139716066264768] [INFO] worker 15 message 35
2025-10-05 18:26:22 [T139716844316352] [INFO] worker 4 message 20
2025-10-05 18:26:22 [T139716879963840] [INFO] worker 9 message 20
2025-10-05 18:26:22 [T139716074657472] [INFO] worker 14 message 20
2025-10-05 18:26:22 [T139716978575040] [INFO] worker 6 message 30
2025-10-05 18:26:22 [T139717003753152] [INFO] worker 1 message 30
2025-10-05 18:26:22 [T139716863178432] [INFO] worker 11 message 30
2025-10-05 18:26:22 [T139716986967744] [INFO] worker 5 message 36
2025-10-05 18:26:22 [T139717012145856] [INFO] worker 0 message 36
2025-10-05 18:26:22 [T139716871571136] [INFO] worker 10 message 36
2025-10-05 18:26:22 [T139716066264768] [INFO] worker 15 message 36
2025-10-05 18:26:22 [T139716995360448] [INFO] worker 2 message 26
2025-10-05 18:26:22 [T139716896749248] [INFO] worker 7 message 26
2025-10-05 18:26:22 [T139716091442880] [INFO] worker 12 message 26
2025-10-05 18:26:22 [T139716852709056] [INFO] worker 3 message 23
2025-10-05 18:26:22 [T139716888356544] [INFO] worker 8 message 23
2025-10-05 18:26:22 [T139716083050176] [INFO] worker 13 message 23
2025-10-05 18:26:22 [T139716986967744] [INFO] worker 5 message 37
2025-10-05 18:26:22 [T139717012145856] [INFO] worker 0 message 37
2025-10-05 18:26:22 [T139716978575040] [INFO] worker 6 message 31
2025-10-05 18:26:22 [T139717003753152] [INFO] worker 1 message 31
2025-10-05 18:26:22 [T139716871571136] [INFO] worker 10 message 37
2025-10-05 18:26:22 [T139716863178432] [INFO] worker 11 message 31
2025-10-05 18:26:22 [T139716066264768] [INFO] worker 15 message 37
2025-10-05 18:26:22 [T139716844316352] [INFO] worker 4 message 21
2025-10-05 18:26:22 [T139716879963840] [INFO] worker 9 message 21
2025-10-05 18:26:22 [T139716995360448] [INFO] worker 2 message 27
2025-10-05 18:26:22 [T139716896749248] [INFO] worker 7 message 27
2025-10-05 18:26:22 [T139716074657472] [INFO] worker 14 message 21
2025-10-05 18:26:22 [T139716091442880] [INFO] worker 12 message 27
2025-10-05 18:26:22 [T139716986967744] [INFO] worker 5 message 38
2025-10-05 18:26:22 [T139717012145856] [INFO] worker 0 message 38
2025-10-05 18:26:22 [T139716871571136] [INFO] worker 10 message 38
2025-10-05 18:26:22 [T139716852709056] [INFO] worker 3 message 24
2025-10-05 18:26:22 [T139716066264768] [INFO] worker 15 message 38
2025-10-05 18:26:22 [T139716888356544] [INFO] worker 8 message 24
2025-10-05 18:26:22 [T139716083050176] [INFO] worker 13 message 24
2025-10-05 18:26:22 [T139717003753152] [INFO] worker 1 message 32
2025-10-05 18:26:22 [T139716978575040] [INFO] worker 6 message 32
2025-10-05 18:26:22 [T139716863178432] [INFO] worker 11 message 32
2025-10-05 18:26:22 [T139716995360448] [INFO] worker 2 message 28
2025-10-05 18:26:22 [T139716986967744] [INFO] worker 5 message 39
2025-10-05 18:26:22 [T139717012145856] [INFO] worker 0 message 39
2025-10-05 18:26:22 [T139716896749248] [INFO] worker 7 message 28
2025-10-05 18:26:22 [T139716091442880] [INFO] worker 12 message 28
2025-10-05 18:26:22 [T139716871571136] [INFO] worker 10 message 39
2025-10-05 18:26:22 [T139716066264768] [INFO] worker 15 message 39
2025-10-05 18:26:22 [T139716844316352] [INFO] worker 4 message 22
2025-10-05 18:26:22 [T139716879963840] [INFO] worker 9 message 22
2025-10-05 18:26:22 [T139716074657472] [INFO] worker 14 message 22
2025-10-05 18:26:22 [T139717003753152] [INFO] worker 1 message 33
2025-10-05 18:26:22 [T139716978575040] [INFO] worker 6 message 33
2025-10-05 18:26:22 [T139716863178432] [INFO] worker 11 message 33
2025-10-05 18:26:22 [T139716852709056] [INFO] worker 3 message 25
2025-10-05 18:26:22 [T139716888356544] [INFO] worker 8 message 25
2025-10-05 18:26:22 [T139716083050176] [INFO] worker 13 message 25
2025-10-05 18:26:22 [T139716986967744] [INFO] worker 5 message 40
2025-10-05 18:26:22 [T139717012145856] [INFO] worker 0 message 40
2025-10-05 18:26:22 [T139716871571136] [INFO] worker 10 message 40
2025-10-05 18:26:22 [T139716066264768] [INFO] worker 15 message 40
2025-10-05 18:26:22 [T139716995360448] [INFO] worker 2 message 29
2025-10-05 18:26:22 [T139716896749248] [INFO] worker 7 message 29
2025-10-05 18:26:22 [T139716091442880] [INFO] worker 12 message 29
2025-10-05 18:26:22 [T139717003753152] [INFO] worker 1 message 34
2025-10-05 18:26:22 [T139716978575040] [INFO] worker 6 message 34
2025-10-05 18:26:22 [T139716863178432] [INFO] worker 11 message 34
2025-10-05 18:26:22 [T139716986967744] [INFO] worker 5 message 41
2025-10-05 18:26:22 [T139717012145856] [INFO] worker 0 message 41
2025-10-05 18:26:22 [T139716844316352] [INFO] worker 4 message 23
2025-10-05 18:26:22 [T139716871571136] [INFO] worker 10 message 41
2025-10-05 18:26:22 [T139716879963840] [INFO] worker 9 message 23
2025-10-05 18:26:22 [T139716066264768] [INFO] worker 15 message 41
2025-10-05 18:26:22 [T139716074657472] [INFO] worker 14 message 23
2025-10-05 18:26:22 [T139716852709056] [INFO] worker 3 message 26
2025-10-05 18:26:22 [T139716888356544] [INFO] worker 8 message 26
2025-10-05 18:26:22 [T139716083050176] [INFO] worker 13 message 26
2025-10-05 18:26:22 [T139716995360448] [INFO] worker 2 message 30
2025-10-05 18:26:22 [T139716896749248] [INFO] worker 7 message 30
2025-10-05 18:26:22 [T139716091442880] [INFO] worker 12 message 30
2025-10-05 18:26:22 [T139717003753152] [INFO] worker 1 message 35
2025-10-05 18:26:22 [T139716978575040] [INFO] worker 6 message 35
2025-10-05 18:26:22 [T139716863178432] [INFO] worker 11 message 35
2025-10-05 18:26:22 [T139716986967744] [INFO] worker 5 message 42
2025-10-05 18:26:22 [T139717012145856] [INFO] worker 0 message 42
2025-10-05 18:26:22 [T139716871571136] [INFO] worker 10 message 42
2025-10-05 18:26:22 [T139716066264768] [INFO] worker 15 message 42
2025-10-05 18:26:22 [T139716844316352] [INFO] worker 4 message 24
2025-10-05 18:26:22 [T139716852709056] [INFO] worker 3 message 27
2025-10-05 18:26:22 [T139716879963840] [INFO] worker 9 message 24
2025-10-05 18:26:22 [T139716888356544] [INFO] worker 8 message 27
2025-10-05 18:26:22 [T139716074657472] [INFO] worker 14 message 24
2025-10-05 18:26:22 [T139716986967744] [INFO] worker 5 message 43
2025-10-05 18:26:22 [T139717012145856] [INFO] worker 0 message 43
2025-10-05 18:26:22 [T139716083050176] [INFO] worker 13 message 27
2025-10-05 18:26:22 [T139717003753152] [INFO] worker 1 message 36
2025-10-05 18:26:22 [T139716978575040] [INFO] worker 6 message 36
2025-10-05 18:26:22 [T139716863178432] [INFO] worker 11 message 36
2025-10-05 18:26:22 [T139716871571136] [INFO] worker 10 message 43
2025-10-05 18:26:22 [T139716066264768] [INFO] worker 15 message 43
2025-10-05 18:26:22 [T139716995360448] [INFO] worker 2 message 31
2025-10-05 18:26:22 [T139716896749248] [INFO] worker 7 message 31
2025-10-05 18:26:22 [T139716091442880] [INFO] worker 12 message 31
2025-10-05 18:26:22 [T139716986967744] [INFO] worker 5 message 44
2025-10-05 18:26:22 [T139717012145856] [INFO] worker 0 message 44
2025-10-05 18:26:22 [T139716871571136] [INFO] worker 10 message 44
2025-10-05 18:26:22 [T139716066264768] [INFO] worker 15 message 44
2025-10-05 18:26:22 [T139717003753152] [INFO] worker 1 message 37
2025-10-05 18:26:22 [T139716978575040] [INFO] worker 6 message 37
2025-10-05 18:26:22 [T139716863178432] [INFO] worker 11 message 37
2025-10-05 18:26:22 [T139716852709056] [INFO] worker 3 message 28
2025-10-05 18:26:22 [T139716888356544] [INFO] worker 8 message 28
2025-10-05 18:26:22 [T139716995360448] [INFO] worker 2 message 32
2025-10-05 18:26:22 [T139716896749248] [INFO] worker 7 message 32
2025-10-05 18:26:22 [T139716091442880] [INFO] worker 12 message 32
2025-10-05 18:26:22 [T139716083050176] [INFO] worker 13 message 28
2025-10-05 18:26:22 [T139716844316352] [INFO] worker 4 message 25
2025-10-05 18:26:22 [T139716879963840] [INFO] worker 9 message 25
2025-10-05 18:26:22 [T139716074657472] [INFO] worker 14 message 25
2025-10-05 18:26:22 [T139716986967744] [INFO] worker 5 message 45
2025-10-05 18:26:22 [T139717012145856] [INFO] worker 0 message 45
2025-10-05 18:26:22 [T139716871571136] [INFO] worker 10 message 45
2025-10-05 18:26:22 [T139716066264768] [INFO] worker 15 message 45
2025-10-05 18:26:22 [T139717003753152] [INFO] worker 1 message 38
2025-10-05 18:26:22 [T139716978575040] [INFO] worker 6 message 38
2025-10-05 18:26:22 [T139716863178432] [INFO] worker 11 message 38
2025-10-05 18:26:22 [T139716995360448] [INFO] worker 2 message 33
2025-10-05 18:26:22 [T139716896749248] [INFO] worker 7 message 33
2025-10-05 18:26:22 [T139716091442880] [INFO] worker 12 message 33
2025-10-05 18:26:22 [T139716986967744] [INFO] worker 5 message 46
2025-10-05 18:26:22 [T139717012145856] [INFO] worker 0 message 46
2025-10-05 18:26:22 [T139716852709056] [INFO] worker 3 message 29
2025-10-05 18:26:22 [T139716888356544] [INFO] worker 8 message 29
2025-10-05 18:26:22 [T139716871571136] [INFO] worker 10 message 46
2025-10-05 18:26:22 [T139716066264768] [INFO] worker 15 message 46
2025-10-05 18:26:22 [T139716083050176] [INFO] worker 13 message 29
2025-10-05 18:26:22 [T139716844316352] [INFO] worker 4 message 26
2025-10-05 18:26:22 [T139716879963840] [INFO] worker 9 message 26
2025-10-05 18:26:22 [T139716074657472] [INFO] worker 14 message 26
2025-10-05 18:26:22 [T139717003753152] [INFO] worker 1 message 39
2025-10-05 18:26:22 [T139716978575040] [INFO] worker 6 message 39
2025-10-05 18:26:22 [T139716863178432] [INFO] worker 11 message 39
2025-10-05 18:26:22 [T139716986967744] [INFO] worker 5 message 47
2025-10-05 18:26:22 [T139717012145856] [INFO] worker 0 message 47
2025-10-05 18:26:22 [T139716871571136] [INFO] worker 10 message 47
2025-10-05 18:26:22 [T139716066264768] [INFO] worker 15 message 47
2025-10-05 18:26:22 [T139716995360448] [INFO] worker 2 message 34
2025-10-05 18:26:22 [T139716896749248] [INFO] worker 7 message 34
2025-10-05 18:26:22 [T139716091442880] [INFO] worker 12 message 34
2025-10-05 18:26:22 [T139716852709056] [INFO] worker 3 message 30
2025-10-05 18:26:22 [T139716888356544] [INFO] worker 8 message 30
2025-10-05 18:26:22 [T139716083050176] [INFO] worker 13 message 30
2025-10-05 18:26:22 [T139717003753152] [INFO] worker 1 message 40
2025-10-05 18:26:22 [T139716978575040] [INFO] worker 6 message 40
2025-10-05 18:26:22 [T139716863178432] [INFO] worker 11 message 40
2025-10-05 18:26:22 [T139716986967744] [INFO] worker 5 message 48
2025-10-05 18:26:22 [T139717012145856] [INFO] worker 0 message 48
2025-10-05 18:26:22 [T139716871571136] [INFO] worker 10 message 48
2025-10-05 18:26:22 [T139716066264768] [INFO] worker 15 message 48
2025-10-05 18:26:22 [T139716844316352] [INFO] worker 4 message 27
2025-10-05 18:26:22 [T139716879963840] [INFO] worker 9 message 27
2025-10-05 18:26:22 [T139716074657472] [INFO] worker 14 message 27
2025-10-05 18:26:22 [T139716995360448] [INFO] worker 2 message 35
2025-10-05 18:26:22 [T139716896749248] [INFO] worker 7 message 35
2025-10-05 18:26:22 [T139716091442880] [INFO] worker 12 message 35
2025-10-05 18:26:22 [T139716986967744] [INFO] worker 5 message 49
2025-10-05 18:26:22 [T139717012145856] [INFO] worker 0 message 49
2025-10-05 18:26:22 [T139717003753152] [INFO] worker 1 message 41
2025-10-05 18:26:22 [T139716978575040] [INFO] worker 6 message 41
2025-10-05 18:26:22 [T139716863178432] [INFO] worker 11 message 41
2025-10-05 18:26:22 [T139716871571136] [INFO] worker 10 message 49
2025-10-05 18:26:22 [T139716066264768] [INFO] worker 15 message 49
2025-10-05 18:26:22 [T139716852709056] [INFO] worker 3 message 31
2025-10-05 18:26:22 [T139716888356544] [INFO] worker 8 message 31
2025-10-05 18:26:22 [T139716083050176] [INFO] worker 13 message 31
2025-10-05 18:26:22 [T139716986967744] [INFO] worker 5 message 50
2025-10-05 18:26:22 [T139717012145856] [INFO] worker 0 message 50
2025-10-05 18:26:22 [T139716844316352] [INFO] worker 4 message 28
2025-10-05 18:26:22 [T139716879963840] [INFO] worker 9 message 28
2025-10-05 18:26:22 [T139716995360448] [INFO] worker 2 message 36
2025-10-05 18:26:22 [T139716074657472] [INFO] worker 14 message 28
2025-10-05 18:26:22 [T139716871571136] [INFO] worker 10 message 50
2025-10-05 18:26:22 [T139716896749248] [INFO] worker 7 message 36
2025-10-05 18:26:22 [T139716066264768] [INFO] worker 15 message 50
2025-10-05 18:26:22 [T139716091442880] [INFO] worker 12 message 36
2025-10-05 18:26:22 [T139717003753152] [INFO] worker 1 message 42
2025-10-05 18:26:22 [T139716978575040] [INFO] worker 6 message 42
2025-10-05 18:26:22 [T139716863178432] [INFO] worker 11 message 42
2025-10-05 18:26:22 [T139716852709056] [INFO] worker 3 message 32
2025-10-05 18:26:22 [T139716888356544] [INFO] worker 8 message 32
2025-10-05 18:26:22 [T139716083050176] [INFO] worker 13 message 32
2025-10-05 18:26:22 [T139716986967744] [INFO] worker 5 message 51
2025-10-05 18:26:22 [T139717012145856] [INFO] worker 0 message 51
2025-10-05 18:26:22 [T139716871571136] [INFO] worker 10 message 51
2025-10-05 18:26:22 [T139716066264768] [INFO] worker 15 message 51
2025-10-05 18:26:22 [T139717003753152] [INFO] worker 1 message 43
2025-10-05 18:26:22 [T139716978575040] [INFO] worker 6 message 43
2025-10-05 18:26:22 [T139716863178432] [INFO] worker 11 message 43
2025-10-05 18:26:22 [T139716995360448] [INFO] worker 2 message 37
2025-10-05 18:26:22 [T139716896749248] [INFO] worker 7 message 37
2025-10-05 18:26:22 [T139716091442880] [INFO] worker 12 message 37
2025-10-05 18:26:22 [T139716844316352] [INFO] worker 4 message 29
2025-10-05 18:26:22 [T139716879963840] [INFO] worker 9 message 29
2025-10-05 18:26:22 [T139716074657472] [INFO] worker 14 message 29
2025-10-05 18:26:22 [T139716986967744] [INFO] worker 5 message 52
2025-10-05 18:26:22 [T139717012145856] [INFO] worker 0 message 52
2025-10-05 18:26:22 [T139716871571136] [INFO] worker 10 message 52
2025-10-05 18:26:22 [T139716066264768] [INFO] worker 15 message 52
2025-10-05 18:26:22 [T139716852709056] [INFO] worker 3 message 33
2025-10-05 18:26:22 [T139716888356544] [INFO] worker 8 message 33
2025-10-05 18:26:22 [T139716083050176] [INFO] worker 13 message 33
2025-10-05 18:26:22 [T139717003753152] [INFO] worker 1 message 44
2025-10-05 18:26:22 [T139716978575040] [INFO] worker 6 message 44
2025-10-05 18:26:22 [T139716863178432] [INFO] worker 11 message 44
2025-10-05 18:26:22 [T139716995360448] [INFO] worker 2 message 38
2025-10-05 18:26:22 [T139716896749248] [INFO] worker 7 message 38
2025-10-05 18:26:22 [T139716091442880] [INFO] worker 12 message 38
2025-10-05 18:26:22 [T139716986967744] [INFO] worker 5 message 53
2025-10-05 18:26:22 [T139717012145856] [INFO] worker 0 message 53
2025-10-05 18:26:22 [T139716871571136] [INFO] worker 10 message 53
2025-10-05 18:26:22 [T139716066264768] [INFO] worker 15 message 53
2025-10-05 18:26:22 [T139716844316352] [INFO] worker 4 message 30
2025-10-05 18:26:22 [T139716879963840] [INFO] worker 9 message 30
2025-10-05 18:26:22 [T139716074657472] [INFO] worker 14 message 30
2025-10-05 18:26:22 [T139717003753152] [INFO] worker 1 message 45
2025-10-05 18:26:22 [T139716978575040] [INFO] worker 6 message 45
2025-10-05 18:26:22 [T139716863178432] [INFO] worker 11 message 45
2025-10-05 18:26:22 [T139716852709056] [INFO] worker 3 message 34
2025-10-05 18:26:22 [T139716986967744] [INFO] worker 5 message 54
2025-10-05 18:26:22 [T139717012145856] [INFO] worker 0 message 54
2025-10-05 18:26:22 [T139716888356544] [INFO] worker 8 message 34
2025-10-05 18:26:22 [T139716083050176] [INFO] worker 13 message 34
2025-10-05 18:26:22 [T139716871571136] [INFO] worker 10 message 54
2025-10-05 18:26:22 [T139716066264768] [INFO] worker 15 message 54
2025-10-05 18:26:22 [T139716995360448] [INFO] worker 2 message 39
2025-10-05 18:26:22 [T139716896749248] [INFO] worker 7 message 39
2025-10-05 18:26:22 [T139716091442880] [INFO] worker 12 message 39
2025-10-05 18:26:22 [T139717003753152] [INFO] worker 1 message 46
2025-10-05 18:26:22 [T139716986967744] [INFO] worker 5 message 55
2025-10-05 18:26:22 [T139717012145856] [INFO] worker 0 message 55
2025-10-05 18:26:22 [T139716978575040] [INFO] worker 6 message 46
2025-10-05 18:26:22 [T139716863178432] [INFO] worker 11 message 46
2025-10-05 18:26:22 [T139716871571136] [INFO] worker 10 message 55
2025-10-05 18:26:22 [T139716066264768] [INFO] worker 15 message 55
2025-10-05 18:26:22 [T139716844316352] [INFO] worker 4 message 31
2025-10-05 18:26:22 [T139716879963840] [INFO] worker 9 message 31
2025-10-05 18:26:22 [T139716074657472] [INFO] worker 14 message 31
2025-10-05 18:26:22 [T139716852709056] [INFO] worker 3 message 35
2025-10-05 18:26:22 [T139716888356544] [INFO] worker 8 message 35
2025-10-05 18:26:22 [T139716995360448] [INFO] worker 2 message 40
2025-10-05 18:26:22 [T139716896749248] [INFO] worker 7 message 40
2025-10-05 18:26:22 [T139716083050176] [INFO] worker 13 message 35
2025-10-05 18:26:22 [T139716091442880] [INFO] worker 12 message 40
2025-10-05 18:26:22 [T139716986967744] [INFO] worker 5 message 56
2025-10-05 18:26:22 [T139717012145856] [INFO] worker 0 message 56
2025-10-05 18:26:22 [T139716871571136] [INFO] worker 10 message 56
2025-10-05 18:26:22 [T139716066264768] [INFO] worker 15 message 56
2025-10-05 18:26:22 [T139717003753152] [INFO] worker 1 message 47
2025-10-05 18:26:22 [T139716978575040] [INFO] worker 6 message 47
2025-10-05 18:26:22 [T139716863178432] [INFO] worker 11 message 47
2025-10-05 18:26:22 [T139716986967744] [INFO] worker 5 message 57
2025-10-05 18:26:22 [T139717012145856] [INFO] worker 0 message 57
2025-10-05 18:26:22 [T139716995360448] [INFO] worker 2 message 41
2025-10-05 18:26:22 [T139716896749248] [INFO] worker 7 message 41
2025-10-05 18:26:22 [T139716871571136] [INFO] worker 10 message 57
2025-10-05 18:26:22 [T139716066264768] [INFO] worker 15 message 57
2025-10-05 18:26:22 [T139716091442880] [INFO] worker 12 message 41
2025-10-05 18:26:22 [T139716844316352] [INFO] worker 4 message 32
2025-10-05 18:26:22 [T139716879963840] [INFO] worker 9 message 32
2025-10-05 18:26:22 [T139716852709056] [INFO] worker 3 message 36
2025-10-05 18:26:22 [T139716888356544] [INFO] worker 8 message 36
2025-10-05 18:26:22 [T139716074657472] [INFO] worker 14 message 32
2025-10-05 18:26:22 [T139716083050176] [INFO] worker 13 message 36
2025-10-05 18:26:22 [T139717003753152] [INFO] worker 1 message 48
2025-10-05 18:26:22 [T139716978575040] [INFO] worker 6 message 48
2025-10-05 18:26:22 [T139716863178432] [INFO] worker 11 message 48
2025-10-05 18:26:22 [T139716986967744] [INFO] worker 5 message 58
2025-10-05 18:26:22 [T139717012145856] [INFO] worker 0 message 58
2025-10-05 18:26:22 [T139716871571136] [INFO] worker 10 message 58
2025-10-05 18:26:22 [T139716066264768] [INFO] worker 15 message 58
2025-10-05 18:26:22 [T139716995360448] [INFO] worker 2 message 42
2025-10-05 18:26:22 [T139716896749248] [INFO] worker 7 message 42
2025-10-05 18:26:22 [T139716091442880] [INFO] worker 12 message 42
2025-10-05 18:26:22 [T139717003753152] [INFO] worker 1 message 49
2025-10-05 18:26:22 [T139716978575040] [INFO] worker 6 message 49
2025-10-05 18:26:22 [T139716863178432] [INFO] worker 11 message 49
2025-10-05 18:26:22 [T139716852709056] [INFO] worker 3 message 37
2025-10-05 18:26:22 [T139716888356544] [INFO] worker 8 message 37
2025-10-05 18:26:22 [T139716083050176] [INFO] worker 13 message 37
2025-10-05 18:26:22 [T139716844316352] [INFO] worker 4 message 33
2025-10-05 18:26:22 [T139716879963840] [INFO] worker 9 message 33
2025-10-05 18:26:22 [T139716074657472] [INFO] worker 14 message 33
2025-10-05 18:26:22 [T139716986967744] [INFO] worker 5 message 59
2025-10-05 18:26:22 [T139717012145856] [INFO] worker 0 message 59
2025-10-05 18:26:22 [T139716871571136] [INFO] worker 10 message 59
2025-10-05 18:26:22 [T139716066264768] [INFO] worker 15 message 59
2025-10-05 18:26:22 [T139717003753152] [INFO] worker 1 message 50
2025-10-05 18:26:22 [T139716978575040] [INFO] worker 6 message 50
2025-10-05 18:26:22 [T139716863178432] [INFO] worker 11 message 50
2025-10-05 18:26:22 [T139716995360448] [INFO] worker 2 message 43
2025-10-05 18:26:22 [T139716896749248] [INFO] worker 7 message 43
2025-10-05 18:26:22 [T139716091442880] [INFO] worker 12 message 43
2025-10-05 18:26:22 [T139716986967744] [INFO] worker 5 message 60
2025-10-05 18:26:22 [T139717012145856] [INFO] worker 0 message 60
2025-10-05 18:26:22 [T139716871571136] [INFO] worker 10 message 60
2025-10-05 18:26:22 [T139716066264768] [INFO] worker 15 message 60
2025-10-05 18:26:22 [T139716852709056] [INFO] worker 3 message 38
2025-10-05 18:26:22 [T139716888356544] [INFO] worker 8 message 38
2025-10-05 18:26:22 [T139716083050176] [INFO] worker 13 message 38
2025-10-05 18:26:22 [T139716844316352] [INFO] worker 4 message 34
2025-10-05 18:26:22 [T139716879963840] [INFO] worker 9 message 34
2025-10-05 18:26:22 [T139716074657472] [INFO] worker 14 message 34
2025-10-05 18:26:22 [T139717003753152] [INFO] worker 1 message 51
2025-10-05 18:26:22 [T139716863178432] [INFO] worker 11 message 51
2025-10-05 18:26:22 [T139716978575040] [INFO] worker 6 message 51
2025-10-05 18:26:22 [T139716986967744] [INFO] worker 5 message 61
2025-10-05 18:26:22 [T139717012145856] [INFO] worker 0 message 61
2025-10-05 18:26:22 [T139716871571136] [INFO] worker 10 message 61
2025-10-05 18:26:22 [T139716066264768] [INFO] worker 15 message 61
2025-10-05 18:26:22 [T139716995360448] [INFO] worker 2 message 44
2025-10-05 18:26:22 [T139716896749248] [INFO] worker 7 message 44
2025-10-05 18:26:22 [T139716091442880] [INFO] worker 12 message 44
2025-10-05 18:26:22 [T139716852709056] [INFO] worker 3 message 39
2025-10-05 18:26:22 [T139716888356544] [INFO] worker 8 message 39
2025-10-05 18:26:22 [T139716986967744] [INFO] worker 5 message 62
2025-10-05 18:26:22 [T139717012145856] [INFO] worker 0 message 62
2025-10-05 18:26:22 [T139716083050176] [INFO] worker 13 message 39
2025-10-05 18:26:22 [T139716871571136] [INFO] worker 10 message 62
2025-10-05 18:26:22 [T139716066264768] [INFO] worker 15 message 62
2025-10-05 18:26:22 [T139717003753152] [INFO] worker 1 message 52
2025-10-05 18:26:22 [T139716863178432] [INFO] worker 11 message 52
2025-10-05 18:26:22 [T139716978575040] [INFO] worker 6 message 52
2025-10-05 18:26:22 [T139716844316352] [INFO] worker 4 message 35
2025-10-05 18:26:22 [T139716879963840] [INFO] worker 9 message 35
2025-10-05 18:26:22 [T139716074657472] [INFO] worker 14 message 35
2025-10-05 18:26:22 [T139716995360448] [INFO] worker 2 message 45
2025-10-05 18:26:22 [T139716896749248] [INFO] worker 7 message 45
2025-10-05 18:26:22 [T139716091442880] [INFO] worker 12 message 45
2025-10-05 18:26:22 [T139716986967744] [INFO] worker 5 message 63
2025-10-05 18:26:22 [T139717012145856] [INFO] worker 0 message 63
2025-10-05 18:26:22 [T139716871571136] [INFO] worker 10 message 63
2025-10-05 18:26:22 [T139716066264768] [INFO] worker 15 message 63
2025-10-05 18:26:22 [T139717003753152] [INFO] worker 1 message 53
2025-10-05 18:26:22 [T139716863178432] [INFO] worker 11 message 53
2025-10-05 18:26:22 [T139716978575040] [INFO] worker 6 message 53
2025-10-05 18:26:22 [T139716852709056] [INFO] worker 3 message 40
2025-10-05 18:26:22 [T139716888356544] [INFO] worker 8 message 40
2025-10-05 18:26:22 [T139716083050176] [INFO] worker 13 message 40
2025-10-05 18:26:22 [T139716995360448] [INFO] worker 2 message 46
2025-10-05 18:26:22 [T139716896749248] [INFO] worker 7 message 46
2025-10-05 18:26:22 [T139716986967744] [INFO] worker 5 message 64
2025-10-05 18:26:22 [T139717012145856] [INFO] worker 0 message 64
2025-10-05 18:26:22 [T139716091442880] [INFO] worker 12 message 46
2025-10-05 18:26:22 [T139716871571136] [INFO] worker 10 message 64
2025-10-05 18:26:22 [T139716066264768] [INFO] worker 15 message 64
2025-10-05 18:26:22 [T139716879963840] [INFO] worker 9 message 36
2025-10-05 18:26:22 [T139716844316352] [INFO] worker 4 message 36
2025-10-05 18:26:22 [T139716074657472] [INFO] worker 14 message 36
2025-10-05 18:26:22 [T139717003753152] [INFO] worker 1 message 54
2025-10-05 18:26:22 [T139716978575040] [INFO] worker 6 message 54
2025-10-05 18:26:22 [T139716863178432] [INFO] worker 11 message 54
2025-10-05 18:26:22 [T139717012145856] [INFO] worker 0 message 65
2025-10-05 18:26:22 [T139716986967744] [INFO] worker 5 message 65
2025-10-05 18:26:22 [T139716871571136] [INFO] worker 10 message 65
2025-10-05 18:26:22 [T139716066264768] [INFO] worker 15 message 65
2025-10-05 18:26:22 [T139716852709056] [INFO] worker 3 message 41
2025-10-05 18:26:22 [T139716888356544] [INFO] worker 8 message 41
2025-10-05 18:26:22 [T139716083050176] [INFO] worker 13 message 41
2025-10-05 18:26:22 [T139716896749248] [INFO] worker 7 message 47
2025-10-05 18:26:22 [T139716995360448] [INFO] worker 2 message 47
2025-10-05 18:26:22 [T139716091442880] [INFO] worker 12 message 47
2025-10-05 18:26:22 [T139716978575040] [INFO] worker 6 message 55
2025-10-05 18:26:22 [T139717003753152] [INFO] worker 1 message 55
2025-10-05 18:26:22 [T139716863178432] [INFO] worker 11 message 55
2025-10-05 18:26:22 [T139717012145856] [INFO] worker 0 message 66
2025-10-05 18:26:22 [T139716986967744] [INFO] worker 5 message 66
2025-10-05 18:26:22 [T139716879963840] [INFO] worker 9 message 37
2025-10-05 18:26:22 [T139716844316352] [INFO] worker 4 message 37
2025-10-05 18:26:22 [T139716871571136] [INFO] worker 10 message 66
2025-10-05 18:26:22 [T139716066264768] [INFO] worker 15 message 66
2025-10-05 18:26:22 [T139716074657472] [INFO] worker 14 message 37
2025-10-05 18:26:22 [T139716852709056] [INFO] worker 3 message 42
2025-10-05 18:26:22 [T139716888356544] [INFO] worker 8 message 42
2025-10-05 18:26:22 [T139716083050176] [INFO] worker 13 message 42
2025-10-05 18:26:22 [T139716896749248] [INFO] worker 7 message 48
2025-10-05 18:26:22 [T139716995360448] [INFO] worker 2 message 48
2025-10-05 18:26:22 [T139716091442880] [INFO] worker 12 message 48
2025-10-05 18:26:22 [T139716978575040] [INFO] worker 6 message 56
2025-10-05 18:26:22 [T139717003753152] [INFO] worker 1 message 56
2025-10-05 18:26:22 [T139716863178432] [INFO] worker 11 message 56
2025-10-05 18:26:22 [T139717012145856] [INFO] worker 0 message 67
2025-10-05 18:26:22 [T139716986967744] [INFO] worker 5 message 67
2025-10-05 18:26:22 [T139716871571136] [INFO] worker 10 message 67
2025-10-05 18:26:22 [T139716066264768] [INFO] worker 15 message 67
2025-10-05 18:26:22 [T139716879963840] [INFO] worker 9 message 38
2025-10-05 18:26:22 [T139716844316352] [INFO] worker 4 message 38
2025-10-05 18:26:22 [T139716074657472] [INFO] worker 14 message 38
2025-10-05 18:26:22 [T139716986967744] [INFO] worker 5 message 68
2025-10-05 18:26:22 [T139717012145856] [INFO] worker 0 message 68
2025-10-05 18:26:22 [T139716871571136] [INFO] worker 10 message 68
2025-10-05 18:26:22 [T139716066264768] [INFO] worker 15 message 68
2025-10-05 18:26:22 [T139716978575040] [INFO] worker 6 message 57
2025-10-05 18:26:22 [T139717003753152] [INFO] worker 1 message 57
2025-10-05 18:26:22 [T139716995360448] [INFO] worker 2 message 49
2025-10-05 18:26:22 [T139716896749248] [INFO] worker 7 message 49
2025-10-05 18:26:22 [T139716863178432] [INFO] worker 11 message 57
2025-10-05 18:26:22 [T139716091442880] [INFO] worker 12 message 49
2025-10-05 18:26:22 [T139716852709056] [INFO] worker 3 message 43
2025-10-05 18:26:22 [T139716888356544] [INFO] worker 8 message 43
2025-10-05 18:26:22 [T139716083050176] [INFO] worker 13 message 43
2025-10-05 18:26:22 [T139716986967744] [INFO] worker 5 message 69
2025-10-05 18:26:22 [T139717012145856] [INFO] worker 0 message 69
2025-10-05 18:26:22 [T139716871571136] [INFO] worker 10 message 69
2025-10-05 18:26:22 [T139716066264768] [INFO] worker 15 message 69
2025-10-05 18:26:22 [T139716978575040] [INFO] worker 6 message 58
2025-10-05 18:26:22 [T139717003753152] [INFO] worker 1 message 58
2025-10-05 18:26:22 [T139716863178432] [INFO] worker 11 message 58
2025-10-05 18:26:22 [T139716995360448] [INFO] worker 2 message 50
2025-10-05 18:26:22 [T139716896749248] [INFO] worker 7 message 50
2025-10-05 18:26:22 [T139716879963840] [INFO] worker 9 message 39
2025-10-05 18:26:22 [T139716844316352] [INFO] worker 4 message 39
2025-10-05 18:26:22 [T139716091442880] [INFO] worker 12 message 50
2025-10-05 18:26:22 [T139716074657472] [INFO] worker 14 message 39
2025-10-05 18:26:22 [T139716852709056] [INFO] worker 3 message 44
2025-10-05 18:26:22 [T139716888356544] [INFO] worker 8 message 44
2025-10-05 18:26:22 [T139716083050176] [INFO] worker 13 message 44
2025-10-05 18:26:22 [T139716986967744] [INFO] worker 5 message 70
2025-10-05 18:26:22 [T139717012145856] [INFO] worker 0 message 70
2025-10-05 18:26:22 [T139716871571136] [INFO] worker 10 message 70
2025-10-05 18:26:22 [T139716066264768] [INFO] worker 15 message 70
2025-10-05 18:26:22 [T139716978575040] [INFO] worker 6 message 59
2025-10-05 18:26:22 [T139717003753152] [INFO] worker 1 message 59
2025-10-05 18:26:22 [T139716863178432] [INFO] worker 11 message 59
2025-10-05 18:26:22 [T139716995360448] [INFO] worker 2 message 51
2025-10-05 18:26:22 [T139716896749248] [INFO] worker 7 message 51
2025-10-05 18:26:22 [T139716986967744] [INFO] worker 5 message 71
2025-10-05 18:26:22 [T139717012145856] [INFO] worker 0 message 71
2025-10-05 18:26:22 [T139716091442880] [INFO] worker 12 message 51
2025-10-05 18:26:22 [T139716871571136] [INFO] worker 10 message 71
2025-10-05 18:26:22 [T139716066264768] [INFO] worker 15 message 71
2025-10-05 18:26:22 [T139716879963840] [INFO] worker 9 message 40
2025-10-05 18:26:22 [T139716844316352] [INFO] worker 4 message 40
2025-10-05 18:26:22 [T139716074657472] [INFO] worker 14 message 40
2025-10-05 18:26:22 [T139716852709056] [INFO] worker 3 message 45
2025-10-05 18:26:22 [T139716888356544] [INFO] worker 8 message 45
2025-10-05 18:26:22 [T139716083050176] [INFO] worker 13 message 45
2025-10-05 18:26:22 [T139716978575040] [INFO] worker 6 message 60
2025-10-05 18:26:22 [T139717003753152] [INFO] worker 1 message 60
2025-10-05 18:26:22 [T139716863178432] [INFO] worker 11 message 60
2025-10-05 18:26:22 [T139716986967744] [INFO] worker 5 message 72
2025-10-05 18:26:22 [T139717012145856] [INFO] worker 0 message 72
2025-10-05 18:26:22 [T139716871571136] [INFO] worker 10 message 72
2025-10-05 18:26:22 [T139716066264768] [INFO] worker 15 message 72
2025-10-05 18:26:22 [T139716995360448] [INFO] worker 2 message 52
2025-10-05 18:26:22 [T139716896749248] [INFO] worker 7 message 52
2025-10-05 18:26:22 [T139716091442880] [INFO] worker 12 message 52
2025-10-05 18:26:22 [T139716978575040] [INFO] worker 6 message 61
2025-10-05 18:26:22 [T139717003753152] [INFO] worker 1 message 61
2025-10-05 18:26:22 [T139716863178432] [INFO] worker 11 message 61
2025-10-05 18:26:22 [T139716986967744] [INFO] worker 5 message 73
2025-10-05 18:26:22 [T139717012145856] [INFO] worker 0 message 73
2025-10-05 18:26:22 [T139716852709056] [INFO] worker 3 message 46
2025-10-05 18:26:22 [T139716888356544] [INFO] worker 8 message 46
2025-10-05 18:26:22 [T139716871571136] [INFO] worker 10 message 73
2025-10-05 18:26:22 [T139716083050176] [INFO] worker 13 message 46
2025-10-05 18:26:22 [T139716066264768] [INFO] worker 15 message 73
2025-10-05 18:26:22 [T139716879963840] [INFO] worker 9 message 41
2025-10-05 18:26:22 [T139716844316352] [INFO] worker 4 message 41
2025-10-05 18:26:22 [T139716074657472] [INFO] worker 14 message 41
2025-10-05 18:26:22 [T139716995360448] [INFO] worker 2 message 53
2025-10-05 18:26:22 [T139716896749248] [INFO] worker 7 message 53
2025-10-05 18:26:22 [T139716091442880] [INFO] worker 12 message 53
2025-10-05 18:26:22 [T139716986967744] [INFO] worker 5 message 74
2025-10-05 18:26:22 [T139717012145856] [INFO] worker 0 message 74
2025-10-05 18:26:22 [T139716871571136] [INFO] worker 10 message 74
2025-10-05 18:26:22 [T139716066264768] [INFO] worker 15 message 74
2025-10-05 18:26:22 [T139716978575040] [INFO] worker 6 message 62
2025-10-05 18:26:22 [T139717003753152] [INFO] worker 1 message 62
2025-10-05 18:26:22 [T139716863178432] [INFO] worker 11 message 62
2025-10-05 18:26:22 [T139716852709056] [INFO] worker 3 message 47
2025-10-05 18:26:22 [T139716888356544] [INFO] worker 8 message 47
2025-10-05 18:26:22 [T139716083050176] [INFO] worker 13 message 47
2025-10-05 18:26:22 [T139716879963840] [INFO] worker 9 message 42
2025-10-05 18:26:22 [T139716986967744] [INFO] worker 5 message 75
2025-10-05 18:26:22 [T139716844316352] [INFO] worker 4 message 42
2025-10-05 18:26:22 [T139717012145856] [INFO] worker 0 message 75
2025-10-05 18:26:22 [T139716074657472] [INFO] worker 14 message 42
2025-10-05 18:26:22 [T139716871571136] [INFO] worker 10 message 75
2025-10-05 18:26:22 [T139716066264768] [INFO] worker 15 message 75
2025-10-05 18:26:22 [T139716995360448] [INFO] worker 2 message 54
2025-10-05 18:26:22 [T139716896749248] [INFO] worker 7 message 54
2025-10-05 18:26:22 [T139716091442880] [INFO] worker 12 message 54
2025-10-05 18:26:22 [T139717003753152] [INFO] worker 1 message 63
2025-10-05 18:26:22 [T139716978575040] [INFO] worker 6 message 63
2025-10-05 18:26:22 [T139716863178432] [INFO] worker 11 message 63
2025-10-05 18:26:22 [T139716986967744] [INFO] worker 5 message 76
2025-10-05 18:26:22 [T139717012145856] [INFO] worker 0 message 76
2025-10-05 18:26:22 [T139716871571136] [INFO] worker 10 message 76
2025-10-05 18:26:22 [T139716066264768] [INFO] worker 15 message 76
2025-10-05 18:26:22 [T139716852709056] [INFO] worker 3 message 48
2025-10-05 18:26:22 [T139716888356544] [INFO] worker 8 message 48
2025-10-05 18:26:22 [T139716083050176] [INFO] worker 13 message 48
2025-10-05 18:26:22 [T139716995360448] [INFO] worker 2 message 55
2025-10-05 18:26:22 [T139716896749248] [INFO] worker 7 message 55
2025-10-05 18:26:22 [T139717003753152] [INFO] worker 1 message 64
2025-10-05 18:26:22 [T139716978575040] [INFO] worker 6 message 64
2025-10-05 18:26:22 [T139716863178432] [INFO] worker 11 message 64
2025-10-05 18:26:22 [T139716091442880] [INFO] worker 12 message 55
2025-10-05 18:26:22 [T139716879963840] [INFO] worker 9 message 43
2025-10-05 18:26:22 [T139716844316352] [INFO] worker 4 message 43
2025-10-05 18:26:22 [T139716074657472] [INFO] worker 14 message 43
2025-10-05 18:26:22 [T139716986967744] [INFO] worker 5 message 77
2025-10-05 18:26:22 [T139717012145856] [INFO] worker 0 message 77
2025-10-05 18:26:22 [T139716871571136] [INFO] worker 10 message 77
2025-10-05 18:26:22 [T139716066264768] [INFO] worker 15 message 77
2025-10-05 18:26:22 [T139717003753152] [INFO] worker 1 message 65
2025-10-05 18:26:22 [T139716978575040] [INFO] worker 6 message 65
2025-10-05 18:26:22 [T139716863178432] [INFO] worker 11 message 65
2025-10-05 18:26:22 [T139716852709056] [INFO] worker 3 message 49
2025-10-05 18:26:22 [T139716888356544] [INFO] worker 8 message 49
2025-10-05 18:26:22 [T139716083050176] [INFO] worker 13 message 49
2025-10-05 18:26:22 [T139716995360448] [INFO] worker 2 message 56
2025-10-05 18:26:22 [T139716896749248] [INFO] worker 7 message 56
2025-10-05 18:26:22 [T139716986967744] [INFO] worker 5 message 78
2025-10-05 18:26:22 [T139717012145856] [INFO] worker 0 message 78
2025-10-05 18:26:22 [T139716091442880] [INFO] worker 12 message 56
2025-10-05 18:26:22 [T139716871571136] [INFO] worker 10 message 78
2025-10-05 18:26:22 [T139716066264768] [INFO] worker 15 message 78
2025-10-05 18:26:22 [T139716879963840] [INFO] worker 9 message 44
2025-10-05 18:26:22 [T139716844316352] [INFO] worker 4 message 44
2025-10-05 18:26:22 [T139716074657472] [INFO] worker 14 message 44
2025-10-05 18:26:22 [T139717003753152] [INFO] worker 1 message 66
2025-10-05 18:26:22 [T139716978575040] [INFO] worker 6 message 66
2025-10-05 18:26:22 [T139716863178432] [INFO] worker 11 message 66
2025-10-05 18:26:22 [T139716986967744] [INFO] worker 5 message 79
2025-10-05 18:26:22 [T139717012145856] [INFO] worker 0 message 79
2025-10-05 18:26:22 [T139716871571136] [INFO] worker 10 message 79
2025-10-05 18:26:22 [T139716066264768] [INFO] worker 15 message 79
2025-10-05 18:26:22 [T139716896749248] [INFO] worker 7 message 57
2025-10-05 18:26:22 [T139716995360448] [INFO] worker 2 message 57
2025-10-05 18:26:22 [T139716852709056] [INFO] worker 3 message 50
2025-10-05 18:26:22 [T139716091442880] [INFO] worker 12 message 57
2025-10-05 18:26:22 [T139716888356544] [INFO] worker 8 message 50
2025-10-05 18:26:22 [T139716083050176] [INFO] worker 13 message 50
2025-10-05 18:26:22 [T139716986967744] [INFO] worker 5 message 80
2025-10-05 18:26:22 [T139717012145856] [INFO] worker 0 message 80
2025-10-05 18:26:22 [T139716871571136] [INFO] worker 10 message 80
2025-10-05 18:26:22 [T139716066264768] [INFO] worker 15 message 80
2025-10-05 18:26:22 [T139717003753152] [INFO] worker 1 message 67
2025-10-05 18:26:22 [T139716978575040] [INFO] worker 6 message 67
2025-10-05 18:26:22 [T139716863178432] [INFO] worker 11 message 67
2025-10-05 18:26:22 [T139716879963840] [INFO] worker 9 message 45
2025-10-05 18:26:22 [T139716844316352] [INFO] worker 4 message 45
2025-10-05 18:26:22 [T139716074657472] [INFO] worker 14 message 45
2025-10-05 18:26:22 [T139716896749248] [INFO] worker 7 message 58
2025-10-05 18:26:22 [T139716995360448] [INFO] worker 2 message 58
2025-10-05 18:26:22 [T139716091442880] [INFO] worker 12 message 58
2025-10-05 18:26:22 [T139716852709056] [INFO] worker 3 message 51
2025-10-05 18:26:22 [T139716986967744] [INFO] worker 5 message 81
2025-10-05 18:26:22 [T139716888356544] [INFO] worker 8 message 51
2025-10-05 18:26:22 [T139717012145856] [INFO] worker 0 message 81
2025-10-05 18:26:22 [T139716083050176] [INFO] worker 13 message 51
2025-10-05 18:26:22 [T139716871571136] [INFO] worker 10 message 81
2025-10-05 18:26:22 [T139716066264768] [INFO] worker 15 message 81
2025-10-05 18:26:22 [T139717003753152] [INFO] worker 1 message 68
2025-10-05 18:26:22 [T139716978575040] [INFO] worker 6 message 68
2025-10-05 18:26:22 [T139716863178432] [INFO] worker 11 message 68
2025-10-05 18:26:22 [T139716986967744] [INFO] worker 5 message 82
2025-10-05 18:26:22 [T139717012145856] [INFO] worker 0 message 82
2025-10-05 18:26:22 [T139716871571136] [INFO] worker 10 message 82
2025-10-05 18:26:22 [T139716896749248] [INFO] worker 7 message 59
2025-10-05 18:26:22 [T139716995360448] [INFO] worker 2 message 59
2025-10-05 18:26:22 [T139716066264768] [INFO] worker 15 message 82
2025-10-05 18:26:22 [T139716879963840] [INFO] worker 9 message 46
2025-10-05 18:26:22 [T139716844316352] [INFO] worker 4 message 46
2025-10-05 18:26:22 [T139716074657472] [INFO] worker 14 message 46
2025-10-05 18:26:22 [T139716091442880] [INFO] worker 12 message 59
2025-10-05 18:26:22 [T139717003753152] [INFO] worker 1 message 69
2025-10-05 18:26:22 [T139716863178432] [INFO] worker 11 message 69
2025-10-05 18:26:22 [T139716978575040] [INFO] worker 6 message 69
2025-10-05 18:26:22 [T139716852709056] [INFO] worker 3 message 52
2025-10-05 18:26:22 [T139716888356544] [INFO] worker 8 message 52
2025-10-05 18:26:22 [T139716083050176] [INFO] worker 13 message 52
2025-10-05 18:26:22 [T139716986967744] [INFO] worker 5 message 83
2025-10-05 18:26:22 [T139717012145856] [INFO] worker 0 message 83
2025-10-05 18:26:22 [T139716871571136] [INFO] worker 10 message 83
2025-10-05 18:26:22 [T139716066264768] [INFO] worker 15 message 83
2025-10-05 18:26:22 [T139716995360448] [INFO] worker 2 message 60
2025-10-05 18:26:22 [T139716896749248] [INFO] worker 7 message 60
2025-10-05 18:26:22 [T139716091442880] [INFO] worker 12 message 60
2025-10-05 18:26:22 [T139717003753152] [INFO] worker 1 message 70
2025-10-05 18:26:22 [T139716863178432] [INFO] worker 11 message 70
2025-10-05 18:26:22 [T139716978575040] [INFO] worker 6 message 70
2025-10-05 18:26:22 [T139716879963840] [INFO] worker 9 message 47
2025-10-05 18:26:22 [T139716844316352] [INFO] worker 4 message 47
2025-10-05 18:26:22 [T139716074657472] [INFO] worker 14 message 47
2025-10-05 18:26:22 [T139716986967744] [INFO] worker 5 message 84
2025-10-05 18:26:22 [T139717012145856] [INFO] worker 0 message 84
2025-10-05 18:26:22 [T139716871571136] [INFO] worker 10 message 84
2025-10-05 18:26:22 [T139716066264768] [INFO] worker 15 message 84
2025-10-05 18:26:22 [T139716852709056] [INFO] worker 3 message 53
2025-10-05 18:26:22 [T139716888356544] [INFO] worker 8 message 53
2025-10-05 18:26:22 [T139716083050176] [INFO] worker 13 message 53
2025-10-05 18:26:22 [T139716995360448] [INFO] worker 2 message 61
2025-10-05 18:26:22 [T139716896749248] [INFO] worker 7 message 61
2025-10-05 18:26:22 [T139717003753152] [INFO] worker 1 message 71
2025-10-05 18:26:22 [T139716863178432] [INFO] worker 11 message 71
2025-10-05 18:26:22 [T139716978575040] [INFO] worker 6 message 71
2025-10-05 18:26:22 [T139716091442880] [INFO] worker 12 message 61
2025-10-05 18:26:22 [T139716986967744] [INFO] worker 5 message 85
2025-10-05 18:26:22 [T139717012145856] [INFO] worker 0 message 85
2025-10-05 18:26:22 [T139716871571136] [INFO] worker 10 message 85
2025-10-05 18:26:22 [T139716066264768] [INFO] worker 15 message 85
2025-10-05 18:26:22 [T139716879963840] [INFO] worker 9 message 48
2025-10-05 18:26:22 [T139716844316352] [INFO] worker 4 message 48
2025-10-05 18:26:22 [T139716074657472] [INFO] worker 14 message 48
2025-10-05 18:26:22 [T139716852709056] [INFO] worker 3 message 54
2025-10-05 18:26:22 [T139716888356544] [INFO] worker 8 message 54
2025-10-05 18:26:22 [T139716083050176] [INFO] worker 13 message 54
2025-10-05 18:26:22 [T139716986967744] [INFO] worker 5 message 86
2025-10-05 18:26:22 [T139717012145856] [INFO] worker 0 message 86
2025-10-05 18:26:22 [T139716871571136] [INFO] worker 10 message 86
2025-10-05 18:26:22 [T139716066264768] [INFO] worker 15 message 86
2025-10-05 18:26:22 [T139717003753152] [INFO] worker 1 message 72
2025-10-05 18:26:22 [T139716863178432] [INFO] worker 11 message 72
2025-10-05 18:26:22 [T139716978575040] [INFO] worker 6 message 72
2025-10-05 18:26:22 [T139716995360448] [INFO] worker 2 message 62
2025-10-05 18:26:22 [T139716896749248] [INFO] worker 7 message 62
2025-10-05 18:26:22 [T139716091442880] [INFO] worker 12 message 62
2025-10-05 18:26:22 [T139716986967744] [INFO] worker 5 message 87
2025-10-05 18:26:22 [T139717012145856] [INFO] worker 0 message 87
2025-10-05 18:26:22 [T139716871571136] [INFO] worker 10 message 87
2025-10-05 18:26:22 [T139716066264768] [INFO] worker 15 message 87
2025-10-05 18:26:22 [T139717003753152] [INFO] worker 1 message 73
2025-10-05 18:26:22 [T139716863178432] [INFO] worker 11 message 73
2025-10-05 18:26:22 [T139716978575040] [INFO] worker 6 message 73
2025-10-05 18:26:22 [T139716852709056] [INFO] worker 3 message 55
2025-10-05 18:26:22 [T139716888356544] [INFO] worker 8 message 55
2025-10-05 18:26:22 [T139716083050176] [INFO] worker 13 message 55
2025-10-05 18:26:22 [T139716879963840] [INFO] worker 9 message 49
2025-10-05 18:26:22 [T139716844316352] [INFO] worker 4 message 49
2025-10-05 18:26:22 [T139716074657472] [INFO] worker 14 message 49
2025-10-05 18:26:22 [T139716995360448] [INFO] worker 2 message 63
2025-10-05 18:26:22 [T139716896749248] [INFO] worker 7 message 63
2025-10-05 18:26:22 [T139716091442880] [INFO] worker 12 message 63
2025-10-05 18:26:22 [T139716986967744] [INFO] worker 5 message 88
2025-10-05 18:26:22 [T139717012145856] [INFO] worker 0 message 88
2025-10-05 18:26:22 [T139716871571136] [INFO] worker 10 message 88
2025-10-05 18:26:22 [T139716066264768] [INFO] worker 15 message 88
2025-10-05 18:26:22 [T139717003753152] [INFO] worker 1 message 74
2025-10-05 18:26:22 [T139716863178432] [INFO] worker 11 message 74
2025-10-05 18:26:22 [T139716978575040] [INFO] worker 6 message 74
2025-10-05 18:26:22 [T139716852709056] [INFO] worker 3 message 56
2025-10-05 18:26:22 [T139716888356544] [INFO] worker 8 message 56
2025-10-05 18:26:22 [T139716083050176] [INFO] worker 13 message 56
2025-10-05 18:26:22 [T139716986967744] [INFO] worker 5 message 89
2025-10-05 18:26:22 [T139717012145856] [INFO] worker 0 message 89
2025-10-05 18:26:22 [T139716871571136] [INFO] worker 10 message 89
2025-10-05 18:26:22 [T139716995360448] [INFO] worker 2 message 64
2025-10-05 18:26:22 [T139716896749248] [INFO] worker 7 message 64
2025-10-05 18:26:22 [T139716066264768] [INFO] worker 15 message 89
2025-10-05 18:26:22 [T139716091442880] [INFO] worker 12 message 64
2025-10-05 18:26:22 [T139716879963840] [INFO] worker 9 message 50
2025-10-05 18:26:22 [T139716844316352] [INFO] worker 4 message 50
2025-10-05 18:26:22 [T139716074657472] [INFO] worker 14 message 50
2025-10-05 18:26:22 [T139717003753152] [INFO] worker 1 message 75
2025-10-05 18:26:22 [T139716863178432] [INFO] worker 11 message 75
2025-10-05 18:26:22 [T139716978575040] [INFO] worker 6 message 75
2025-10-05 18:26:22 [T139716986967744] [INFO] worker 5 message 90
2025-10-05 18:26:22 [T139717012145856] [INFO] worker 0 message 90
2025-10-05 18:26:22 [T139716871571136] [INFO] worker 10 message 90
2025-10-05 18:26:22 [T139716066264768] [INFO] worker 15 message 90
2025-10-05 18:26:22 [T139716995360448] [INFO] worker 2 message 65
2025-10-05 18:26:22 [T139716896749248] [INFO] worker 7 message 65
2025-10-05 18:26:22 [T139716852709056] [INFO] worker 3 message 57
2025-10-05 18:26:22 [T139716888356544] [INFO] worker 8 message 57
2025-10-05 18:26:22 [T139716083050176] [INFO] worker 13 message 57
2025-10-05 18:26:22 [T139716091442880] [INFO] worker 12 message 65
2025-10-05 18:26:22 [T139717003753152] [INFO] worker 1 message 76
2025-10-05 18:26:22 [T139716863178432] [INFO] worker 11 message 76
2025-10-05 18:26:22 [T139716978575040] [INFO] worker 6 message 76
2025-10-05 18:26:22 [T139716986967744] [INFO] worker 5 message 91
2025-10-05 18:26:22 [T139717012145856] [INFO] worker 0 message 91
2025-10-05 18:26:22 [T139716871571136] [INFO] worker 10 message 91
2025-10-05 18:26:22 [T139716879963840] [INFO] worker 9 message 51
2025-10-05 18:26:22 [T139716844316352] [INFO] worker 4 message 51
2025-10-05 18:26:22 [T139716066264768] [INFO] worker 15 message 91
2025-10-05 18:26:22 [T139716074657472] [INFO] worker 14 message 51
2025-10-05 18:26:22 [T139716896749248] [INFO] worker 7 message 66
2025-10-05 18:26:22 [T139716995360448] [INFO] worker 2 message 66
2025-10-05 18:26:22 [T139716091442880] [INFO] worker 12 message 66
2025-10-05 18:26:22 [T139716986967744] [INFO] worker 5 message 92
2025-10-05 18:26:22 [T139717012145856] [INFO] worker 0 message 92
2025-10-05 18:26:22 [T139716871571136] [INFO] worker 10 message 92
2025-10-05 18:26:22 [T139716066264768] [INFO] worker 15 message 92
2025-10-05 18:26:22 [T139717003753152] [INFO] worker 1 message 77
2025-10-05 18:26:22 [T139716852709056] [INFO] worker 3 message 58
2025-10-05 18:26:22 [T139716863178432] [INFO] worker 11 message 77
2025-10-05 18:26:22 [T139716978575040] [INFO] worker 6 message 77
2025-10-05 18:26:22 [T139716083050176] [INFO] worker 13 message 58
2025-10-05 18:26:22 [T139716888356544] [INFO] worker 8 message 58
2025-10-05 18:26:22 [T139716879963840] [INFO] worker 9 message 52
2025-10-05 18:26:22 [T139716844316352] [INFO] worker 4 message 52
2025-10-05 18:26:22 [T139716074657472] [INFO] worker 14 message 52
2025-10-05 18:26:22 [T139716986967744] [INFO] worker 5 message 93
2025-10-05 18:26:22 [T139717012145856] [INFO] worker 0 message 93
2025-10-05 18:26:22 [T139716871571136] [INFO] worker 10 message 93
2025-10-05 18:26:22 [T139716066264768] [INFO] worker 15 message 93
2025-10-05 18:26:22 [T139716896749248] [INFO] worker 7 message 67
2025-10-05 18:26:22 [T139716995360448] [INFO] worker 2 message 67
2025-10-05 18:26:22 [T139717003753152] [INFO] worker 1 message 78
2025-10-05 18:26:22 [T139716863178432] [INFO] worker 11 message 78
2025-10-05 18:26:22 [T139716978575040] [INFO] worker 6 message 78
2025-10-05 18:26:22 [T139716091442880] [INFO] worker 12 message 67
2025-10-05 18:26:22 [T139716852709056] [INFO] worker 3 message 59
2025-10-05 18:26:22 [T139716083050176] [INFO] worker 13 message 59
2025-10-05 18:26:22 [T139716888356544] [INFO] worker 8 message 59
2025-10-05 18:26:22 [T139716986967744] [INFO] worker 5 message 94
2025-10-05 18:26:22 [T139716871571136] [INFO] worker 10 message 94
2025-10-05 18:26:22 [T139717012145856] [INFO] worker 0 message 94
2025-10-05 18:26:22 [T139716066264768] [INFO] worker 15 message 94
2025-10-05 18:26:22 [T139717003753152] [INFO] worker 1 message 79
2025-10-05 18:26:22 [T139716863178432] [INFO] worker 11 message 79
2025-10-05 18:26:22 [T139716978575040] [INFO] worker 6 message 79
2025-10-05 18:26:22 [T139716879963840] [INFO] worker 9 message 53
2025-10-05 18:26:22 [T139716844316352] [INFO] worker 4 message 53
2025-10-05 18:26:22 [T139716896749248] [INFO] worker 7 message 68
2025-10-05 18:26:22 [T139716995360448] [INFO] worker 2 message 68
2025-10-05 18:26:22 [T139716074657472] [INFO] worker 14 message 53
2025-10-05 18:26:22 [T139716091442880] [INFO] worker 12 message 68
2025-10-05 18:26:22 [T139716986967744] [INFO] worker 5 message 95
2025-10-05 18:26:22 [T139716871571136] [INFO] worker 10 message 95
2025-10-05 18:26:22 [T139717012145856] [INFO] worker 0 message 95
2025-10-05 18:26:22 [T139716066264768] [INFO] worker 15 message 95
2025-10-05 18:26:22 [T139716852709056] [INFO] worker 3 message 60
2025-10-05 18:26:22 [T139716083050176] [INFO] worker 13 message 60
2025-10-05 18:26:22 [T139716888356544] [INFO] worker 8 message 60
2025-10-05 18:26:22 [T139717003753152] [INFO] worker 1 message 80
2025-10-05 18:26:22 [T139716863178432] [INFO] worker 11 message 80
2025-10-05 18:26:22 [T139716978575040] [INFO] worker 6 message 80
2025-10-05 18:26:22 [T139716986967744] [INFO] worker 5 message 96
2025-10-05 18:26:22 [T139716871571136] [INFO] worker 10 message 96
2025-10-05 18:26:22 [T139717012145856] [INFO] worker 0 message 96
2025-10-05 18:26:22 [T139716896749248] [INFO] worker 7 message 69
2025-10-05 18:26:22 [T139716066264768] [INFO] worker 15 message 96
2025-10-05 18:26:22 [T139716995360448] [INFO] worker 2 message 69
2025-10-05 18:26:22 [T139716091442880] [INFO] worker 12 message 69
2025-10-05 18:26:22 [T139716879963840] [INFO] worker 9 message 54
2025-10-05 18:26:22 [T139716844316352] [INFO] worker 4 message 54
2025-10-05 18:26:22 [T139716074657472] [INFO] worker 14 message 54
2025-10-05 18:26:22 [T139717003753152] [INFO] worker 1 message 81
2025-10-05 18:26:22 [T139716852709056] [INFO] worker 3 message 61
2025-10-05 18:26:22 [T139716083050176] [INFO] worker 13 message 61
2025-10-05 18:26:22 [T139716888356544] [INFO] worker 8 message 61
2025-10-05 18:26:22 [T139716863178432] [INFO] worker 11 message 81
2025-10-05 18:26:22 [T139716978575040] [INFO] worker 6 message 81
2025-10-05 18:26:22 [T139716986967744] [INFO] worker 5 message 97
2025-10-05 18:26:22 [T139716871571136] [INFO] worker 10 message 97
2025-10-05 18:26:22 [T139717012145856] [INFO] worker 0 message 97
2025-10-05 18:26:22 [T139716066264768] [INFO] worker 15 message 97
2025-10-05 18:26:22 [T139716896749248] [INFO] worker 7 message 70
2025-10-05 18:26:22 [T139716995360448] [INFO] worker 2 message 70
2025-10-05 18:26:22 [T139716091442880] [INFO] worker 12 message 70
2025-10-05 18:26:22 [T139716986967744] [INFO] worker 5 message 98
2025-10-05 18:26:22 [T139716871571136] [INFO] worker 10 message 98
2025-10-05 18:26:22 [T139717012145856] [INFO] worker 0 message 98
2025-10-05 18:26:22 [T139716066264768] [INFO] worker 15 message 98
2025-10-05 18:26:22 [T139717003753152] [INFO] worker 1 message 82
2025-10-05 18:26:22 [T139716978575040] [INFO] worker 6 message 82
2025-10-05 18:26:22 [T139716863178432] [INFO] worker 11 message 82
2025-10-05 18:26:22 [T139716844316352] [INFO] worker 4 message 55
2025-10-05 18:26:22 [T139716879963840] [INFO] worker 9 message 55
2025-10-05 18:26:22 [T139716074657472] [INFO] worker 14 message 55
2025-10-05 18:26:22 [T139716852709056] [INFO] worker 3 message 62
2025-10-05 18:26:22 [T139716083050176] [INFO] worker 13 message 62
2025-10-05 18:26:22 [T139716888356544] [INFO] worker 8 message 62
2025-10-05 18:26:22 [T139716896749248] [INFO] worker 7 message 71
2025-10-05 18:26:22 [T139716995360448] [INFO] worker 2 message 71
2025-10-05 18:26:22 [T139716091442880] [INFO] worker 12 message 71
2025-10-05 18:26:22 [T139716986967744] [INFO] worker 5 message 99
2025-10-05 18:26:22 [T139716871571136] [INFO] worker 10 message 99
2025-10-05 18:26:22 [T139717012145856] [INFO] worker 0 message 99
2025-10-05 18:26:22 [T139716066264768] [INFO] worker 15 message 99
2025-10-05 18:26:22 [T139717003753152] [INFO] worker 1 message 83
2025-10-05 18:26:22 [T139716978575040] [INFO] worker 6 message 83
2025-10-05 18:26:22 [T139716863178432] [INFO] worker 11 message 83
2025-10-05 18:26:22 [T139716844316352] [INFO] worker 4 message 56
2025-10-05 18:26:22 [T139716879963840] [INFO] worker 9 message 56
2025-10-05 18:26:22 [T139716986967744] [INFO] worker 5 message 100
2025-10-05 18:26:22 [T139717012145856] [INFO] worker 0 message 100
2025-10-05 18:26:22 [T139716074657472] [INFO] worker 14 message 56
2025-10-05 18:26:22 [T139716871571136] [INFO] worker 10 message 100
2025-10-05 18:26:22 [T139716066264768] [INFO] worker 15 message 100
2025-10-05 18:26:22 [T139716852709056] [INFO] worker 3 message 63
2025-10-05 18:26:22 [T139716083050176] [INFO] worker 13 message 63
2025-10-05 18:26:22 [T139716888356544] [INFO] worker 8 message 63
2025-10-05 18:26:22 [T139716896749248] [INFO] worker 7 message 72
2025-10-05 18:26:22 [T139716995360448] [INFO] worker 2 message 72
2025-10-05 18:26:22 [T139716091442880] [INFO] worker 12 message 72
2025-10-05 18:26:22 [T139717003753152] [INFO] worker 1 message 84
2025-10-05 18:26:22 [T139716863178432] [INFO] worker 11 message 84
2025-10-05 18:26:22 [T139716978575040] [INFO] worker 6 message 84
2025-10-05 18:26:22 [T139716986967744] [INFO] worker 5 message 101
2025-10-05 18:26:22 [T139717012145856] [INFO] worker 0 message 101
2025-10-05 18:26:22 [T139716871571136] [INFO] worker 10 message 101
2025-10-05 18:26:22 [T139716066264768] [INFO] worker 15 message 101
2025-10-05 18:26:22 [T139716896749248] [INFO] worker 7 message 73
2025-10-05 18:26:22 [T139716852709056] [INFO] worker 3 message 64
2025-10-05 18:26:22 [T139716995360448] [INFO] worker 2 message 73
2025-10-05 18:26:22 [T139717003753152] [INFO] worker 1 message 85
2025-10-05 18:26:22 [T139716083050176] [INFO] worker 13 message 64
2025-10-05 18:26:22 [T139716888356544] [INFO] worker 8 message 64
2025-10-05 18:26:22 [T139716091442880] [INFO] worker 12 message 73
2025-10-05 18:26:22 [T139716978575040] [INFO] worker 6 message 85
2025-10-05 18:26:22 [T139716863178432] [INFO] worker 11 message 85
2025-10-05 18:26:22 [T139716844316352] [INFO] worker 4 message 57
2025-10-05 18:26:22 [T139716879963840] [INFO] worker 9 message 57
2025-10-05 18:26:22 [T139716074657472] [INFO] worker 14 message 57
2025-10-05 18:26:22 [T139716986967744] [INFO] worker 5 message 102
2025-10-05 18:26:22 [T139717012145856] [INFO] worker 0 message 102
2025-10-05 18:26:22 [T139716871571136] [INFO] worker 10 message 102
2025-10-05 18:26:22 [T139716066264768] [INFO] worker 15 message 102
2025-10-05 18:26:22 [T139717003753152] [INFO] worker 1 message 86
2025-10-05 18:26:22 [T139716978575040] [INFO] worker 6 message 86
2025-10-05 18:26:22 [T139716863178432] [INFO] worker 11 message 86
2025-10-05 18:26:22 [T139716986967744] [INFO] worker 5 message 103
2025-10-05 18:26:22 [T139717012145856] [INFO] worker 0 message 103
2025-10-05 18:26:22 [T139716896749248] [INFO] worker 7 message 74
2025-10-05 18:26:22 [T139716066264768] [INFO] worker 15 message 103
2025-10-05 18:26:22 [T139716995360448] [INFO] worker 2 message 74
2025-10-05 18:26:22 [T139716871571136] [INFO] worker 10 message 103
2025-10-05 18:26:22 [T139716091442880] [INFO] worker 12 message 74
2025-10-05 18:26:22 [T139716852709056] [INFO] worker 3 message 65
2025-10-05 18:26:22 [T139716083050176] [INFO] worker 13 message 65
2025-10-05 18:26:22 [T139716888356544] [INFO] worker 8 message 65
2025-10-05 18:26:22 [T139716844316352] [INFO] worker 4 message 58
2025-10-05 18:26:22 [T139716879963840] [INFO] worker 9 message 58
2025-10-05 18:26:22 [T139716074657472] [INFO] worker 14 message 58
2025-10-05 18:26:22 [T139716986967744] [INFO] worker 5 message 104
2025-10-05 18:26:22 [T139717012145856] [INFO] worker 0 message 104
2025-10-05 18:26:22 [T139716066264768] [INFO] worker 15 message 104
2025-10-05 18:26:22 [T139716871571136] [INFO] worker 10 message 104
2025-10-05 18:26:22 [T139717003753152] [INFO] worker 1 message 87
2025-10-05 18:26:22 [T139716978575040] [INFO] worker 6 message 87
2025-10-05 18:26:22 [T139716863178432] [INFO] worker 11 message 87
2025-10-05 18:26:22 [T139716896749248] [INFO] worker 7 message 75
2025-10-05 18:26:22 [T139716995360448] [INFO] worker 2 message 75
2025-10-05 18:26:22 [T139716091442880] [INFO] worker 12 message 75
2025-10-05 18:26:22 [T139716852709056] [INFO] worker 3 message 66
2025-10-05 18:26:22 [T139716083050176] [INFO] worker 13 message 66
2025-10-05 18:26:22 [T139716888356544] [INFO] worker 8 message 66
2025-10-05 18:26:22 [T139716986967744] [INFO] worker 5 message 105
2025-10-05 18:26:22 [T139717012145856] [INFO] worker 0 message 105
2025-10-05 18:26:22 [T139716066264768] [INFO] worker 15 message 105
2025-10-05 18:26:22 [T139716871571136] [INFO] worker 10 message 105
2025-10-05 18:26:22 [T139717003753152] [INFO] worker 1 message 88
2025-10-05 18:26:22 [T139716863178432] [INFO] worker 11 message 88
2025-10-05 18:26:22 [T139716978575040] [INFO] worker 6 message 88
2025-10-05 18:26:22 [T139716844316352] [INFO] worker 4 message 59
2025-10-05 18:26:22 [T139716879963840] [INFO] worker 9 message 59
2025-10-05 18:26:22 [T139716074657472] [INFO] worker 14 message 59
2025-10-05 18:26:22 [T139716896749248] [INFO] worker 7 message 76
2025-10-05 18:26:22 [T139716995360448] [INFO] worker 2 message 76
2025-10-05 18:26:22 [T139716091442880] [INFO] worker 12 message 76
2025-10-05 18:26:22 [T139716986967744] [INFO] worker 5 message 106
2025-10-05 18:26:22 [T139717012145856] [INFO] worker 0 message 106
2025-10-05 18:26:22 [T139716066264768] [INFO] worker 15 message 106
2025-10-05 18:26:22 [T139716871571136] [INFO] worker 10 message 106
2025-10-05 18:26:22 [T139716852709056] [INFO] worker 3 message 67
2025-10-05 18:26:22 [T139716083050176] [INFO] worker 13 message 67
2025-10-05 18:26:22 [T139716888356544] [INFO] worker 8 message 67
2025-10-05 18:26:22 [T139717003753152] [INFO] worker 1 message 89
2025-10-05 18:26:22 [T139716863178432] [INFO] worker 11 message 89
2025-10-05 18:26:22 [T139716978575040] [INFO] worker 6 message 89
2025-10-05 18:26:22 [T139716986967744] [INFO] worker 5 message 107
2025-10-05 18:26:22 [T139717012145856] [INFO] worker 0 message 107
2025-10-05 18:26:22 [T139716066264768] [INFO] worker 15 message 107
2025-10-05 18:26:22 [T139716871571136] [INFO] worker 10 message 107
2025-10-05 18:26:22 [T139716844316352] [INFO] worker 4 message 60
2025-10-05 18:26:22 [T139716879963840] [INFO] worker 9 message 60
2025-10-05 18:26:22 [T139716074657472] [INFO] worker 14 message 60
2025-10-05 18:26:22 [T139716896749248] [INFO] worker 7 message 77
2025-10-05 18:26:22 [T139716995360448] [INFO] worker 2 message 77
2025-10-05 18:26:22 [T139716091442880] [INFO] worker 12 message 77
2025-10-05 18:26:22 [T139717003753152] [INFO] worker 1 message 90
2025-10-05 18:26:22 [T139716978575040] [INFO] worker 6 message 90
2025-10-05 18:26:22 [T139716863178432] [INFO] worker 11 message 90
2025-10-05 18:26:22 [T139716852709056] [INFO] worker 3 message 68
2025-10-05 18:26:22 [T139716986967744] [INFO] worker 5 message 108
2025-10-05 18:26:22 [T139716888356544] [INFO] worker 8 message 68
2025-10-05 18:26:22 [T139716083050176] [INFO] worker 13 message 68
2025-10-05 18:26:22 [T139717012145856] [INFO] worker 0 message 108
2025-10-05 18:26:22 [T139716066264768] [INFO] worker 15 message 108
2025-10-05 18:26:22 [T139716871571136] [INFO] worker 10 message 108
2025-10-05 18:26:22 [T139716896749248] [INFO] worker 7 message 78
2025-10-05 18:26:22 [T139716995360448] [INFO] worker 2 message 78
2025-10-05 18:26:22 [T139716091442880] [INFO] worker 12 message 78
2025-10-05 18:26:22 [T139717003753152] [INFO] worker 1 message 91
2025-10-05 18:26:22 [T139716844316352] [INFO] worker 4 message 61
2025-10-05 18:26:22 [T139716879963840] [INFO] worker 9 message 61
2025-10-05 18:26:22 [T139716978575040] [INFO] worker 6 message 91
2025-10-05 18:26:22 [T139716863178432] [INFO] worker 11 message 91
2025-10-05 18:26:22 [T139716074657472] [INFO] worker 14 message 61
2025-10-05 18:26:22 [T139716986967744] [INFO] worker 5 message 109
2025-10-05 18:26:22 [T139717012145856] [INFO] worker 0 message 109
2025-10-05 18:26:22 [T139716066264768] [INFO] worker 15 message 109
2025-10-05 18:26:22 [T139716871571136] [INFO] worker 10 message 109
2025-10-05 18:26:22 [T139716852709056] [INFO] worker 3 message 69
2025-10-05 18:26:22 [T139716888356544] [INFO] worker 8 message 69
2025-10-05 18:26:22 [T139716083050176] [INFO] worker 13 message 69
2025-10-05 18:26:22 [T139716896749248] [INFO] worker 7 message 79
2025-10-05 18:26:22 [T139716995360448] [INFO] worker 2 message 79
2025-10-05 18:26:22 [T139716986967744] [INFO] worker 5 message 110
2025-10-05 18:26:22 [T139717012145856] [INFO] worker 0 message 110
2025-10-05 18:26:22 [T139716066264768] [INFO] worker 15 message 110
2025-10-05 18:26:22 [T139716871571136] [INFO] worker 10 message 110
2025-10-05 18:26:22 [T139717003753152] [INFO] worker 1 message 92
2025-10-05 18:26:22 [T139716091442880] [INFO] worker 12 message 79
2025-10-05 18:26:22 [T139716978575040] [INFO] worker 6 message 92
2025-10-05 18:26:22 [T139716863178432] [INFO] worker 11 message 92
2025-10-05 18:26:22 [T139716844316352] [INFO] worker 4 message 62
2025-10-05 18:26:22 [T139716879963840] [INFO] worker 9 message 62
2025-10-05 18:26:22 [T139716074657472] [INFO] worker 14 message 62
2025-10-05 18:26:22 [T139716986967744] [INFO] worker 5 message 111
2025-10-05 18:26:22 [T139717012145856] [INFO] worker 0 message 111
2025-10-05 18:26:22 [T139716871571136] [INFO] worker 10 message 111
2025-10-05 18:26:22 [T139716066264768] [INFO] worker 15 message 111
2025-10-05 18:26:22 [T139716852709056] [INFO] worker 3 message 70
2025-10-05 18:26:22 [T139716888356544] [INFO] worker 8 message 70
2025-10-05 18:26:22 [T139716083050176] [INFO] worker 13 message 70
2025-10-05 18:26:22 [T139717003753152] [INFO] worker 1 message 93
2025-10-05 18:26:22 [T139716978575040] [INFO] worker 6 message 93
2025-10-05 18:26:22 [T139716863178432] [INFO] worker 11 message 93
2025-10-05 18:26:22 [T139716896749248] [INFO] worker 7 message 80
2025-10-05 18:26:22 [T139716995360448] [INFO] worker 2 message 80
2025-10-05 18:26:22 [T139716091442880] [INFO] worker 12 message 80
2025-10-05 18:26:22 [T139716986967744] [INFO] worker 5 message 112
2025-10-05 18:26:22 [T139717012145856] [INFO] worker 0 message 112
2025-10-05 18:26:22 [T139716871571136] [INFO] worker 10 message 112
2025-10-05 18:26:22 [T139716066264768] [INFO] worker 15 message 112
2025-10-05 18:26:22 [T139717003753152] [INFO] worker 1 message 94
2025-10-05 18:26:22 [T139716844316352] [INFO] worker 4 message 63
2025-10-05 18:26:22 [T139716879963840] [INFO] worker 9 message 63
2025-10-05 18:26:22 [T139716074657472] [INFO] worker 14 message 63
2025-10-05 18:26:22 [T139716978575040] [INFO] worker 6 message 94
2025-10-05 18:26:22 [T139716863178432] [INFO] worker 11 message 94
2025-10-05 18:26:22 [T139716896749248] [INFO] worker 7 message 81
2025-10-05 18:26:22 [T139716888356544] [INFO] worker 8 message 71
2025-10-05 18:26:22 [T139716852709056] [INFO] worker 3 message 71
2025-10-05 18:26:22 [T139716995360448] [INFO] worker 2 message 81
2025-10-05 18:26:22 [T139716083050176] [INFO] worker 13 message 71
2025-10-05 18:26:22 [T139716091442880] [INFO] worker 12 message 81
2025-10-05 18:26:22 [T139716986967744] [INFO] worker 5 message 113
2025-10-05 18:26:22 [T139716871571136] [INFO] worker 10 message 113
2025-10-05 18:26:22 [T139717012145856] [INFO] worker 0 message 113
2025-10-05 18:26:22 [T139716066264768] [INFO] worker 15 message 113
2025-10-05 18:26:22 [T139717003753152] [INFO] worker 1 message 95
2025-10-05 18:26:22 [T139716978575040] [INFO] worker 6 message 95
2025-10-05 18:26:22 [T139716863178432] [INFO] worker 11 message 95
2025-10-05 18:26:22 [T139716986967744] [INFO] worker 5 message 114
2025-10-05 18:26:22 [T139716871571136] [INFO] worker 10 message 114
2025-10-05 18:26:22 [T139717012145856] [INFO] worker 0 message 114
2025-10-05 18:26:22 [T139716066264768] [INFO] worker 15 message 114
2025-10-05 18:26:22 [T139716896749248] [INFO] worker 7 message 82
2025-10-05 18:26:22 [T139716995360448] [INFO] worker 2 message 82
2025-10-05 18:26:22 [T139716091442880] [INFO] worker 12 message 82
2025-10-05 18:26:22 [T139716844316352] [INFO] worker 4 message 64
2025-10-05 18:26:22 [T139716879963840] [INFO] worker 9 message 64
2025-10-05 18:26:22 [T139716074657472] [INFO] worker 14 message 64
2025-10-05 18:26:22 [T139716888356544] [INFO] worker 8 message 72
2025-10-05 18:26:22 [T139716852709056] [INFO] worker 3 message 72
2025-10-05 18:26:22 [T139716083050176] [INFO] worker 13 message 72
2025-10-05 18:26:22 [T139717003753152] [INFO] worker 1 message 96
2025-10-05 18:26:22 [T139716978575040] [INFO] worker 6 message 96
2025-10-05 18:26:22 [T139716863178432] [INFO] worker 11 message 96
2025-10-05 18:26:22 [T139716986967744] [INFO] worker 5 message 115
2025-10-05 18:26:22 [T139716066264768] [INFO] worker 15 message 115
2025-10-05 18:26:22 [T139716871571136] [INFO] worker 10 message 115
2025-10-05 18:26:22 [T139717012145856] [INFO] worker 0 message 115
2025-10-05 18:26:22 [T139716896749248] [INFO] worker 7 message 83
2025-10-05 18:26:22 [T139716995360448] [INFO] worker 2 message 83
2025-10-05 18:26:22 [T139716091442880] [INFO] worker 12 message 83
2025-10-05 18:26:22 [T139716888356544] [INFO] worker 8 message 73
2025-10-05 18:26:22 [T139716852709056] [INFO] worker 3 message 73
2025-10-05 18:26:22 [T139716083050176] [INFO] worker 13 message 73
2025-10-05 18:26:22 [T139717003753152] [INFO] worker 1 message 97
2025-10-05 18:26:22 [T139716844316352] [INFO] worker 4 message 65
2025-10-05 18:26:22 [T139716986967744] [INFO] worker 5 message 116
2025-10-05 18:26:22 [T139716879963840] [INFO] worker 9 message 65
2025-10-05 18:26:22 [T139716066264768] [INFO] worker 15 message 116
2025-10-05 18:26:22 [T139716871571136] [INFO] worker 10 message 116
2025-10-05 18:26:22 [T139717012145856] [INFO] worker 0 message 116
2025-10-05 18:26:22 [T139716074657472] [INFO] worker 14 message 65
2025-10-05 18:26:22 [T139716978575040] [INFO] worker 6 message 97
2025-10-05 18:26:22 [T139716863178432] [INFO] worker 11 message 97
2025-10-05 18:26:22 [T139716896749248] [INFO] worker 7 message 84
2025-10-05 18:26:22 [T139716995360448] [INFO] worker 2 message 84
2025-10-05 18:26:22 [T139716091442880] [INFO] worker 12 message 84
2025-10-05 18:26:22 [T139716986967744] [INFO] worker 5 message 117
2025-10-05 18:26:22 [T139716066264768] [INFO] worker 15 message 117
2025-10-05 18:26:22 [T139716871571136] [INFO] worker 10 message 117
2025-10-05 18:26:22 [T139717012145856] [INFO] worker 0 message 117
2025-10-05 18:26:22 [T139717003753152] [INFO] worker 1 message 98
2025-10-05 18:26:22 [T139716978575040] [INFO] worker 6 message 98
2025-10-05 18:26:22 [T139716863178432] [INFO] worker 11 message 98
2025-10-05 18:26:22 [T139716888356544] [INFO] worker 8 message 74
2025-10-05 18:26:22 [T139716852709056] [INFO] worker 3 message 74
2025-10-05 18:26:22 [T139716083050176] [INFO] worker 13 message 74
2025-10-05 18:26:22 [T139716844316352] [INFO] worker 4 message 66
2025-10-05 18:26:22 [T139716879963840] [INFO] worker 9 message 66
2025-10-05 18:26:22 [T139716074657472] [INFO] worker 14 message 66
2025-10-05 18:26:22 [T139716986967744] [INFO] worker 5 message 118
2025-10-05 18:26:22 [T139716066264768] [INFO] worker 15 message 118
2025-10-05 18:26:22 [T139716871571136] [INFO] worker 10 message 118
2025-10-05 18:26:22 [T139717012145856] [INFO] worker 0 message 118
2025-10-05 18:26:22 [T139716896749248] [INFO] worker 7 message 85
2025-10-05 18:26:22 [T139716995360448] [INFO] worker 2 message 85
2025-10-05 18:26:22 [T139716091442880] [INFO] worker 12 message 85
2025-10-05 18:26:22 [T139717003753152] [INFO] worker 1 message 99
2025-10-05 18:26:22 [T139716978575040] [INFO] worker 6 message 99
2025-10-05 18:26:22 [T139716863178432] [INFO] worker 11 message 99
2025-10-05 18:26:22 [T139716986967744] [INFO] worker 5 message 119
2025-10-05 18:26:22 [T139716066264768] [INFO] worker 15 message 119
2025-10-05 18:26:22 [T139716871571136] [INFO] worker 10 message 119
2025-10-05 18:26:22 [T139717012145856] [INFO] worker 0 message 119
2025-10-05 18:26:22 [T139716888356544] [INFO] worker 8 message 75
2025-10-05 18:26:22 [T139716852709056] [INFO] worker 3 message 75
2025-10-05 18:26:22 [T139716083050176] [INFO] worker 13 message 75
2025-10-05 18:26:22 [T139716844316352] [INFO] worker 4 message 67
2025-10-05 18:26:22 [T139717003753152] [INFO] worker 1 message 100
2025-10-05 18:26:22 [T139716879963840] [INFO] worker 9 message 67
2025-10-05 18:26:22 [T139716074657472] [INFO] worker 14 message 67
2025-10-05 18:26:22 [T139716978575040] [INFO] worker 6 message 100
2025-10-05 18:26:22 [T139716863178432] [INFO] worker 11 message 100
2025-10-05 18:26:22 [T139716896749248] [INFO] worker 7 message 86
2025-10-05 18:26:22 [T139716995360448] [INFO] worker 2 message 86
2025-10-05 18:26:22 [T139716091442880] [INFO] worker 12 message 86
2025-10-05 18:26:22 [T139716986967744] [INFO] worker 5 message 120
2025-10-05 18:26:22 [T139717012145856] [INFO] worker 0 message 120
2025-10-05 18:26:22 [T139716066264768] [INFO] worker 15 message 120
2025-10-05 18:26:22 [T139716871571136] [INFO] worker 10 message 120
2025-10-05 18:26:22 [T139716888356544] [INFO] worker 8 message 76
2025-10-05 18:26:22 [T139716852709056] [INFO] worker 3 message 76
2025-10-05 18:26:22 [T139716083050176] [INFO] worker 13 message 76
2025-10-05 18:26:22 [T139717003753152] [INFO] worker 1 message 101
2025-10-05 18:26:22 [T139716978575040] [INFO] worker 6 message 101
2025-10-05 18:26:22 [T139716863178432] [INFO] worker 11 message 101
2025-10-05 18:26:22 [T139716986967744] [INFO] worker 5 message 121
2025-10-05 18:26:22 [T139717012145856] [INFO] worker 0 message 121
2025-10-05 18:26:22 [T139716871571136] [INFO] worker 10 message 121
2025-10-05 18:26:22 [T139716066264768] [INFO] worker 15 message 121
2025-10-05 18:26:22 [T139716896749248] [INFO] worker 7 message 87
2025-10-05 18:26:22 [T139716995360448] [INFO] worker 2 message 87
2025-10-05 18:26:22 [T139716091442880] [INFO] worker 12 message 87
2025-10-05 18:26:22 [T139716844316352] [INFO] worker 4 message 68
2025-10-05 18:26:22 [T139716879963840] [INFO] worker 9 message 68
2025-10-05 18:26:22 [T139716074657472] [INFO] worker 14 message 68
2025-10-05 18:26:22 [T139717003753152] [INFO] worker 1 message 102
2025-10-05 18:26:22 [T139716986967744] [INFO] worker 5 message 122
2025-10-05 18:26:22 [T139717012145856] [INFO] worker 0 message 122
2025-10-05 18:26:22 [T139716871571136] [INFO] worker 10 message 122
2025-10-05 18:26:22 [T139716066264768] [INFO] worker 15 message 122
2025-10-05 18:26:22 [T139716978575040] [INFO] worker 6 message 102
2025-10-05 18:26:22 [T139716863178432] [INFO] worker 11 message 102
2025-10-05 18:26:22 [T139716888356544] [INFO] worker 8 message 77
2025-10-05 18:26:22 [T139716852709056] [INFO] worker 3 message 77
2025-10-05 18:26:22 [T139716083050176] [INFO] worker 13 message 77
2025-10-05 18:26:22 [T139716896749248] [INFO] worker 7 message 88
2025-10-05 18:26:22 [T139716995360448] [INFO] worker 2 message 88
2025-10-05 18:26:22 [T139716091442880] [INFO] worker 12 message 88
2025-10-05 18:26:22 [T139716986967744] [INFO] worker 5 message 123
2025-10-05 18:26:22 [T139716871571136] [INFO] worker 10 message 123
2025-10-05 18:26:22 [T139717012145856] [INFO] worker 0 message 123
2025-10-05 18:26:22 [T139716066264768] [INFO] worker 15 message 123
2025-10-05 18:26:22 [T139716844316352] [INFO] worker 4 message 69
2025-10-05 18:26:22 [T139716879963840] [INFO] worker 9 message 69
2025-10-05 18:26:22 [T139717003753152] [INFO] worker 1 message 103
2025-10-05 18:26:22 [T139716074657472] [INFO] worker 14 message 69
2025-10-05 18:26:22 [T139716978575040] [INFO] worker 6 message 103
2025-10-05 18:26:22 [T139716863178432] [INFO] worker 11 message 103
2025-10-05 18:26:22 [T139716888356544] [INFO] worker 8 message 78
2025-10-05 18:26:22 [T139716852709056] [INFO] worker 3 message 78
2025-10-05 18:26:22 [T139716083050176] [INFO] worker 13 message 78
2025-10-05 18:26:22 [T139716896749248] [INFO] worker 7 message 89
2025-10-05 18:26:22 [T139716995360448] [INFO] worker 2 message 89
2025-10-05 18:26:22 [T139716091442880] [INFO] worker 12 message 89
2025-10-05 18:26:22 [T139717012145856] [INFO] worker 0 message 124
2025-10-05 18:26:22 [T139716871571136] [INFO] worker 10 message 124
2025-10-05 18:26:22 [T139716986967744] [INFO] worker 5 message 124
2025-10-05 18:26:22 [T139716066264768] [INFO] worker 15 message 124
2025-10-05 18:26:22 [T139717003753152] [INFO] worker 1 message 104
2025-10-05 18:26:22 [T139716978575040] [INFO] worker 6 message 104
2025-10-05 18:26:22 [T139716863178432] [INFO] worker 11 message 104
2025-10-05 18:26:22 [T139716844316352] [INFO] worker 4 message 70
2025-10-05 18:26:22 [T139716879963840] [INFO] worker 9 message 70
2025-10-05 18:26:22 [T139716074657472] [INFO] worker 14 message 70
2025-10-05 18:26:22 [T139717012145856] [INFO] worker 0 message 125
2025-10-05 18:26:22 [T139716871571136] [INFO] worker 10 message 125
2025-10-05 18:26:22 [T139716986967744] [INFO] worker 5 message 125
2025-10-05 18:26:22 [T139716066264768] [INFO] worker 15 message 125
2025-10-05 18:26:22 [T139716896749248] [INFO] worker 7 message 90
2025-10-05 18:26:22 [T139716995360448] [INFO] worker 2 message 90
2025-10-05 18:26:22 [T139716091442880] [INFO] worker 12 message 90
2025-10-05 18:26:22 [T139716888356544] [INFO] worker 8 message 79
2025-10-05 18:26:22 [T139716852709056] [INFO] worker 3 message 79
2025-10-05 18:26:22 [T139716083050176] [INFO] worker 13 message 79
2025-10-05 18:26:22 [T139717003753152] [INFO] worker 1 message 105
2025-10-05 18:26:22 [T139716978575040] [INFO] worker 6 message 105
2025-10-05 18:26:22 [T139716863178432] [INFO] worker 11 message 105
2025-10-05 18:26:22 [T139717012145856] [INFO] worker 0 message 126
2025-10-05 18:26:22 [T139716871571136] [INFO] worker 10 message 126
2025-10-05 18:26:22 [T139716986967744] [INFO] worker 5 message 126
2025-10-05 18:26:22 [T139716066264768] [INFO] worker 15 message 126
2025-10-05 18:26:22 [T139716995360448] [INFO] worker 2 message 91
2025-10-05 18:26:22 [T139716896749248] [INFO] worker 7 message 91
2025-10-05 18:26:22 [T139716091442880] [INFO] worker 12 message 91
2025-10-05 18:26:22 [T139716844316352] [INFO] worker 4 message 71
2025-10-05 18:26:22 [T139716879963840] [INFO] worker 9 message 71
2025-10-05 18:26:22 [T139716074657472] [INFO] worker 14 message 71
2025-10-05 18:26:22 [T139717003753152] [INFO] worker 1 message 106
2025-10-05 18:26:22 [T139716978575040] [INFO] worker 6 message 106
2025-10-05 18:26:22 [T139716863178432] [INFO] worker 11 message 106
2025-10-05 18:26:22 [T139717012145856] [INFO] worker 0 message 127
2025-10-05 18:26:22 [T139716888356544] [INFO] worker 8 message 80
2025-10-05 18:26:22 [T139716066264768] [INFO] worker 15 message 127
2025-10-05 18:26:22 [T139716871571136] [INFO] worker 10 message 127
2025-10-05 18:26:22 [T139716986967744] [INFO] worker 5 message 127
2025-10-05 18:26:22 [T139716852709056] [INFO] worker 3 message 80
2025-10-05 18:26:22 [T139716083050176] [INFO] worker 13 message 80
2025-10-05 18:26:22 [T139717003753152] [INFO] worker 1 message 107
2025-10-05 18:26:22 [T139717012145856] [INFO] worker 0 message 128
2025-10-05 18:26:22 [T139716066264768] [INFO] worker 15 message 128
2025-10-05 18:26:22 [T139716978575040] [INFO] worker 6 message 107
2025-10-05 18:26:22 [T139716986967744] [INFO] worker 5 message 128
2025-10-05 18:26:22 [T139716871571136] [INFO] worker 10 message 128
2025-10-05 18:26:22 [T139716863178432] [INFO] worker 11 message 107
2025-10-05 18:26:22 [T139716995360448] [INFO] worker 2 message 92
2025-10-05 18:26:22 [T139716896749248] [INFO] worker 7 message 92
2025-10-05 18:26:22 [T139716091442880] [INFO] worker 12 message 92
2025-10-05 18:26:22 [T139716844316352] [INFO] worker 4 message 72
2025-10-05 18:26:22 [T139716879963840] [INFO] worker 9 message 72
2025-10-05 18:26:22 [T139716074657472] [INFO] worker 14 message 72
2025-10-05 18:26:22 [T139716888356544] [INFO] worker 8 message 81
2025-10-05 18:26:22 [T139716852709056] [INFO] worker 3 message 81
2025-10-05 18:26:22 [T139716083050176] [INFO] worker 13 message 81
2025-10-05 18:26:22 [T139716066264768] [INFO] worker 15 message 129
2025-10-05 18:26:22 [T139717012145856] [INFO] worker 0 message 129
2025-10-05 18:26:22 [T139716986967744] [INFO] worker 5 message 129
2025-10-05 18:26:22 [T139716871571136] [INFO] worker 10 message 129
2025-10-05 18:26:22 [T139717003753152] [INFO] worker 1 message 108
2025-10-05 18:26:22 [T139716978575040] [INFO] worker 6 message 108
2025-10-05 18:26:22 [T139716863178432] [INFO] worker 11 message 108
2025-10-05 18:26:22 [T139716995360448] [INFO] worker 2 message 93
2025-10-05 18:26:22 [T139716896749248] [INFO] worker 7 message 93
2025-10-05 18:26:22 [T139716091442880] [INFO] worker 12 message 93
2025-10-05 18:26:22 [T139716066264768] [INFO] worker 15 message 130
2025-10-05 18:26:22 [T139717012145856] [INFO] worker 0 message 130
2025-10-05 18:26:22 [T139716986967744] [INFO] worker 5 message 130
2025-10-05 18:26:22 [T139716871571136] [INFO] worker 10 message 130
2025-10-05 18:26:22 [T139716888356544] [INFO] worker 8 message 82
2025-10-05 18:26:22 [T139716852709056] [INFO] worker 3 message 82
2025-10-05 18:26:22 [T139716083050176] [INFO] worker 13 message 82
2025-10-05 18:26:22 [T139716844316352] [INFO] worker 4 message 73
2025-10-05 18:26:22 [T139716879963840] [INFO] worker 9 message 73
2025-10-05 18:26:22 [T139716074657472] [INFO] worker 14 message 73
2025-10-05 18:26:22 [T139717003753152] [INFO] worker 1 message 109
2025-10-05 18:26:22 [T139716978575040] [INFO] worker 6 message 109
2025-10-05 18:26:22 [T139716863178432] [INFO] worker 11 message 109
2025-10-05 18:26:22 [T139716995360448] [INFO] worker 2 message 94
2025-10-05 18:26:22 [T139716896749248] [INFO] worker 7 message 94
2025-10-05 18:26:22 [T139716091442880] [INFO] worker 12 message 94
2025-10-05 18:26:22 [T139716066264768] [INFO] worker 15 message 131
2025-10-05 18:26:22 [T139716986967744] [INFO] worker 5 message 131
2025-10-05 18:26:22 [T139717012145856] [INFO] worker 0 message 131
2025-10-05 18:26:22 [T139716871571136] [INFO] worker 10 message 131
2025-10-05 18:26:22 [T139717003753152] [INFO] worker 1 message 110
2025-10-05 18:26:22 [T139716978575040] [INFO] worker 6 message 110
2025-10-05 18:26:22 [T139716863178432] [INFO] worker 11 message 110
2025-10-05 18:26:22 [T139716888356544] [INFO] worker 8 message 83
2025-10-05 18:26:22 [T139716852709056] [INFO] worker 3 message 83
2025-10-05 18:26:22 [T139716083050176] [INFO] worker 13 message 83
2025-10-05 18:26:22 [T139716066264768] [INFO] worker 15 message 132
2025-10-05 18:26:22 [T139716986967744] [INFO] worker 5 message 132
2025-10-05 18:26:22 [T139716871571136] [INFO] worker 10 message 132
2025-10-05 18:26:22 [T139716844316352] [INFO] worker 4 message 74
2025-10-05 18:26:22 [T139717012145856] [INFO] worker 0 message 132
2025-10-05 18:26:22 [T139716879963840] [INFO] worker 9 message 74
2025-10-05 18:26:22 [T139716074657472] [INFO] worker 14 message 74
2025-10-05 18:26:22 [T139716995360448] [INFO] worker 2 message 95
2025-10-05 18:26:22 [T139716896749248] [INFO] worker 7 message 95
2025-10-05 18:26:22 [T139716091442880] [INFO] worker 12 message 95
2025-10-05 18:26:22 [T139717003753152] [INFO] worker 1 message 111
2025-10-05 18:26:22 [T139716978575040] [INFO] worker 6 message 111
2025-10-05 18:26:22 [T139716863178432] [INFO] worker 11 message 111
2025-10-05 18:26:22 [T139716066264768] [INFO] worker 15 message 133
2025-10-05 18:26:22 [T139716986967744] [INFO] worker 5 message 133
2025-10-05 18:26:22 [T139716871571136] [INFO] worker 10 message 133
2025-10-05 18:26:22 [T139717012145856] [INFO] worker 0 message 133
2025-10-05 18:26:22 [T139716888356544] [INFO] worker 8 message 84
2025-10-05 18:26:22 [T139716852709056] [INFO] worker 3 message 84
2025-10-05 18:26:22 [T139716083050176] [INFO] worker 13 message 84
2025-10-05 18:26:22 [T139716995360448] [INFO] worker 2 message 96
2025-10-05 18:26:22 [T139716896749248] [INFO] worker 7 message 96
2025-10-05 18:26:22 [T139716091442880] [INFO] worker 12 message 96
2025-10-05 18:26:22 [T139716844316352] [INFO] worker 4 message 75
2025-10-05 18:26:22 [T139716879963840] [INFO] worker 9 message 75
2025-10-05 18:26:22 [T139716074657472] [INFO] worker 14 message 75
2025-10-05 18:26:22 [T139717003753152] [INFO] worker 1 message 112
2025-10-05 18:26:22 [T139716978575040] [INFO] worker 6 message 112
2025-10-05 18:26:22 [T139716066264768] [INFO] worker 15 message 134
2025-10-05 18:26:22 [T139716863178432] [INFO] worker 11 message 112
2025-10-05 18:26:22 [T139716986967744] [INFO] worker 5 message 134
2025-10-05 18:26:22 [T139716871571136] [INFO] worker 10 message 134
2025-10-05 18:26:22 [T139717012145856] [INFO] worker 0 message 134
2025-10-05 18:26:22 [T139716888356544] [INFO] worker 8 message 85
2025-10-05 18:26:22 [T139716852709056] [INFO] worker 3 message 85
2025-10-05 18:26:22 [T139716083050176] [INFO] worker 13 message 85
2025-10-05 18:26:22 [T139716995360448] [INFO] worker 2 message 97
2025-10-05 18:26:22 [T139716066264768] [INFO] worker 15 message 135
2025-10-05 18:26:22 [T139716896749248] [INFO] worker 7 message 97
2025-10-05 18:26:22 [T139716091442880] [INFO] worker 12 message 97
2025-10-05 18:26:22 [T139716986967744] [INFO] worker 5 message 135
2025-10-05 18:26:22 [T139717012145856] [INFO] worker 0 message 135
2025-10-05 18:26:22 [T139716871571136] [INFO] worker 10 message 135
2025-10-05 18:26:22 [T139717003753152] [INFO] worker 1 message 113
2025-10-05 18:26:22 [T139716978575040] [INFO] worker 6 message 113
2025-10-05 18:26:22 [T139716863178432] [INFO] worker 11 message 113
2025-10-05 18:26:22 [T139716844316352] [INFO] worker 4 message 76
2025-10-05 18:26:22 [T139716879963840] [INFO] worker 9 message 76
2025-10-05 18:26:22 [T139716074657472] [INFO] worker 14 message 76
2025-10-05 18:26:22 [T139716066264768] [INFO] worker 15 message 136
2025-10-05 18:26:22 [T139716986967744] [INFO] worker 5 message 136
2025-10-05 18:26:22 [T139716871571136] [INFO] worker 10 message 136
2025-10-05 18:26:22 [T139717012145856] [INFO] worker 0 message 136
2025-10-05 18:26:22 [T139717003753152] [INFO] worker 1 message 114
2025-10-05 18:26:22 [T139716978575040] [INFO] worker 6 message 114
2025-10-05 18:26:22 [T139716995360448] [INFO] worker 2 message 98
2025-10-05 18:26:22 [T139716863178432] [INFO] worker 11 message 114
2025-10-05 18:26:22 [T139716896749248] [INFO] worker 7 message 98
2025-10-05 18:26:22 [T139716091442880] [INFO] worker 12 message 98
2025-10-05 18:26:22 [T139716888356544] [INFO] worker 8 message 86
2025-10-05 18:26:22 [T139716852709056] [INFO] worker 3 message 86
2025-10-05 18:26:22 [T139716083050176] [INFO] worker 13 message 86
2025-10-05 18:26:22 [T139716066264768] [INFO] worker 15 message 137
2025-10-05 18:26:22 [T139716986967744] [INFO] worker 5 message 137
2025-10-05 18:26:22 [T139716871571136] [INFO] worker 10 message 137
2025-10-05 18:26:22 [T139717012145856] [INFO] worker 0 message 137
2025-10-05 18:26:22 [T139716844316352] [INFO] worker 4 message 77
2025-10-05 18:26:22 [T139716879963840] [INFO] worker 9 message 77
2025-10-05 18:26:22 [T139716074657472] [INFO] worker 14 message 77
2025-10-05 18:26:22 [T139717003753152] [INFO] worker 1 message 115
2025-10-05 18:26:22 [T139716978575040] [INFO] worker 6 message 115
2025-10-05 18:26:22 [T139716863178432] [INFO] worker 11 message 115
2025-10-05 18:26:22 [T139716995360448] [INFO] worker 2 message 99
2025-10-05 18:26:22 [T139716896749248] [INFO] worker 7 message 99
2025-10-05 18:26:22 [T139716091442880] [INFO] worker 12 message 99
2025-10-05 18:26:22 [T139716066264768] [INFO] worker 15 message 138
2025-10-05 18:26:22 [T139716986967744] [INFO] worker 5 message 138
2025-10-05 18:26:22 [T139716871571136] [INFO] worker 10 message 138
2025-10-05 18:26:22 [T139717012145856] [INFO] worker 0 message 138
2025-10-05 18:26:22 [T139716888356544] [INFO] worker 8 message 87
2025-10-05 18:26:22 [T139716852709056] [INFO] worker 3 message 87
2025-10-05 18:26:22 [T139716083050176] [INFO] worker 13 message 87
2025-10-05 18:26:22 [T139717003753152] [INFO] worker 1 message 116
2025-10-05 18:26:22 [T139716978575040] [INFO] worker 6 message 116
2025-10-05 18:26:22 [T139716863178432] [INFO] worker 11 message 116
2025-10-05 18:26:22 [T139716066264768] [INFO] worker 15 message 139
2025-10-05 18:26:22 [T139716986967744] [INFO] worker 5 message 139
2025-10-05 18:26:22 [T139716871571136] [INFO] worker 10 message 139
2025-10-05 18:26:22 [T139717012145856] [INFO] worker 0 message 139
2025-10-05 18:26:22 [T139716879963840] [INFO] worker 9 message 78
2025-10-05 18:26:22 [T139716844316352] [INFO] worker 4 message 78
2025-10-05 18:26:22 [T139716074657472] [INFO] worker 14 message 78
2025-10-05 18:26:22 [T139716995360448] [INFO] worker 2 message 100
2025-10-05 18:26:22 [T139716896749248] [INFO] worker 7 message 100
2025-10-05 18:26:22 [T139716091442880] [INFO] worker 12 message 100
2025-10-05 18:26:22 [T139716888356544] [INFO] worker 8 message 88
2025-10-05 18:26:22 [T139716852709056] [INFO] worker 3 message 88
2025-10-05 18:26:22 [T139716083050176] [INFO] worker 13 message 88
2025-10-05 18:26:22 [T139717003753152] [INFO] worker 1 message 117
2025-10-05 18:26:22 [T139716978575040] [INFO] worker 6 message 117
2025-10-05 18:26:22 [T139716863178432] [INFO] worker 11 message 117
2025-10-05 18:26:22 [T139716066264768] [INFO] worker 15 message 140
2025-10-05 18:26:22 [T139716986967744] [INFO] worker 5 message 140
2025-10-05 18:26:22 [T139716871571136] [INFO] worker 10 message 140
2025-10-05 18:26:22 [T139717012145856] [INFO] worker 0 message 140
2025-10-05 18:26:22 [T139716995360448] [INFO] worker 2 message 101
2025-10-05 18:26:22 [T139716091442880] [INFO] worker 12 message 101
2025-10-05 18:26:22 [T139716896749248] [INFO] worker 7 message 101
2025-10-05 18:26:22 [T139716844316352] [INFO] worker 4 message 79
2025-10-05 18:26:22 [T139716879963840] [INFO] worker 9 message 79
2025-10-05 18:26:22 [T139716074657472] [INFO] worker 14 message 79
2025-10-05 18:26:22 [T139716066264768] [INFO] worker 15 message 141
2025-10-05 18:26:22 [T139716986967744] [INFO] worker 5 message 141
2025-10-05 18:26:22 [T139716871571136] [INFO] worker 10 message 141
2025-10-05 18:26:22 [T139717012145856] [INFO] worker 0 message 141
2025-10-05 18:26:22 [T139717003753152] [INFO] worker 1 message 118
2025-10-05 18:26:22 [T139716978575040] [INFO] worker 6 message 118
2025-10-05 18:26:22 [T139716863178432] [INFO] worker 11 message 118
2025-10-05 18:26:22 [T139716888356544] [INFO] worker 8 message 89
2025-10-05 18:26:22 [T139716852709056] [INFO] worker 3 message 89
2025-10-05 18:26:22 [T139716083050176] [INFO] worker 13 message 89
2025-10-05 18:26:22 [T139716995360448] [INFO] worker 2 message 102
2025-10-05 18:26:22 [T139716091442880] [INFO] worker 12 message 102
2025-10-05 18:26:22 [T139716896749248] [INFO] worker 7 message 102
2025-10-05 18:26:22 [T139716986967744] [INFO] worker 5 message 142
2025-10-05 18:26:22 [T139716066264768] [INFO] worker 15 message 142
2025-10-05 18:26:22 [T139716871571136] [INFO] worker 10 message 142
2025-10-05 18:26:22 [T139717012145856] [INFO] worker 0 message 142
2025-10-05 18:26:22 [T139717003753152] [INFO] worker 1 message 119
2025-10-05 18:26:22 [T139716978575040] [INFO] worker 6 message 119
2025-10-05 18:26:22 [T139716863178432] [INFO] worker 11 message 119
2025-10-05 18:26:22 [T139716844316352] [INFO] worker 4 message 80
2025-10-05 18:26:22 [T139716074657472] [INFO] worker 14 message 80
2025-10-05 18:26:22 [T139716879963840] [INFO] worker 9 message 80
2025-10-05 18:26:22 [T139716083050176] [INFO] worker 13 message 90
2025-10-05 18:26:22 [T139716852709056] [INFO] worker 3 message 90
2025-10-05 18:26:22 [T139716888356544] [INFO] worker 8 message 90
2025-10-05 18:26:22 [T139716986967744] [INFO] worker 5 message 143
2025-10-05 18:26:22 [T139716066264768] [INFO] worker 15 message 143
2025-10-05 18:26:22 [T139716871571136] [INFO] worker 10 message 143
2025-10-05 18:26:22 [T139717012145856] [INFO] worker 0 message 143
2025-10-05 18:26:22 [T139716995360448] [INFO] worker 2 message 103
2025-10-05 18:26:22 [T139716896749248] [INFO] worker 7 message 103
2025-10-05 18:26:22 [T139716091442880] [INFO] worker 12 message 103
2025-10-05 18:26:22 [T139717003753152] [INFO] worker 1 message 120
2025-10-05 18:26:22 [T139716978575040] [INFO] worker 6 message 120
2025-10-05 18:26:22 [T139716863178432] [INFO] worker 11 message 120
2025-10-05 18:26:22 [T139716986967744] [INFO] worker 5 message 144
2025-10-05 18:26:22 [T139716066264768] [INFO] worker 15 message 144
2025-10-05 18:26:22 [T139716871571136] [INFO] worker 10 message 144
2025-10-05 18:26:22 [T139717012145856] [INFO] worker 0 message 144
2025-10-05 18:26:22 [T139716083050176] [INFO] worker 13 message 91
2025-10-05 18:26:22 [T139716852709056] [INFO] worker 3 message 91
2025-10-05 18:26:22 [T139716888356544] [INFO] worker 8 message 91
2025-10-05 18:26:22 [T139716844316352] [INFO] worker 4 message 81
2025-10-05 18:26:22 [T139716074657472] [INFO] worker 14 message 81
2025-10-05 18:26:22 [T139716879963840] [INFO] worker 9 message 81
2025-10-05 18:26:22 [T139717003753152] [INFO] worker 1 message 121
2025-10-05 18:26:22 [T139716978575040] [INFO] worker 6 message 121
2025-10-05 18:26:22 [T139716863178432] [INFO] worker 11 message 121
2025-10-05 18:26:22 [T139716995360448] [INFO] worker 2 message 104
2025-10-05 18:26:22 [T139716896749248] [INFO] worker 7 message 104
2025-10-05 18:26:22 [T139716091442880] [INFO] worker 12 message 104
2025-10-05 18:26:22 [T139716986967744] [INFO] worker 5 message 145
2025-10-05 18:26:22 [T139716871571136] [INFO] worker 10 message 145
2025-10-05 18:26:22 [T139716066264768] [INFO] worker 15 message 145
2025-10-05 18:26:22 [T139717012145856] [INFO] worker 0 message 145
2025-10-05 18:26:22 [T139717003753152] [INFO] worker 1 message 122
2025-10-05 18:26:22 [T139716978575040] [INFO] worker 6 message 122
2025-10-05 18:26:22 [T139716863178432] [INFO] worker 11 message 122
2025-10-05 18:26:22 [T139716871571136] [INFO] worker 10 message 146
2025-10-05 18:26:22 [T139716986967744] [INFO] worker 5 message 146
2025-10-05 18:26:22 [T139716066264768] [INFO] worker 15 message 146
2025-10-05 18:26:22 [T139717012145856] [INFO] worker 0 message 146
2025-10-05 18:26:22 [T139716083050176] [INFO] worker 13 message 92
2025-10-05 18:26:22 [T139716852709056] [INFO] worker 3 message 92
2025-10-05 18:26:22 [T139716888356544] [INFO] worker 8 message 92
2025-10-05 18:26:22 [T139716995360448] [INFO] worker 2 message 105
2025-10-05 18:26:22 [T139716896749248] [INFO] worker 7 message 105
2025-10-05 18:26:22 [T139716091442880] [INFO] worker 12 message 105
2025-10-05 18:26:22 [T139716844316352] [INFO] worker 4 message 82
2025-10-05 18:26:22 [T139716879963840] [INFO] worker 9 message 82
2025-10-05 18:26:22 [T139716074657472] [INFO] worker 14 message 82
2025-10-05 18:26:22 [T139716871571136] [INFO] worker 10 message 147
2025-10-05 18:26:22 [T139716986967744] [INFO] worker 5 message 147
2025-10-05 18:26:22 [T139717012145856] [INFO] worker 0 message 147
2025-10-05 18:26:22 [T139717003753152] [INFO] worker 1 message 123
2025-10-05 18:26:22 [T139716066264768] [INFO] worker 15 message 147
2025-10-05 18:26:22 [T139716978575040] [INFO] worker 6 message 123
2025-10-05 18:26:22 [T139716863178432] [INFO] worker 11 message 123
2025-10-05 18:26:22 [T139716896749248] [INFO] worker 7 message 106
2025-10-05 18:26:22 [T139716995360448] [INFO] worker 2 message 106
2025-10-05 18:26:22 [T139716091442880] [INFO] worker 12 message 106
2025-10-05 18:26:22 [T139716083050176] [INFO] worker 13 message 93
2025-10-05 18:26:22 [T139716852709056] [INFO] worker 3 message 93
2025-10-05 18:26:22 [T139716888356544] [INFO] worker 8 message 93
2025-10-05 18:26:22 [T139716871571136] [INFO] worker 10 message 148
2025-10-05 18:26:22 [T139716986967744] [INFO] worker 5 message 148
2025-10-05 18:26:22 [T139717012145856] [INFO] worker 0 message 148
2025-10-05 18:26:22 [T139716066264768] [INFO] worker 15 message 148
2025-10-05 18:26:22 [T139716844316352] [INFO] worker 4 message 83
2025-10-05 18:26:22 [T139716879963840] [INFO] worker 9 message 83
2025-10-05 18:26:22 [T139716074657472] [INFO] worker 14 message 83
2025-10-05 18:26:22 [T139717003753152] [INFO] worker 1 message 124
2025-10-05 18:26:22 [T139716978575040] [INFO] worker 6 message 124
2025-10-05 18:26:22 [T139716863178432] [INFO] worker 11 message 124
2025-10-05 18:26:22 [T139716896749248] [INFO] worker 7 message 107
2025-10-05 18:26:22 [T139716995360448] [INFO] worker 2 message 107
2025-10-05 18:26:22 [T139716091442880] [INFO] worker 12 message 107
2025-10-05 18:26:22 [T139716871571136] [INFO] worker 10 message 149
2025-10-05 18:26:22 [T139716986967744] [INFO] worker 5 message 149
2025-10-05 18:26:22 [T139716066264768] [INFO] worker 15 message 149
2025-10-05 18:26:22 [T139717012145856] [INFO] worker 0 message 149
2025-10-05 18:26:22 [T139716083050176] [INFO] worker 13 message 94
2025-10-05 18:26:22 [T139716852709056] [INFO] worker 3 message 94
2025-10-05 18:26:22 [T139716888356544] [INFO] worker 8 message 94
2025-10-05 18:26:22 [T139717003753152] [INFO] worker 1 message 125
2025-10-05 18:26:22 [T139716978575040] [INFO] worker 6 message 125
2025-10-05 18:26:22 [T139716863178432] [INFO] worker 11 message 125
2025-10-05 18:26:22 [T139716844316352] [INFO] worker 4 message 84
2025-10-05 18:26:22 [T139716879963840] [INFO] worker 9 message 84
2025-10-05 18:26:22 [T139716074657472] [INFO] worker 14 message 84
2025-10-05 18:26:22 [T139716871571136] [INFO] worker 10 message 150
2025-10-05 18:26:22 [T139717012145856] [INFO] worker 0 message 150
2025-10-05 18:26:22 [T139716066264768] [INFO] worker 15 message 150
2025-10-05 18:26:22 [T139716986967744] [INFO] worker 5 message 150
2025-10-05 18:26:22 [T139716896749248] [INFO] worker 7 message 108
2025-10-05 18:26:22 [T139716995360448] [INFO] worker 2 message 108
2025-10-05 18:26:22 [T139716091442880] [INFO] worker 12 message 108
2025-10-05 18:26:22 [T139717003753152] [INFO] worker 1 message 126
2025-10-05 18:26:22 [T139716978575040] [INFO] worker 6 message 126
2025-10-05 18:26:22 [T139716863178432] [INFO] worker 11 message 126
2025-10-05 18:26:22 [T139716083050176] [INFO] worker 13 message 95
2025-10-05 18:26:22 [T139716852709056] [INFO] worker 3 message 95
2025-10-05 18:26:22 [T139716888356544] [INFO] worker 8 message 95
2025-10-05 18:26:22 [T139716871571136] [INFO] worker 10 message 151
2025-10-05 18:26:22 [T139717012145856] [INFO] worker 0 message 151
2025-10-05 18:26:22 [T139716066264768] [INFO] worker 15 message 151
2025-10-05 18:26:22 [T139716986967744] [INFO] worker 5 message 151
2025-10-05 18:26:22 [T139716844316352] [INFO] worker 4 message 85
2025-10-05 18:26:22 [T139716879963840] [INFO] worker 9 message 85
2025-10-05 18:26:22 [T139716074657472] [INFO] worker 14 message 85
2025-10-05 18:26:22 [T139716896749248] [INFO] worker 7 message 109
2025-10-05 18:26:22 [T139716995360448] [INFO] worker 2 message 109
2025-10-05 18:26:22 [T139716091442880] [INFO] worker 12 message 109
2025-10-05 18:26:22 [T139717003753152] [INFO] worker 1 message 127
2025-10-05 18:26:22 [T139716978575040] [INFO] worker 6 message 127
2025-10-05 18:26:22 [T139716863178432] [INFO] worker 11 message 127
2025-10-05 18:26:22 [T139716871571136] [INFO] worker 10 message 152
2025-10-05 18:26:22 [T139717012145856] [INFO] worker 0 message 152
2025-10-05 18:26:22 [T139716066264768] [INFO] worker 15 message 152
2025-10-05 18:26:22 [T139716986967744] [INFO] worker 5 message 152
2025-10-05 18:26:22 [T139716083050176] [INFO] worker 13 message 96
2025-10-05 18:26:22 [T139716852709056] [INFO] worker 3 message 96
2025-10-05 18:26:22 [T139716888356544] [INFO] worker 8 message 96
2025-10-05 18:26:22 [T139717003753152] [INFO] worker 1 message 128
2025-10-05 18:26:22 [T139717012145856] [INFO] worker 0 message 153
2025-10-05 18:26:22 [T139716871571136] [INFO] worker 10 message 153
2025-10-05 18:26:22 [T139716066264768] [INFO] worker 15 message 153
2025-10-05 18:26:22 [T139716986967744] [INFO] worker 5 message 153
2025-10-05 18:26:22 [T139716978575040] [INFO] worker 6 message 128
2025-10-05 18:26:22 [T139716896749248] [INFO] worker 7 message 110
2025-10-05 18:26:22 [T139716995360448] [INFO] worker 2 message 110
2025-10-05 18:26:22 [T139716863178432] [INFO] worker 11 message 128
2025-10-05 18:26:22 [T139716091442880] [INFO] worker 12 message 110
2025-10-05 18:26:22 [T139716844316352] [INFO] worker 4 message 86
2025-10-05 18:26:22 [T139716879963840] [INFO] worker 9 message 86
2025-10-05 18:26:22 [T139716074657472] [INFO] worker 14 message 86
2025-10-05 18:26:22 [T139716083050176] [INFO] worker 13 message 97
2025-10-05 18:26:22 [T139716852709056] [INFO] worker 3 message 97
2025-10-05 18:26:22 [T139716871571136] [INFO] worker 10 message 154
2025-10-05 18:26:22 [T139717012145856] [INFO] worker 0 message 154
2025-10-05 18:26:22 [T139716888356544] [INFO] worker 8 message 97
2025-10-05 18:26:22 [T139716066264768] [INFO] worker 15 message 154
2025-10-05 18:26:22 [T139716986967744] [INFO] worker 5 message 154
2025-10-05 18:26:22 [T139717003753152] [INFO] worker 1 message 129
2025-10-05 18:26:22 [T139716978575040] [INFO] worker 6 message 129
2025-10-05 18:26:22 [T139716863178432] [INFO] worker 11 message 129
2025-10-05 18:26:22 [T139716896749248] [INFO] worker 7 message 111
2025-10-05 18:26:22 [T139716995360448] [INFO] worker 2 message 111
2025-10-05 18:26:22 [T139716091442880] [INFO] worker 12 message 111
2025-10-05 18:26:22 [T139716871571136] [INFO] worker 10 message 155
2025-10-05 18:26:22 [T139717012145856] [INFO] worker 0 message 155
2025-10-05 18:26:22 [T139716066264768] [INFO] worker 15 message 155
2025-10-05 18:26:22 [T139716986967744] [INFO] worker 5 message 155
2025-10-05 18:26:22 [T139716844316352] [INFO] worker 4 message 87
2025-10-05 18:26:22 [T139716879963840] [INFO] worker 9 message 87
2025-10-05 18:26:22 [T139716074657472] [INFO] worker 14 message 87
2025-10-05 18:26:22 [T139717003753152] [INFO] worker 1 message 130
2025-10-05 18:26:22 [T139716978575040] [INFO] worker 6 message 130
2025-10-05 18:26:22 [T139716863178432] [INFO] worker 11 message 130
2025-10-05 18:26:22 [T139716083050176] [INFO] worker 13 message 98
2025-10-05 18:26:22 [T139716852709056] [INFO] worker 3 message 98
2025-10-05 18:26:22 [T139716888356544] [INFO] worker 8 message 98
2025-10-05 18:26:22 [T139716896749248] [INFO] worker 7 message 112
2025-10-05 18:26:22 [T139716091442880] [INFO] worker 12 message 112
2025-10-05 18:26:22 [T139716995360448] [INFO] worker 2 message 112
2025-10-05 18:26:23 [T139716871571136] [INFO] worker 10 message 156
2025-10-05 18:26:23 [T139717012145856] [INFO] worker 0 message 156
2025-10-05 18:26:23 [T139716066264768] [INFO] worker 15 message 156
2025-10-05 18:26:23 [T139716986967744] [INFO] worker 5 message 156
2025-10-05 18:26:23 [T139717003753152] [INFO] worker 1 message 131
2025-10-05 18:26:23 [T139716978575040] [INFO] worker 6 message 131
2025-10-05 18:26:23 [T139716863178432] [INFO] worker 11 message 131
2025-10-05 18:26:23 [T139716879963840] [INFO] worker 9 message 88
2025-10-05 18:26:23 [T139716844316352] [INFO] worker 4 message 88
2025-10-05 18:26:23 [T139716871571136] [INFO] worker 10 message 157
2025-10-05 18:26:23 [T139716074657472] [INFO] worker 14 message 88
2025-10-05 18:26:23 [T139717012145856] [INFO] worker 0 message 157
2025-10-05 18:26:23 [T139716986967744] [INFO] worker 5 message 157
2025-10-05 18:26:23 [T139716066264768] [INFO] worker 15 message 157
2025-10-05 18:26:23 [T139716083050176] [INFO] worker 13 message 99
2025-10-05 18:26:23 [T139716852709056] [INFO] worker 3 message 99
2025-10-05 18:26:23 [T139716888356544] [INFO] worker 8 message 99
2025-10-05 18:26:23 [T139716896749248] [INFO] worker 7 message 113
2025-10-05 18:26:23 [T139716091442880] [INFO] worker 12 message 113
2025-10-05 18:26:23 [T139716995360448] [INFO] worker 2 message 113
2025-10-05 18:26:23 [T139717003753152] [INFO] worker 1 message 132
2025-10-05 18:26:23 [T139716978575040] [INFO] worker 6 message 132
2025-10-05 18:26:23 [T139716863178432] [INFO] worker 11 message 132
2025-10-05 18:26:23 [T139716871571136] [INFO] worker 10 message 158
2025-10-05 18:26:23 [T139717012145856] [INFO] worker 0 message 158
2025-10-05 18:26:23 [T139716986967744] [INFO] worker 5 message 158
2025-10-05 18:26:23 [T139716066264768] [INFO] worker 15 message 158
2025-10-05 18:26:23 [T139716896749248] [INFO] worker 7 message 114
2025-10-05 18:26:23 [T139716091442880] [INFO] worker 12 message 114
2025-10-05 18:26:23 [T139716995360448] [INFO] worker 2 message 114
2025-10-05 18:26:23 [T139716083050176] [INFO] worker 13 message 100
2025-10-05 18:26:23 [T139716852709056] [INFO] worker 3 message 100
2025-10-05 18:26:23 [T139716888356544] [INFO] worker 8 message 100
2025-10-05 18:26:23 [T139716879963840] [INFO] worker 9 message 89
2025-10-05 18:26:23 [T139716844316352] [INFO] worker 4 message 89
2025-10-05 18:26:23 [T139716074657472] [INFO] worker 14 message 89
2025-10-05 18:26:23 [T139717003753152] [INFO] worker 1 message 133
2025-10-05 18:26:23 [T139716871571136] [INFO] worker 10 message 159
2025-10-05 18:26:23 [T139717012145856] [INFO] worker 0 message 159
2025-10-05 18:26:23 [T139716986967744] [INFO] worker 5 message 159
2025-10-05 18:26:23 [T139716066264768] [INFO] worker 15 message 159
2025-10-05 18:26:23 [T139716978575040] [INFO] worker 6 message 133
2025-10-05 18:26:23 [T139716863178432] [INFO] worker 11 message 133
2025-10-05 18:26:23 [T139716871571136] [INFO] worker 10 message 160
2025-10-05 18:26:23 [T139717012145856] [INFO] worker 0 message 160
2025-10-05 18:26:23 [T139716986967744] [INFO] worker 5 message 160
2025-10-05 18:26:23 [T139716066264768] [INFO] worker 15 message 160
2025-10-05 18:26:23 [T139716896749248] [INFO] worker 7 message 115
2025-10-05 18:26:23 [T139716091442880] [INFO] worker 12 message 115
2025-10-05 18:26:23 [T139716995360448] [INFO] worker 2 message 115
2025-10-05 18:26:23 [T139717003753152] [INFO] worker 1 message 134
2025-10-05 18:26:23 [T139716863178432] [INFO] worker 11 message 134
2025-10-05 18:26:23 [T139716978575040] [INFO] worker 6 message 134
2025-10-05 18:26:23 [T139716083050176] [INFO] worker 13 message 101
2025-10-05 18:26:23 [T139716852709056] [INFO] worker 3 message 101
2025-10-05 18:26:23 [T139716888356544] [INFO] worker 8 message 101
2025-10-05 18:26:23 [T139716879963840] [INFO] worker 9 message 90
2025-10-05 18:26:23 [T139716844316352] [INFO] worker 4 message 90
2025-10-05 18:26:23 [T139716074657472] [INFO] worker 14 message 90
2025-10-05 18:26:23 [T139716871571136] [INFO] worker 10 message 161
2025-10-05 18:26:23 [T139717012145856] [INFO] worker 0 message 161
2025-10-05 18:26:23 [T139716986967744] [INFO] worker 5 message 161
2025-10-05 18:26:23 [T139716066264768] [INFO] worker 15 message 161
2025-10-05 18:26:23 [T139717003753152] [INFO] worker 1 message 135
2025-10-05 18:26:23 [T139716896749248] [INFO] worker 7 message 116
2025-10-05 18:26:23 [T139716995360448] [INFO] worker 2 message 116
2025-10-05 18:26:23 [T139716863178432] [INFO] worker 11 message 135
2025-10-05 18:26:23 [T139716091442880] [INFO] worker 12 message 116
2025-10-05 18:26:23 [T139716978575040] [INFO] worker 6 message 135
2025-10-05 18:26:23 [T139716083050176] [INFO] worker 13 message 102
2025-10-05 18:26:23 [T139716852709056] [INFO] worker 3 message 102
2025-10-05 18:26:23 [T139716888356544] [INFO] worker 8 message 102
2025-10-05 18:26:23 [T139716871571136] [INFO] worker 10 message 162
2025-10-05 18:26:23 [T139717012145856] [INFO] worker 0 message 162
2025-10-05 18:26:23 [T139716986967744] [INFO] worker 5 message 162
2025-10-05 18:26:23 [T139716066264768] [INFO] worker 15 message 162
2025-10-05 18:26:23 [T139716844316352] [INFO] worker 4 message 91
2025-10-05 18:26:23 [T139716074657472] [INFO] worker 14 message 91
2025-10-05 18:26:23 [T139716879963840] [INFO] worker 9 message 91
2025-10-05 18:26:23 [T139717003753152] [INFO] worker 1 message 136
2025-10-05 18:26:23 [T139716978575040] [INFO] worker 6 message 136
2025-10-05 18:26:23 [T139716863178432] [INFO] worker 11 message 136
2025-10-05 18:26:23 [T139716896749248] [INFO] worker 7 message 117
2025-10-05 18:26:23 [T139716091442880] [INFO] worker 12 message 117
2025-10-05 18:26:23 [T139716995360448] [INFO] worker 2 message 117
2025-10-05 18:26:23 [T139716871571136] [INFO] worker 10 message 163
2025-10-05 18:26:23 [T139717012145856] [INFO] worker 0 message 163
2025-10-05 18:26:23 [T139716986967744] [INFO] worker 5 message 163
2025-10-05 18:26:23 [T139716066264768] [INFO] worker 15 message 163
2025-10-05 18:26:23 [T139716083050176] [INFO] worker 13 message 103
2025-10-05 18:26:23 [T139716888356544] [INFO] worker 8 message 103
2025-10-05 18:26:23 [T139716852709056] [INFO] worker 3 message 103
2025-10-05 18:26:23 [T139717003753152] [INFO] worker 1 message 137
2025-10-05 18:26:23 [T139716978575040] [INFO] worker 6 message 137
2025-10-05 18:26:23 [T139716863178432] [INFO] worker 11 message 137
2025-10-05 18:26:23 [T139716871571136] [INFO] worker 10 message 164
2025-10-05 18:26:23 [T139717012145856] [INFO] worker 0 message 164
2025-10-05 18:26:23 [T139716066264768] [INFO] worker 15 message 164
2025-10-05 18:26:23 [T139716986967744] [INFO] worker 5 message 164
2025-10-05 18:26:23 [T139716844316352] [INFO] worker 4 message 92
2025-10-05 18:26:23 [T139716074657472] [INFO] worker 14 message 92
2025-10-05 18:26:23 [T139716879963840] [INFO] worker 9 message 92
2025-10-05 18:26:23 [T139716896749248] [INFO] worker 7 message 118
2025-10-05 18:26:23 [T139716091442880] [INFO] worker 12 message 118
2025-10-05 18:26:23 [T139716995360448] [INFO] worker 2 message 118
2025-10-05 18:26:23 [T139717003753152] [INFO] worker 1 message 138
2025-10-05 18:26:23 [T139716871571136] [INFO] worker 10 message 165
2025-10-05 18:26:23 [T139717012145856] [INFO] worker 0 message 165
2025-10-05 18:26:23 [T139716066264768] [INFO] worker 15 message 165
2025-10-05 18:26:23 [T139716986967744] [INFO] worker 5 message 165
2025-10-05 18:26:23 [T139716083050176] [INFO] worker 13 message 104
2025-10-05 18:26:23 [T139716978575040] [INFO] worker 6 message 138
2025-10-05 18:26:23 [T139716863178432] [INFO] worker 11 message 138
2025-10-05 18:26:23 [T139716888356544] [INFO] worker 8 message 104
2025-10-05 18:26:23 [T139716852709056] [INFO] worker 3 message 104
2025-10-05 18:26:23 [T139716995360448] [INFO] worker 2 message 119
2025-10-05 18:26:23 [T139716896749248] [INFO] worker 7 message 119
2025-10-05 18:26:23 [T139716091442880] [INFO] worker 12 message 119
2025-10-05 18:26:23 [T139716844316352] [INFO] worker 4 message 93
2025-10-05 18:26:23 [T139716074657472] [INFO] worker 14 message 93
2025-10-05 18:26:23 [T139716879963840] [INFO] worker 9 message 93
2025-10-05 18:26:23 [T139716871571136] [INFO] worker 10 message 166
2025-10-05 18:26:23 [T139717012145856] [INFO] worker 0 message 166
2025-10-05 18:26:23 [T139716066264768] [INFO] worker 15 message 166
2025-10-05 18:26:23 [T139716986967744] [INFO] worker 5 message 166
2025-10-05 18:26:23 [T139717003753152] [INFO] worker 1 message 139
2025-10-05 18:26:23 [T139716978575040] [INFO] worker 6 message 139
2025-10-05 18:26:23 [T139716863178432] [INFO] worker 11 message 139
2025-10-05 18:26:23 [T139716083050176] [INFO] worker 13 message 105
2025-10-05 18:26:23 [T139716888356544] [INFO] worker 8 message 105
2025-10-05 18:26:23 [T139716852709056] [INFO] worker 3 message 105
2025-10-05 18:26:23 [T139716871571136] [INFO] worker 10 message 167
2025-10-05 18:26:23 [T139717012145856] [INFO] worker 0 message 167
2025-10-05 18:26:23 [T139716066264768] [INFO] worker 15 message 167
2025-10-05 18:26:23 [T139716986967744] [INFO] worker 5 message 167
2025-10-05 18:26:23 [T139716995360448] [INFO] worker 2 message 120
2025-10-05 18:26:23 [T139716896749248] [INFO] worker 7 message 120
2025-10-05 18:26:23 [T139716091442880] [INFO] worker 12 message 120
2025-10-05 18:26:23 [T139717003753152] [INFO] worker 1 message 140
2025-10-05 18:26:23 [T139716978575040] [INFO] worker 6 message 140
2025-10-05 18:26:23 [T139716863178432] [INFO] worker 11 message 140
2025-10-05 18:26:23 [T139716844316352] [INFO] worker 4 message 94
2025-10-05 18:26:23 [T139716074657472] [INFO] worker 14 message 94
2025-10-05 18:26:23 [T139716879963840] [INFO] worker 9 message 94
2025-10-05 18:26:23 [T139716871571136] [INFO] worker 10 message 168
2025-10-05 18:26:23 [T139717012145856] [INFO] worker 0 message 168
2025-10-05 18:26:23 [T139716066264768] [INFO] worker 15 message 168
2025-10-05 18:26:23 [T139716986967744] [INFO] worker 5 message 168
2025-10-05 18:26:23 [T139716083050176] [INFO] worker 13 message 106
2025-10-05 18:26:23 [T139716888356544] [INFO] worker 8 message 106
2025-10-05 18:26:23 [T139716852709056] [INFO] worker 3 message 106
2025-10-05 18:26:23 [T139716995360448] [INFO] worker 2 message 121
2025-10-05 18:26:23 [T139716896749248] [INFO] worker 7 message 121
2025-10-05 18:26:23 [T139716091442880] [INFO] worker 12 message 121
2025-10-05 18:26:23 [T139717003753152] [INFO] worker 1 message 141
2025-10-05 18:26:23 [T139716978575040] [INFO] worker 6 message 141
2025-10-05 18:26:23 [T139716863178432] [INFO] worker 11 message 141
2025-10-05 18:26:23 [T139716871571136] [INFO] worker 10 message 169
2025-10-05 18:26:23 [T139717012145856] [INFO] worker 0 message 169
2025-10-05 18:26:23 [T139716066264768] [INFO] worker 15 message 169
2025-10-05 18:26:23 [T139716986967744] [INFO] worker 5 message 169
2025-10-05 18:26:23 [T139716844316352] [INFO] worker 4 message 95
2025-10-05 18:26:23 [T139716074657472] [INFO] worker 14 message 95
2025-10-05 18:26:23 [T139716879963840] [INFO] worker 9 message 95
2025-10-05 18:26:23 [T139717003753152] [INFO] worker 1 message 142
2025-10-05 18:26:23 [T139716083050176] [INFO] worker 13 message 107
2025-10-05 18:26:23 [T139716995360448] [INFO] worker 2 message 122
2025-10-05 18:26:23 [T139716978575040] [INFO] worker 6 message 142
2025-10-05 18:26:23 [T139716896749248] [INFO] worker 7 message 122
2025-10-05 18:26:23 [T139716091442880] [INFO] worker 12 message 122
2025-10-05 18:26:23 [T139716863178432] [INFO] worker 11 message 142
2025-10-05 18:26:23 [T139716888356544] [INFO] worker 8 message 107
2025-10-05 18:26:23 [T139716852709056] [INFO] worker 3 message 107
2025-10-05 18:26:23 [T139716871571136] [INFO] worker 10 message 170
2025-10-05 18:26:23 [T139717012145856] [INFO] worker 0 message 170
2025-10-05 18:26:23 [T139716986967744] [INFO] worker 5 message 170
2025-10-05 18:26:23 [T139716066264768] [INFO] worker 15 message 170
2025-10-05 18:26:23 [T139717003753152] [INFO] worker 1 message 143
2025-10-05 18:26:23 [T139716871571136] [INFO] worker 10 message 171
2025-10-05 18:26:23 [T139717012145856] [INFO] worker 0 message 171
2025-10-05 18:26:23 [T139716986967744] [INFO] worker 5 message 171
2025-10-05 18:26:23 [T139716978575040] [INFO] worker 6 message 143
2025-10-05 18:26:23 [T139716066264768] [INFO] worker 15 message 171
2025-10-05 18:26:23 [T139716863178432] [INFO] worker 11 message 143
2025-10-05 18:26:23 [T139716995360448] [INFO] worker 2 message 123
2025-10-05 18:26:23 [T139716896749248] [INFO] worker 7 message 123
2025-10-05 18:26:23 [T139716091442880] [INFO] worker 12 message 123
2025-10-05 18:26:23 [T139716844316352] [INFO] worker 4 message 96
2025-10-05 18:26:23 [T139716074657472] [INFO] worker 14 message 96
2025-10-05 18:26:23 [T139716879963840] [INFO] worker 9 message 96
2025-10-05 18:26:23 [T139716083050176] [INFO] worker 13 message 108
2025-10-05 18:26:23 [T139716888356544] [INFO] worker 8 message 108
2025-10-05 18:26:23 [T139716852709056] [INFO] worker 3 message 108
2025-10-05 18:26:23 [T139716871571136] [INFO] worker 10 message 172
2025-10-05 18:26:23 [T139717012145856] [INFO] worker 0 message 172
2025-10-05 18:26:23 [T139716986967744] [INFO] worker 5 message 172
2025-10-05 18:26:23 [T139716066264768] [INFO] worker 15 message 172
2025-10-05 18:26:23 [T139717003753152] [INFO] worker 1 message 144
2025-10-05 18:26:23 [T139716978575040] [INFO] worker 6 message 144
2025-10-05 18:26:23 [T139716863178432] [INFO] worker 11 message 144
2025-10-05 18:26:23 [T139716995360448] [INFO] worker 2 message 124
2025-10-05 18:26:23 [T139716896749248] [INFO] worker 7 message 124
2025-10-05 18:26:23 [T139716091442880] [INFO] worker 12 message 124
2025-10-05 18:26:23 [T139716871571136] [INFO] worker 10 message 173
2025-10-05 18:26:23 [T139717012145856] [INFO] worker 0 message 173
2025-10-05 18:26:23 [T139716083050176] [INFO] worker 13 message 109
2025-10-05 18:26:23 [T139716986967744] [INFO] worker 5 message 173
2025-10-05 18:26:23 [T139716888356544] [INFO] worker 8 message 109
2025-10-05 18:26:23 [T139716844316352] [INFO] worker 4 message 97
2025-10-05 18:26:23 [T139716852709056] [INFO] worker 3 message 109
2025-10-05 18:26:23 [T139716074657472] [INFO] worker 14 message 97
2025-10-05 18:26:23 [T139716066264768] [INFO] worker 15 message 173
2025-10-05 18:26:23 [T139716879963840] [INFO] worker 9 message 97
2025-10-05 18:26:23 [T139717003753152] [INFO] worker 1 message 145
2025-10-05 18:26:23 [T139716978575040] [INFO] worker 6 message 145
2025-10-05 18:26:23 [T139716863178432] [INFO] worker 11 message 145
2025-10-05 18:26:23 [T139716871571136] [INFO] worker 10 message 174
2025-10-05 18:26:23 [T139717012145856] [INFO] worker 0 message 174
2025-10-05 18:26:23 [T139716986967744] [INFO] worker 5 message 174
2025-10-05 18:26:23 [T139716995360448] [INFO] worker 2 message 125
2025-10-05 18:26:23 [T139716091442880] [INFO] worker 12 message 125
2025-10-05 18:26:23 [T139716896749248] [INFO] worker 7 message 125
2025-10-05 18:26:23 [T139716066264768] [INFO] worker 15 message 174
2025-10-05 18:26:23 [T139717003753152] [INFO] worker 1 message 146
2025-10-05 18:26:23 [T139716083050176] [INFO] worker 13 message 110
2025-10-05 18:26:23 [T139716888356544] [INFO] worker 8 message 110
2025-10-05 18:26:23 [T139716852709056] [INFO] worker 3 message 110
2025-10-05 18:26:23 [T139716978575040] [INFO] worker 6 message 146
2025-10-05 18:26:23 [T139716863178432] [INFO] worker 11 message 146
2025-10-05 18:26:23 [T139716844316352] [INFO] worker 4 message 98
2025-10-05 18:26:23 [T139716074657472] [INFO] worker 14 message 98
2025-10-05 18:26:23 [T139716879963840] [INFO] worker 9 message 98
2025-10-05 18:26:23 [T139716871571136] [INFO] worker 10 message 175
2025-10-05 18:26:23 [T139717012145856] [INFO] worker 0 message 175
2025-10-05 18:26:23 [T139716986967744] [INFO] worker 5 message 175
2025-10-05 18:26:23 [T139716066264768] [INFO] worker 15 message 175
2025-10-05 18:26:23 [T139716995360448] [INFO] worker 2 message 126
2025-10-05 18:26:23 [T139716896749248] [INFO] worker 7 message 126
2025-10-05 18:26:23 [T139716091442880] [INFO] worker 12 message 126
2025-10-05 18:26:23 [T139717003753152] [INFO] worker 1 message 147
2025-10-05 18:26:23 [T139716978575040] [INFO] worker 6 message 147
2025-10-05 18:26:23 [T139716863178432] [INFO] worker 11 message 147
2025-10-05 18:26:23 [T139716871571136] [INFO] worker 10 message 176
2025-10-05 18:26:23 [T139717012145856] [INFO] worker 0 message 176
2025-10-05 18:26:23 [T139716986967744] [INFO] worker 5 message 176
2025-10-05 18:26:23 [T139716066264768] [INFO] worker 15 message 176
2025-10-05 18:26:23 [T139716083050176] [INFO] worker 13 message 111
2025-10-05 18:26:23 [T139716888356544] [INFO] worker 8 message 111
2025-10-05 18:26:23 [T139716852709056] [INFO] worker 3 message 111
2025-10-05 18:26:23 [T139716844316352] [INFO] worker 4 message 99
2025-10-05 18:26:23 [T139716074657472] [INFO] worker 14 message 99
2025-10-05 18:26:23 [T139716879963840] [INFO] worker 9 message 99
2025-10-05 18:26:23 [T139716995360448] [INFO] worker 2 message 127
2025-10-05 18:26:23 [T139716896749248] [INFO] worker 7 message 127
2025-10-05 18:26:23 [T139716091442880] [INFO] worker 12 message 127
2025-10-05 18:26:23 [T139717003753152] [INFO] worker 1 message 148
2025-10-05 18:26:23 [T139716871571136] [INFO] worker 10 message 177
2025-10-05 18:26:23 [T139717012145856] [INFO] worker 0 message 177
2025-10-05 18:26:23 [T139716986967744] [INFO] worker 5 message 177
2025-10-05 18:26:23 [T139716978575040] [INFO] worker 6 message 148
2025-10-05 18:26:23 [T139716863178432] [INFO] worker 11 message 148
2025-10-05 18:26:23 [T139716066264768] [INFO] worker 15 message 177
2025-10-05 18:26:23 [T139716083050176] [INFO] worker 13 message 112
2025-10-05 18:26:23 [T139716888356544] [INFO] worker 8 message 112
2025-10-05 18:26:23 [T139716852709056] [INFO] worker 3 message 112
2025-10-05 18:26:23 [T139716871571136] [INFO] worker 10 message 178
2025-10-05 18:26:23 [T139717012145856] [INFO] worker 0 message 178
2025-10-05 18:26:23 [T139716986967744] [INFO] worker 5 message 178
2025-10-05 18:26:23 [T139716066264768] [INFO] worker 15 message 178
2025-10-05 18:26:23 [T139717003753152] [INFO] worker 1 message 149
2025-10-05 18:26:23 [T139716995360448] [INFO] worker 2 message 128
2025-10-05 18:26:23 [T139716896749248] [INFO] worker 7 message 128
2025-10-05 18:26:23 [T139716091442880] [INFO] worker 12 message 128
2025-10-05 18:26:23 [T139716978575040] [INFO] worker 6 message 149
2025-10-05 18:26:23 [T139716863178432] [INFO] worker 11 message 149
2025-10-05 18:26:23 [T139716844316352] [INFO] worker 4 message 100
2025-10-05 18:26:23 [T139716074657472] [INFO] worker 14 message 100
2025-10-05 18:26:23 [T139716879963840] [INFO] worker 9 message 100
2025-10-05 18:26:23 [T139716871571136] [INFO] worker 10 message 179
2025-10-05 18:26:23 [T139717012145856] [INFO] worker 0 message 179
2025-10-05 18:26:23 [T139716986967744] [INFO] worker 5 message 179
2025-10-05 18:26:23 [T139716066264768] [INFO] worker 15 message 179
2025-10-05 18:26:23 [T139717003753152] [INFO] worker 1 message 150
2025-10-05 18:26:23 [T139716083050176] [INFO] worker 13 message 113
2025-10-05 18:26:23 [T139716888356544] [INFO] worker 8 message 113
2025-10-05 18:26:23 [T139716852709056] [INFO] worker 3 message 113
2025-10-05 18:26:23 [T139716978575040] [INFO] worker 6 message 150
2025-10-05 18:26:23 [T139716863178432] [INFO] worker 11 message 150
2025-10-05 18:26:23 [T139716995360448] [INFO] worker 2 message 129
2025-10-05 18:26:23 [T139716896749248] [INFO] worker 7 message 129
2025-10-05 18:26:23 [T139716091442880] [INFO] worker 12 message 129
2025-10-05 18:26:23 [T139716871571136] [INFO] worker 10 message 180
2025-10-05 18:26:23 [T139717012145856] [INFO] worker 0 message 180
2025-10-05 18:26:23 [T139716986967744] [INFO] worker 5 message 180
2025-10-05 18:26:23 [T139716066264768] [INFO] worker 15 message 180
2025-10-05 18:26:23 [T139716844316352] [INFO] worker 4 message 101
2025-10-05 18:26:23 [T139716074657472] [INFO] worker 14 message 101
2025-10-05 18:26:23 [T139716879963840] [INFO] worker 9 message 101
2025-10-05 18:26:23 [T139717003753152] [INFO] worker 1 message 151
2025-10-05 18:26:23 [T139716978575040] [INFO] worker 6 message 151
2025-10-05 18:26:23 [T139716863178432] [INFO] worker 11 message 151
2025-10-05 18:26:23 [T139716083050176] [INFO] worker 13 message 114
2025-10-05 18:26:23 [T139716888356544] [INFO] worker 8 message 114
2025-10-05 18:26:23 [T139716852709056] [INFO] worker 3 message 114
2025-10-05 18:26:23 [T139716995360448] [INFO] worker 2 message 130
2025-10-05 18:26:23 [T139716871571136] [INFO] worker 10 message 181
2025-10-05 18:26:23 [T139716896749248] [INFO] worker 7 message 130
2025-10-05 18:26:23 [T139716091442880] [INFO] worker 12 message 130
2025-10-05 18:26:23 [T139717012145856] [INFO] worker 0 message 181
2025-10-05 18:26:23 [T139716986967744] [INFO] worker 5 message 181
2025-10-05 18:26:23 [T139716066264768] [INFO] worker 15 message 181
2025-10-05 18:26:23 [T139717003753152] [INFO] worker 1 message 152
2025-10-05 18:26:23 [T139716978575040] [INFO] worker 6 message 152
2025-10-05 18:26:23 [T139716863178432] [INFO] worker 11 message 152
2025-10-05 18:26:23 [T139716844316352] [INFO] worker 4 message 102
2025-10-05 18:26:23 [T139716074657472] [INFO] worker 14 message 102
2025-10-05 18:26:23 [T139716879963840] [INFO] worker 9 message 102
2025-10-05 18:26:23 [T139716871571136] [INFO] worker 10 message 182
2025-10-05 18:26:23 [T139717012145856] [INFO] worker 0 message 182
2025-10-05 18:26:23 [T139716986967744] [INFO] worker 5 message 182
2025-10-05 18:26:23 [T139716066264768] [INFO] worker 15 message 182
2025-10-05 18:26:23 [T139716995360448] [INFO] worker 2 message 131
2025-10-05 18:26:23 [T139716896749248] [INFO] worker 7 message 131
2025-10-05 18:26:23 [T139716091442880] [INFO] worker 12 message 131
2025-10-05 18:26:23 [T139716083050176] [INFO] worker 13 message 115
2025-10-05 18:26:23 [T139716888356544] [INFO] worker 8 message 115
2025-10-05 18:26:23 [T139716852709056] [INFO] worker 3 message 115
2025-10-05 18:26:23 [T139717003753152] [INFO] worker 1 message 153
2025-10-05 18:26:23 [T139716871571136] [INFO] worker 10 message 183
2025-10-05 18:26:23 [T139716978575040] [INFO] worker 6 message 153
2025-10-05 18:26:23 [T139717012145856] [INFO] worker 0 message 183
2025-10-05 18:26:23 [T139716863178432] [INFO] worker 11 message 153
2025-10-05 18:26:23 [T139716066264768] [INFO] worker 15 message 183
2025-10-05 18:26:23 [T139716986967744] [INFO] worker 5 message 183
2025-10-05 18:26:23 [T139716844316352] [INFO] worker 4 message 103
2025-10-05 18:26:23 [T139716074657472] [INFO] worker 14 message 103
2025-10-05 18:26:23 [T139716879963840] [INFO] worker 9 message 103
2025-10-05 18:26:23 [T139716896749248] [INFO] worker 7 message 132
2025-10-05 18:26:23 [T139716995360448] [INFO] worker 2 message 132
2025-10-05 18:26:23 [T139716091442880] [INFO] worker 12 message 132
2025-10-05 18:26:23 [T139716871571136] [INFO] worker 10 message 184
2025-10-05 18:26:23 [T139717012145856] [INFO] worker 0 message 184
2025-10-05 18:26:23 [T139716066264768] [INFO] worker 15 message 184
2025-10-05 18:26:23 [T139716986967744] [INFO] worker 5 message 184
2025-10-05 18:26:23 [T139717003753152] [INFO] worker 1 message 154
2025-10-05 18:26:23 [T139716083050176] [INFO] worker 13 message 116
2025-10-05 18:26:23 [T139716888356544] [INFO] worker 8 message 116
2025-10-05 18:26:23 [T139716852709056] [INFO] worker 3 message 116
2025-10-05 18:26:23 [T139716978575040] [INFO] worker 6 message 154
2025-10-05 18:26:23 [T139716863178432] [INFO] worker 11 message 154
2025-10-05 18:26:23 [T139716871571136] [INFO] worker 10 message 185
2025-10-05 18:26:23 [T139717012145856] [INFO] worker 0 message 185
2025-10-05 18:26:23 [T139716066264768] [INFO] worker 15 message 185
2025-10-05 18:26:23 [T139716986967744] [INFO] worker 5 message 185
2025-10-05 18:26:23 [T139716896749248] [INFO] worker 7 message 133
2025-10-05 18:26:23 [T139716995360448] [INFO] worker 2 message 133
2025-10-05 18:26:23 [T139716091442880] [INFO] worker 12 message 133
2025-10-05 18:26:23 [T139717003753152] [INFO] worker 1 message 155
2025-10-05 18:26:23 [T139716978575040] [INFO] worker 6 message 155
2025-10-05 18:26:23 [T139716863178432] [INFO] worker 11 message 155
2025-10-05 18:26:23 [T139716844316352] [INFO] worker 4 message 104
2025-10-05 18:26:23 [T139716074657472] [INFO] worker 14 message 104
2025-10-05 18:26:23 [T139716879963840] [INFO] worker 9 message 104
2025-10-05 18:26:23 [T139716083050176] [INFO] worker 13 message 117
2025-10-05 18:26:23 [T139716888356544] [INFO] worker 8 message 117
2025-10-05 18:26:23 [T139716852709056] [INFO] worker 3 message 117
2025-10-05 18:26:23 [T139716871571136] [INFO] worker 10 message 186
2025-10-05 18:26:23 [T139717012145856] [INFO] worker 0 message 186
2025-10-05 18:26:23 [T139716066264768] [INFO] worker 15 message 186
2025-10-05 18:26:23 [T139716986967744] [INFO] worker 5 message 186
2025-10-05 18:26:23 [T139717003753152] [INFO] worker 1 message 156
2025-10-05 18:26:23 [T139716896749248] [INFO] worker 7 message 134
2025-10-05 18:26:23 [T139716995360448] [INFO] worker 2 message 134
2025-10-05 18:26:23 [T139716091442880] [INFO] worker 12 message 134
2025-10-05 18:26:23 [T139716978575040] [INFO] worker 6 message 156
2025-10-05 18:26:23 [T139716863178432] [INFO] worker 11 message 156
2025-10-05 18:26:23 [T139716871571136] [INFO] worker 10 message 187
2025-10-05 18:26:23 [T139717012145856] [INFO] worker 0 message 187
2025-10-05 18:26:23 [T139716066264768] [INFO] worker 15 message 187
2025-10-05 18:26:23 [T139716986967744] [INFO] worker 5 message 187
2025-10-05 18:26:23 [T139716083050176] [INFO] worker 13 message 118
2025-10-05 18:26:23 [T139716844316352] [INFO] worker 4 message 105
2025-10-05 18:26:23 [T139716888356544] [INFO] worker 8 message 118
2025-10-05 18:26:23 [T139716852709056] [INFO] worker 3 message 118
2025-10-05 18:26:23 [T139716879963840] [INFO] worker 9 message 105
2025-10-05 18:26:23 [T139716074657472] [INFO] worker 14 message 105
2025-10-05 18:26:23 [T139717003753152] [INFO] worker 1 message 157
2025-10-05 18:26:23 [T139716978575040] [INFO] worker 6 message 157
2025-10-05 18:26:23 [T139716863178432] [INFO] worker 11 message 157
2025-10-05 18:26:23 [T139716896749248] [INFO] worker 7 message 135
2025-10-05 18:26:23 [T139716091442880] [INFO] worker 12 message 135
2025-10-05 18:26:23 [T139716995360448] [INFO] worker 2 message 135
2025-10-05 18:26:23 [T139716871571136] [INFO] worker 10 message 188
2025-10-05 18:26:23 [T139717012145856] [INFO] worker 0 message 188
2025-10-05 18:26:23 [T139716066264768] [INFO] worker 15 message 188
2025-10-05 18:26:23 [T139716986967744] [INFO] worker 5 message 188
2025-10-05 18:26:23 [T139716083050176] [INFO] worker 13 message 119
2025-10-05 18:26:23 [T139716852709056] [INFO] worker 3 message 119
2025-10-05 18:26:23 [T139717003753152] [INFO] worker 1 message 158
2025-10-05 18:26:23 [T139716888356544] [INFO] worker 8 message 119
2025-10-05 18:26:23 [T139716978575040] [INFO] worker 6 message 158
2025-10-05 18:26:23 [T139716871571136] [INFO] worker 10 message 189
2025-10-05 18:26:23 [T139717012145856] [INFO] worker 0 message 189
2025-10-05 18:26:23 [T139716066264768] [INFO] worker 15 message 189
2025-10-05 18:26:23 [T139716863178432] [INFO] worker 11 message 158
2025-10-05 18:26:23 [T139716986967744] [INFO] worker 5 message 189
2025-10-05 18:26:23 [T139716844316352] [INFO] worker 4 message 106
2025-10-05 18:26:23 [T139716879963840] [INFO] worker 9 message 106
2025-10-05 18:26:23 [T139716074657472] [INFO] worker 14 message 106
2025-10-05 18:26:23 [T139716091442880] [INFO] worker 12 message 136
2025-10-05 18:26:23 [T139716995360448] [INFO] worker 2 message 136
2025-10-05 18:26:23 [T139716896749248] [INFO] worker 7 message 136
2025-10-05 18:26:23 [T139716871571136] [INFO] worker 10 message 190
2025-10-05 18:26:23 [T139717012145856] [INFO] worker 0 message 190
2025-10-05 18:26:23 [T139716066264768] [INFO] worker 15 message 190
2025-10-05 18:26:23 [T139716986967744] [INFO] worker 5 message 190
2025-10-05 18:26:23 [T139717003753152] [INFO] worker 1 message 159
2025-10-05 18:26:23 [T139716978575040] [INFO] worker 6 message 159
2025-10-05 18:26:23 [T139716863178432] [INFO] worker 11 message 159
2025-10-05 18:26:23 [T139716083050176] [INFO] worker 13 message 120
2025-10-05 18:26:23 [T139716852709056] [INFO] worker 3 message 120
2025-10-05 18:26:23 [T139716888356544] [INFO] worker 8 message 120
2025-10-05 18:26:23 [T139716091442880] [INFO] worker 12 message 137
2025-10-05 18:26:23 [T139716995360448] [INFO] worker 2 message 137
2025-10-05 18:26:23 [T139716896749248] [INFO] worker 7 message 137
2025-10-05 18:26:23 [T139716844316352] [INFO] worker 4 message 107
2025-10-05 18:26:23 [T139716879963840] [INFO] worker 9 message 107
2025-10-05 18:26:23 [T139716074657472] [INFO] worker 14 message 107
2025-10-05 18:26:23 [T139716871571136] [INFO] worker 10 message 191
2025-10-05 18:26:23 [T139717012145856] [INFO] worker 0 message 191
2025-10-05 18:26:23 [T139716066264768] [INFO] worker 15 message 191
2025-10-05 18:26:23 [T139716986967744] [INFO] worker 5 message 191
2025-10-05 18:26:23 [T139717003753152] [INFO] worker 1 message 160
2025-10-05 18:26:23 [T139716978575040] [INFO] worker 6 message 160
2025-10-05 18:26:23 [T139716863178432] [INFO] worker 11 message 160
2025-10-05 18:26:23 [T139716871571136] [INFO] worker 10 message 192
2025-10-05 18:26:23 [T139717012145856] [INFO] worker 0 message 192
2025-10-05 18:26:23 [T139716066264768] [INFO] worker 15 message 192
2025-10-05 18:26:23 [T139716986967744] [INFO] worker 5 message 192
2025-10-05 18:26:23 [T139716083050176] [INFO] worker 13 message 121
2025-10-05 18:26:23 [T139716852709056] [INFO] worker 3 message 121
2025-10-05 18:26:23 [T139716888356544] [INFO] worker 8 message 121
2025-10-05 18:26:23 [T139716091442880] [INFO] worker 12 message 138
2025-10-05 18:26:23 [T139716995360448] [INFO] worker 2 message 138
2025-10-05 18:26:23 [T139716896749248] [INFO] worker 7 message 138
2025-10-05 18:26:23 [T139717003753152] [INFO] worker 1 message 161
2025-10-05 18:26:23 [T139716978575040] [INFO] worker 6 message 161
2025-10-05 18:26:23 [T139716863178432] [INFO] worker 11 message 161
2025-10-05 18:26:23 [T139716844316352] [INFO] worker 4 message 108
2025-10-05 18:26:23 [T139716879963840] [INFO] worker 9 message 108
2025-10-05 18:26:23 [T139716074657472] [INFO] worker 14 message 108
2025-10-05 18:26:23 [T139716871571136] [INFO] worker 10 message 193
2025-10-05 18:26:23 [T139717012145856] [INFO] worker 0 message 193
2025-10-05 18:26:23 [T139716066264768] [INFO] worker 15 message 193
2025-10-05 18:26:23 [T139716986967744] [INFO] worker 5 message 193
2025-10-05 18:26:23 [T139716091442880] [INFO] worker 12 message 139
2025-10-05 18:26:23 [T139716995360448] [INFO] worker 2 message 139
2025-10-05 18:26:23 [T139716896749248] [INFO] worker 7 message 139
2025-10-05 18:26:23 [T139716852709056] [INFO] worker 3 message 122
2025-10-05 18:26:23 [T139716083050176] [INFO] worker 13 message 122
2025-10-05 18:26:23 [T139716888356544] [INFO] worker 8 message 122
2025-10-05 18:26:23 [T139717003753152] [INFO] worker 1 message 162
2025-10-05 18:26:23 [T139716978575040] [INFO] worker 6 message 162
2025-10-05 18:26:23 [T139716863178432] [INFO] worker 11 message 162
2025-10-05 18:26:23 [T139716871571136] [INFO] worker 10 message 194
2025-10-05 18:26:23 [T139717012145856] [INFO] worker 0 message 194
2025-10-05 18:26:23 [T139716066264768] [INFO] worker 15 message 194
2025-10-05 18:26:23 [T139716986967744] [INFO] worker 5 message 194
2025-10-05 18:26:23 [T139716844316352] [INFO] worker 4 message 109
2025-10-05 18:26:23 [T139716879963840] [INFO] worker 9 message 109
2025-10-05 18:26:23 [T139716074657472] [INFO] worker 14 message 109
2025-10-05 18:26:23 [T139717003753152] [INFO] worker 1 message 163
2025-10-05 18:26:23 [T139716091442880] [INFO] worker 12 message 140
2025-10-05 18:26:23 [T139716995360448] [INFO] worker 2 message 140
2025-10-05 18:26:23 [T139716896749248] [INFO] worker 7 message 140
2025-10-05 18:26:23 [T139716978575040] [INFO] worker 6 message 163
2025-10-05 18:26:23 [T139716871571136] [INFO] worker 10 message 195
2025-10-05 18:26:23 [T139717012145856] [INFO] worker 0 message 195
2025-10-05 18:26:23 [T139716863178432] [INFO] worker 11 message 163
2025-10-05 18:26:23 [T139716066264768] [INFO] worker 15 message 195
2025-10-05 18:26:23 [T139716986967744] [INFO] worker 5 message 195
2025-10-05 18:26:23 [T139716852709056] [INFO] worker 3 message 123
2025-10-05 18:26:23 [T139716083050176] [INFO] worker 13 message 123
2025-10-05 18:26:23 [T139716888356544] [INFO] worker 8 message 123
2025-10-05 18:26:23 [T139716871571136] [INFO] worker 10 message 196
2025-10-05 18:26:23 [T139717012145856] [INFO] worker 0 message 196
2025-10-05 18:26:23 [T139716066264768] [INFO] worker 15 message 196
2025-10-05 18:26:23 [T139716986967744] [INFO] worker 5 message 196
2025-10-05 18:26:23 [T139717003753152] [INFO] worker 1 message 164
2025-10-05 18:26:23 [T139716978575040] [INFO] worker 6 message 164
2025-10-05 18:26:23 [T139716863178432] [INFO] worker 11 message 164
2025-10-05 18:26:23 [T139716844316352] [INFO] worker 4 message 110
2025-10-05 18:26:23 [T139716879963840] [INFO] worker 9 message 110
2025-10-05 18:26:23 [T139716074657472] [INFO] worker 14 message 110
2025-10-05 18:26:23 [T139716091442880] [INFO] worker 12 message 141
2025-10-05 18:26:23 [T139716995360448] [INFO] worker 2 message 141
2025-10-05 18:26:23 [T139716896749248] [INFO] worker 7 message 141
2025-10-05 18:26:23 [T139716852709056] [INFO] worker 3 message 124
2025-10-05 18:26:23 [T139716083050176] [INFO] worker 13 message 124
2025-10-05 18:26:23 [T139716888356544] [INFO] worker 8 message 124
2025-10-05 18:26:23 [T139716871571136] [INFO] worker 10 message 197
2025-10-05 18:26:23 [T139716066264768] [INFO] worker 15 message 197
2025-10-05 18:26:23 [T139717012145856] [INFO] worker 0 message 197
2025-10-05 18:26:23 [T139716986967744] [INFO] worker 5 message 197
2025-10-05 18:26:23 [T139717003753152] [INFO] worker 1 message 165
2025-10-05 18:26:23 [T139716978575040] [INFO] worker 6 message 165
2025-10-05 18:26:23 [T139716863178432] [INFO] worker 11 message 165
2025-10-05 18:26:23 [T139716091442880] [INFO] worker 12 message 142
2025-10-05 18:26:23 [T139716896749248] [INFO] worker 7 message 142
2025-10-05 18:26:23 [T139716995360448] [INFO] worker 2 message 142
2025-10-05 18:26:23 [T139716871571136] [INFO] worker 10 message 198
2025-10-05 18:26:23 [T139716066264768] [INFO] worker 15 message 198
2025-10-05 18:26:23 [T139717012145856] [INFO] worker 0 message 198
2025-10-05 18:26:23 [T139716986967744] [INFO] worker 5 message 198
2025-10-05 18:26:23 [T139716844316352] [INFO] worker 4 message 111
2025-10-05 18:26:23 [T139716879963840] [INFO] worker 9 message 111
2025-10-05 18:26:23 [T139716074657472] [INFO] worker 14 message 111
2025-10-05 18:26:23 [T139716852709056] [INFO] worker 3 message 125
2025-10-05 18:26:23 [T139716083050176] [INFO] worker 13 message 125
2025-10-05 18:26:23 [T139716888356544] [INFO] worker 8 message 125
2025-10-05 18:26:23 [T139717003753152] [INFO] worker 1 message 166
2025-10-05 18:26:23 [T139716978575040] [INFO] worker 6 message 166
2025-10-05 18:26:23 [T139716863178432] [INFO] worker 11 message 166
2025-10-05 18:26:23 [T139717012145856] [INFO] worker 0 message 199
2025-10-05 18:26:23 [T139716871571136] [INFO] worker 10 message 199
2025-10-05 18:26:23 [T139716066264768] [INFO] worker 15 message 199
2025-10-05 18:26:23 [T139716986967744] [INFO] worker 5 message 199
2025-10-05 18:26:23 [T139716091442880] [INFO] worker 12 message 143
2025-10-05 18:26:23 [T139716896749248] [INFO] worker 7 message 143
2025-10-05 18:26:23 [T139716995360448] [INFO] worker 2 message 143
2025-10-05 18:26:23 [T139717003753152] [INFO] worker 1 message 167
2025-10-05 18:26:23 [T139716978575040] [INFO] worker 6 message 167
2025-10-05 18:26:23 [T139716863178432] [INFO] worker 11 message 167
2025-10-05 18:26:23 [T139716844316352] [INFO] worker 4 message 112
2025-10-05 18:26:23 [T139716074657472] [INFO] worker 14 message 112
2025-10-05 18:26:23 [T139716879963840] [INFO] worker 9 message 112
2025-10-05 18:26:23 [T139716852709056] [INFO] worker 3 message 126
2025-10-05 18:26:23 [T139716083050176] [INFO] worker 13 message 126
2025-10-05 18:26:23 [T139716888356544] [INFO] worker 8 message 126
2025-10-05 18:26:23 [T139716091442880] [INFO] worker 12 message 144
2025-10-05 18:26:23 [T139716896749248] [INFO] worker 7 message 144
2025-10-05 18:26:23 [T139716995360448] [INFO] worker 2 message 144
2025-10-05 18:26:23 [T139717003753152] [INFO] worker 1 message 168
2025-10-05 18:26:23 [T139716978575040] [INFO] worker 6 message 168
2025-10-05 18:26:23 [T139716863178432] [INFO] worker 11 message 168
2025-10-05 18:26:23 [T139716844316352] [INFO] worker 4 message 113
2025-10-05 18:26:23 [T139716852709056] [INFO] worker 3 message 127
2025-10-05 18:26:23 [T139716074657472] [INFO] worker 14 message 113
2025-10-05 18:26:23 [T139716879963840] [INFO] worker 9 message 113
2025-10-05 18:26:23 [T139716083050176] [INFO] worker 13 message 127
2025-10-05 18:26:23 [T139716888356544] [INFO] worker 8 message 127
2025-10-05 18:26:23 [T139716091442880] [INFO] worker 12 message 145
2025-10-05 18:26:23 [T139716896749248] [INFO] worker 7 message 145
2025-10-05 18:26:23 [T139716995360448] [INFO] worker 2 message 145
2025-10-05 18:26:23 [T139716978575040] [INFO] worker 6 message 169
2025-10-05 18:26:23 [T139717003753152] [INFO] worker 1 message 169
2025-10-05 18:26:23 [T139716863178432] [INFO] worker 11 message 169
2025-10-05 18:26:23 [T139716852709056] [INFO] worker 3 message 128
2025-10-05 18:26:23 [T139716083050176] [INFO] worker 13 message 128
2025-10-05 18:26:23 [T139716888356544] [INFO] worker 8 message 128
2025-10-05 18:26:23 [T139716091442880] [INFO] worker 12 message 146
2025-10-05 18:26:23 [T139716896749248] [INFO] worker 7 message 146
2025-10-05 18:26:23 [T139716995360448] [INFO] worker 2 message 146
2025-10-05 18:26:23 [T139716978575040] [INFO] worker 6 message 170
2025-10-05 18:26:23 [T139717003753152] [INFO] worker 1 message 170
2025-10-05 18:26:23 [T139716863178432] [INFO] worker 11 message 170
2025-10-05 18:26:23 [T139716844316352] [INFO] worker 4 message 114
2025-10-05 18:26:23 [T139716074657472] [INFO] worker 14 message 114
2025-10-05 18:26:23 [T139716879963840] [INFO] worker 9 message 114
2025-10-05 18:26:23 [T139716978575040] [INFO] worker 6 message 171
2025-10-05 18:26:23 [T139717003753152] [INFO] worker 1 message 171
2025-10-05 18:26:23 [T139716863178432] [INFO] worker 11 message 171
2025-10-05 18:26:23 [T139716091442880] [INFO] worker 12 message 147
2025-10-05 18:26:23 [T139716896749248] [INFO] worker 7 message 147
2025-10-05 18:26:23 [T139716995360448] [INFO] worker 2 message 147
2025-10-05 18:26:23 [T139716852709056] [INFO] worker 3 message 129
2025-10-05 18:26:23 [T139716083050176] [INFO] worker 13 message 129
2025-10-05 18:26:23 [T139716888356544] [INFO] worker 8 message 129
2025-10-05 18:26:23 [T139716844316352] [INFO] worker 4 message 115
2025-10-05 18:26:23 [T139716074657472] [INFO] worker 14 message 115
2025-10-05 18:26:23 [T139716879963840] [INFO] worker 9 message 115
2025-10-05 18:26:23 [T139716978575040] [INFO] worker 6 message 172
2025-10-05 18:26:23 [T139717003753152] [INFO] worker 1 message 172
2025-10-05 18:26:23 [T139716863178432] [INFO] worker 11 message 172
2025-10-05 18:26:23 [T139716091442880] [INFO] worker 12 message 148
2025-10-05 18:26:23 [T139716896749248] [INFO] worker 7 message 148
2025-10-05 18:26:23 [T139716995360448] [INFO] worker 2 message 148
2025-10-05 18:26:23 [T139716852709056] [INFO] worker 3 message 130
2025-10-05 18:26:23 [T139716083050176] [INFO] worker 13 message 130
2025-10-05 18:26:23 [T139716888356544] [INFO] worker 8 message 130
2025-10-05 18:26:23 [T139716978575040] [INFO] worker 6 message 173
2025-10-05 18:26:23 [T139717003753152] [INFO] worker 1 message 173
2025-10-05 18:26:23 [T139716844316352] [INFO] worker 4 message 116
2025-10-05 18:26:23 [T139716863178432] [INFO] worker 11 message 173
2025-10-05 18:26:23 [T139716074657472] [INFO] worker 14 message 116
2025-10-05 18:26:23 [T139716879963840] [INFO] worker 9 message 116
2025-10-05 18:26:23 [T139716091442880] [INFO] worker 12 message 149
2025-10-05 18:26:23 [T139716896749248] [INFO] worker 7 message 149
2025-10-05 18:26:23 [T139716995360448] [INFO] worker 2 message 149
2025-10-05 18:26:23 [T139716852709056] [INFO] worker 3 message 131
2025-10-05 18:26:23 [T139716083050176] [INFO] worker 13 message 131
2025-10-05 18:26:23 [T139716888356544] [INFO] worker 8 message 131
2025-10-05 18:26:23 [T139716978575040] [INFO] worker 6 message 174
2025-10-05 18:26:23 [T139717003753152] [INFO] worker 1 message 174
2025-10-05 18:26:23 [T139716863178432] [INFO] worker 11 message 174
2025-10-05 18:26:23 [T139716844316352] [INFO] worker 4 message 117
2025-10-05 18:26:23 [T139716879963840] [INFO] worker 9 message 117
2025-10-05 18:26:23 [T139716074657472] [INFO] worker 14 message 117
2025-10-05 18:26:23 [T139716091442880] [INFO] worker 12 message 150
2025-10-05 18:26:23 [T139716896749248] [INFO] worker 7 message 150
2025-10-05 18:26:23 [T139716995360448] [INFO] worker 2 message 150
2025-10-05 18:26:23 [T139716978575040] [INFO] worker 6 message 175
2025-10-05 18:26:23 [T139717003753152] [INFO] worker 1 message 175
2025-10-05 18:26:23 [T139716863178432] [INFO] worker 11 message 175
2025-10-05 18:26:23 [T139716852709056] [INFO] worker 3 message 132
2025-10-05 18:26:23 [T139716083050176] [INFO] worker 13 message 132
2025-10-05 18:26:23 [T139716888356544] [INFO] worker 8 message 132
2025-10-05 18:26:23 [T139716091442880] [INFO] worker 12 message 151
2025-10-05 18:26:23 [T139716896749248] [INFO] worker 7 message 151
2025-10-05 18:26:23 [T139716995360448] [INFO] worker 2 message 151
2025-10-05 18:26:23 [T139716978575040] [INFO] worker 6 message 176
2025-10-05 18:26:23 [T139717003753152] [INFO] worker 1 message 176
2025-10-05 18:26:23 [T139716844316352] [INFO] worker 4 message 118
2025-10-05 18:26:23 [T139716879963840] [INFO] worker 9 message 118
2025-10-05 18:26:23 [T139716074657472] [INFO] worker 14 message 118
2025-10-05 18:26:23 [T139716863178432] [INFO] worker 11 message 176
2025-10-05 18:26:23 [T139716852709056] [INFO] worker 3 message 133
2025-10-05 18:26:23 [T139716083050176] [INFO] worker 13 message 133
2025-10-05 18:26:23 [T139716888356544] [INFO] worker 8 message 133
2025-10-05 18:26:23 [T139716091442880] [INFO] worker 12 message 152
2025-10-05 18:26:23 [T139716896749248] [INFO] worker 7 message 152
2025-10-05 18:26:23 [T139716995360448] [INFO] worker 2 message 152
2025-10-05 18:26:23 [T139716978575040] [INFO] worker 6 message 177
2025-10-05 18:26:23 [T139717003753152] [INFO] worker 1 message 177
2025-10-05 18:26:23 [T139716863178432] [INFO] worker 11 message 177
2025-10-05 18:26:23 [T139716844316352] [INFO] worker 4 message 119
2025-10-05 18:26:23 [T139716879963840] [INFO] worker 9 message 119
2025-10-05 18:26:23 [T139716074657472] [INFO] worker 14 message 119
2025-10-05 18:26:23 [T139716852709056] [INFO] worker 3 message 134
2025-10-05 18:26:23 [T139716083050176] [INFO] worker 13 message 134
2025-10-05 18:26:23 [T139716888356544] [INFO] worker 8 message 134
2025-10-05 18:26:23 [T139716978575040] [INFO] worker 6 message 178
2025-10-05 18:26:23 [T139717003753152] [INFO] worker 1 message 178
2025-10-05 18:26:23 [T139716863178432] [INFO] worker 11 message 178
2025-10-05 18:26:23 [T139716091442880] [INFO] worker 12 message 153
2025-10-05 18:26:23 [T139716896749248] [INFO] worker 7 message 153
2025-10-05 18:26:23 [T139716995360448] [INFO] worker 2 message 153
2025-10-05 18:26:23 [T139716978575040] [INFO] worker 6 message 179
2025-10-05 18:26:23 [T139716844316352] [INFO] worker 4 message 120
2025-10-05 18:26:23 [T139717003753152] [INFO] worker 1 message 179
2025-10-05 18:26:23 [T139716879963840] [INFO] worker 9 message 120
2025-10-05 18:26:23 [T139716074657472] [INFO] worker 14 message 120
2025-10-05 18:26:23 [T139716863178432] [INFO] worker 11 message 179
2025-10-05 18:26:23 [T139716852709056] [INFO] worker 3 message 135
2025-10-05 18:26:23 [T139716083050176] [INFO] worker 13 message 135
2025-10-05 18:26:23 [T139716888356544] [INFO] worker 8 message 135
2025-10-05 18:26:23 [T139716091442880] [INFO] worker 12 message 154
2025-10-05 18:26:23 [T139716896749248] [INFO] worker 7 message 154
2025-10-05 18:26:23 [T139716995360448] [INFO] worker 2 message 154
2025-10-05 18:26:23 [T139716978575040] [INFO] worker 6 message 180
2025-10-05 18:26:23 [T139717003753152] [INFO] worker 1 message 180
2025-10-05 18:26:23 [T139716863178432] [INFO] worker 11 message 180
2025-10-05 18:26:23 [T139716091442880] [INFO] worker 12 message 155
2025-10-05 18:26:23 [T139716896749248] [INFO] worker 7 message 155
2025-10-05 18:26:23 [T139716995360448] [INFO] worker 2 message 155
2025-10-05 18:26:23 [T139716844316352] [INFO] worker 4 message 121
2025-10-05 18:26:23 [T139716879963840] [INFO] worker 9 message 121
2025-10-05 18:26:23 [T139716852709056] [INFO] worker 3 message 136
2025-10-05 18:26:23 [T139716074657472] [INFO] worker 14 message 121
2025-10-05 18:26:23 [T139716083050176] [INFO] worker 13 message 136
2025-10-05 18:26:23 [T139716888356544] [INFO] worker 8 message 136
2025-10-05 18:26:23 [T139716978575040] [INFO] worker 6 message 181
2025-10-05 18:26:23 [T139717003753152] [INFO] worker 1 message 181
2025-10-05 18:26:23 [T139716863178432] [INFO] worker 11 message 181
2025-10-05 18:26:23 [T139716091442880] [INFO] worker 12 message 156
2025-10-05 18:26:23 [T139716896749248] [INFO] worker 7 message 156
2025-10-05 18:26:23 [T139716995360448] [INFO] worker 2 message 156
2025-10-05 18:26:23 [T139716852709056] [INFO] worker 3 message 137
2025-10-05 18:26:23 [T139716083050176] [INFO] worker 13 message 137
2025-10-05 18:26:23 [T139716888356544] [INFO] worker 8 message 137
2025-10-05 18:26:23 [T139716844316352] [INFO] worker 4 message 122
2025-10-05 18:26:23 [T139716879963840] [INFO] worker 9 message 122
2025-10-05 18:26:23 [T139716978575040] [INFO] worker 6 message 182
2025-10-05 18:26:23 [T139716074657472] [INFO] worker 14 message 122
2025-10-05 18:26:23 [T139717003753152] [INFO] worker 1 message 182
2025-10-05 18:26:23 [T139716863178432] [INFO] worker 11 message 182
2025-10-05 18:26:23 [T139716091442880] [INFO] worker 12 message 157
2025-10-05 18:26:23 [T139716896749248] [INFO] worker 7 message 157
2025-10-05 18:26:23 [T139716995360448] [INFO] worker 2 message 157
2025-10-05 18:26:23 [T139716978575040] [INFO] worker 6 message 183
2025-10-05 18:26:23 [T139717003753152] [INFO] worker 1 message 183
2025-10-05 18:26:23 [T139716863178432] [INFO] worker 11 message 183
2025-10-05 18:26:23 [T139716852709056] [INFO] worker 3 message 138
2025-10-05 18:26:23 [T139716083050176] [INFO] worker 13 message 138
2025-10-05 18:26:23 [T139716888356544] [INFO] worker 8 message 138
2025-10-05 18:26:23 [T139716844316352] [INFO] worker 4 message 123
2025-10-05 18:26:23 [T139716879963840] [INFO] worker 9 message 123
2025-10-05 18:26:23 [T139716074657472] [INFO] worker 14 message 123
2025-10-05 18:26:23 [T139716091442880] [INFO] worker 12 message 158
2025-10-05 18:26:23 [T139716995360448] [INFO] worker 2 message 158
2025-10-05 18:26:23 [T139716896749248] [INFO] worker 7 message 158
2025-10-05 18:26:23 [T139716978575040] [INFO] worker 6 message 184
2025-10-05 18:26:23 [T139717003753152] [INFO] worker 1 message 184
2025-10-05 18:26:23 [T139716863178432] [INFO] worker 11 message 184
2025-10-05 18:26:23 [T139716852709056] [INFO] worker 3 message 139
2025-10-05 18:26:23 [T139716083050176] [INFO] worker 13 message 139
2025-10-05 18:26:23 [T139716888356544] [INFO] worker 8 message 139
2025-10-05 18:26:23 [T139716844316352] [INFO] worker 4 message 124
2025-10-05 18:26:23 [T139716074657472] [INFO] worker 14 message 124
2025-10-05 18:26:23 [T139716879963840] [INFO] worker 9 message 124
2025-10-05 18:26:23 [T139716978575040] [INFO] worker 6 message 185
2025-10-05 18:26:23 [T139717003753152] [INFO] worker 1 message 185
2025-10-05 18:26:23 [T139716863178432] [INFO] worker 11 message 185
2025-10-05 18:26:23 [T139716091442880] [INFO] worker 12 message 159
2025-10-05 18:26:23 [T139716995360448] [INFO] worker 2 message 159
2025-10-05 18:26:23 [T139716896749248] [INFO] worker 7 message 159
2025-10-05 18:26:23 [T139716852709056] [INFO] worker 3 message 140
2025-10-05 18:26:23 [T139716083050176] [INFO] worker 13 message 140
2025-10-05 18:26:23 [T139716888356544] [INFO] worker 8 message 140
2025-10-05 18:26:23 [T139716978575040] [INFO] worker 6 message 186
2025-10-05 18:26:23 [T139717003753152] [INFO] worker 1 message 186
2025-10-05 18:26:23 [T139716863178432] [INFO] worker 11 message 186
2025-10-05 18:26:23 [T139716091442880] [INFO] worker 12 message 160
2025-10-05 18:26:23 [T139716995360448] [INFO] worker 2 message 160
2025-10-05 18:26:23 [T139716896749248] [INFO] worker 7 message 160
2025-10-05 18:26:23 [T139716844316352] [INFO] worker 4 message 125
2025-10-05 18:26:23 [T139716074657472] [INFO] worker 14 message 125
2025-10-05 18:26:23 [T139716879963840] [INFO] worker 9 message 125
2025-10-05 18:26:23 [T139716978575040] [INFO] worker 6 message 187
2025-10-05 18:26:23 [T139717003753152] [INFO] worker 1 message 187
2025-10-05 18:26:23 [T139716863178432] [INFO] worker 11 message 187
2025-10-05 18:26:23 [T139716852709056] [INFO] worker 3 message 141
2025-10-05 18:26:23 [T139716083050176] [INFO] worker 13 message 141
2025-10-05 18:26:23 [T139716888356544] [INFO] worker 8 message 141
2025-10-05 18:26:23 [T139716091442880] [INFO] worker 12 message 161
2025-10-05 18:26:23 [T139716995360448] [INFO] worker 2 message 161
2025-10-05 18:26:23 [T139716896749248] [INFO] worker 7 message 161
2025-10-05 18:26:23 [T139716844316352] [INFO] worker 4 message 126
2025-10-05 18:26:23 [T139716074657472] [INFO] worker 14 message 126
2025-10-05 18:26:23 [T139716879963840] [INFO] worker 9 message 126
2025-10-05 18:26:23 [T139716978575040] [INFO] worker 6 message 188
2025-10-05 18:26:23 [T139717003753152] [INFO] worker 1 message 188
2025-10-05 18:26:23 [T139716863178432] [INFO] worker 11 message 188
2025-10-05 18:26:23 [T139716852709056] [INFO] worker 3 message 142
2025-10-05 18:26:23 [T139716083050176] [INFO] worker 13 message 142
2025-10-05 18:26:23 [T139716888356544] [INFO] worker 8 message 142
2025-10-05 18:26:23 [T139716091442880] [INFO] worker 12 message 162
2025-10-05 18:26:23 [T139716995360448] [INFO] worker 2 message 162
2025-10-05 18:26:23 [T139716896749248] [INFO] worker 7 message 162
2025-10-05 18:26:23 [T139716978575040] [INFO] worker 6 message 189
2025-10-05 18:26:23 [T139717003753152] [INFO] worker 1 message 189
2025-10-05 18:26:23 [T139716863178432] [INFO] worker 11 message 189
2025-10-05 18:26:23 [T139716844316352] [INFO] worker 4 message 127
2025-10-05 18:26:23 [T139716074657472] [INFO] worker 14 message 127
2025-10-05 18:26:23 [T139716879963840] [INFO] worker 9 message 127
2025-10-05 18:26:23 [T139716091442880] [INFO] worker 12 message 163
2025-10-05 18:26:23 [T139716995360448] [INFO] worker 2 message 163
2025-10-05 18:26:23 [T139716896749248] [INFO] worker 7 message 163
2025-10-05 18:26:23 [T139716852709056] [INFO] worker 3 message 143
2025-10-05 18:26:23 [T139716083050176] [INFO] worker 13 message 143
2025-10-05 18:26:23 [T139716888356544] [INFO] worker 8 message 143
2025-10-05 18:26:23 [T139716978575040] [INFO] worker 6 message 190
2025-10-05 18:26:23 [T139717003753152] [INFO] worker 1 message 190
2025-10-05 18:26:23 [T139716863178432] [INFO] worker 11 message 190
2025-10-05 18:26:23 [T139716091442880] [INFO] worker 12 message 164
2025-10-05 18:26:23 [T139716896749248] [INFO] worker 7 message 164
2025-10-05 18:26:23 [T139716995360448] [INFO] worker 2 message 164
2025-10-05 18:26:23 [T139716844316352] [INFO] worker 4 message 128
2025-10-05 18:26:23 [T139716879963840] [INFO] worker 9 message 128
2025-10-05 18:26:23 [T139716074657472] [INFO] worker 14 message 128
2025-10-05 18:26:23 [T139716978575040] [INFO] worker 6 message 191
2025-10-05 18:26:23 [T139717003753152] [INFO] worker 1 message 191
2025-10-05 18:26:23 [T139716863178432] [INFO] worker 11 message 191
2025-10-05 18:26:23 [T139716852709056] [INFO] worker 3 message 144
2025-10-05 18:26:23 [T139716083050176] [INFO] worker 13 message 144
2025-10-05 18:26:23 [T139716888356544] [INFO] worker 8 message 144
2025-10-05 18:26:23 [T139716978575040] [INFO] worker 6 message 192
2025-10-05 18:26:23 [T139717003753152] [INFO] worker 1 message 192
2025-10-05 18:26:23 [T139716863178432] [INFO] worker 11 message 192
2025-10-05 18:26:23 [T139716091442880] [INFO] worker 12 message 165
2025-10-05 18:26:23 [T139716896749248] [INFO] worker 7 message 165
2025-10-05 18:26:23 [T139716995360448] [INFO] worker 2 message 165
2025-10-05 18:26:23 [T139716844316352] [INFO] worker 4 message 129
2025-10-05 18:26:23 [T139716852709056] [INFO] worker 3 message 145
2025-10-05 18:26:23 [T139716879963840] [INFO] worker 9 message 129
2025-10-05 18:26:23 [T139716074657472] [INFO] worker 14 message 129
2025-10-05 18:26:23 [T139716083050176] [INFO] worker 13 message 145
2025-10-05 18:26:23 [T139716888356544] [INFO] worker 8 message 145
2025-10-05 18:26:23 [T139717003753152] [INFO] worker 1 message 193
2025-10-05 18:26:23 [T139716863178432] [INFO] worker 11 message 193
2025-10-05 18:26:23 [T139716978575040] [INFO] worker 6 message 193
2025-10-05 18:26:23 [T139716091442880] [INFO] worker 12 message 166
2025-10-05 18:26:23 [T139716896749248] [INFO] worker 7 message 166
2025-10-05 18:26:23 [T139716995360448] [INFO] worker 2 message 166
2025-10-05 18:26:23 [T139716852709056] [INFO] worker 3 message 146
2025-10-05 18:26:23 [T139716083050176] [INFO] worker 13 message 146
2025-10-05 18:26:23 [T139716888356544] [INFO] worker 8 message 146
2025-10-05 18:26:23 [T139716844316352] [INFO] worker 4 message 130
2025-10-05 18:26:23 [T139716879963840] [INFO] worker 9 message 130
2025-10-05 18:26:23 [T139716074657472] [INFO] worker 14 message 130
2025-10-05 18:26:23 [T139717003753152] [INFO] worker 1 message 194
2025-10-05 18:26:23 [T139716863178432] [INFO] worker 11 message 194
2025-10-05 18:26:23 [T139716978575040] [INFO] worker 6 message 194
2025-10-05 18:26:23 [T139716091442880] [INFO] worker 12 message 167
2025-10-05 18:26:23 [T139716896749248] [INFO] worker 7 message 167
2025-10-05 18:26:23 [T139716995360448] [INFO] worker 2 message 167
2025-10-05 18:26:23 [T139717003753152] [INFO] worker 1 message 195
2025-10-05 18:26:23 [T139716863178432] [INFO] worker 11 message 195
2025-10-05 18:26:23 [T139716978575040] [INFO] worker 6 message 195
2025-10-05 18:26:23 [T139716852709056] [INFO] worker 3 message 147
2025-10-05 18:26:23 [T139716083050176] [INFO] worker 13 message 147
2025-10-05 18:26:23 [T139716888356544] [INFO] worker 8 message 147
2025-10-05 18:26:23 [T139716844316352] [INFO] worker 4 message 131
2025-10-05 18:26:23 [T139716879963840] [INFO] worker 9 message 131
2025-10-05 18:26:23 [T139716074657472] [INFO] worker 14 message 131
2025-10-05 18:26:23 [T139716091442880] [INFO] worker 12 message 168
2025-10-05 18:26:23 [T139716896749248] [INFO] worker 7 message 168
2025-10-05 18:26:23 [T139716995360448] [INFO] worker 2 message 168
2025-10-05 18:26:23 [T139717003753152] [INFO] worker 1 message 196
2025-10-05 18:26:23 [T139716863178432] [INFO] worker 11 message 196
2025-10-05 18:26:23 [T139716978575040] [INFO] worker 6 message 196
2025-10-05 18:26:23 [T139716852709056] [INFO] worker 3 message 148
2025-10-05 18:26:23 [T139716083050176] [INFO] worker 13 message 148
2025-10-05 18:26:23 [T139716888356544] [INFO] worker 8 message 148
2025-10-05 18:26:23 [T139716091442880] [INFO] worker 12 message 169
2025-10-05 18:26:23 [T139716896749248] [INFO] worker 7 message 169
2025-10-05 18:26:23 [T139716995360448] [INFO] worker 2 message 169
2025-10-05 18:26:23 [T139716844316352] [INFO] worker 4 message 132
2025-10-05 18:26:23 [T139716879963840] [INFO] worker 9 message 132
2025-10-05 18:26:23 [T139716074657472] [INFO] worker 14 message 132
2025-10-05 18:26:23 [T139717003753152] [INFO] worker 1 message 197
2025-10-05 18:26:23 [T139716863178432] [INFO] worker 11 message 197
2025-10-05 18:26:23 [T139716978575040] [INFO] worker 6 message 197
2025-10-05 18:26:23 [T139716852709056] [INFO] worker 3 message 149
2025-10-05 18:26:23 [T139716083050176] [INFO] worker 13 message 149
2025-10-05 18:26:23 [T139716888356544] [INFO] worker 8 message 149
2025-10-05 18:26:23 [T139716091442880] [INFO] worker 12 message 170
2025-10-05 18:26:23 [T139716896749248] [INFO] worker 7 message 170
2025-10-05 18:26:23 [T139716995360448] [INFO] worker 2 message 170
2025-10-05 18:26:23 [T139717003753152] [INFO] worker 1 message 198
2025-10-05 18:26:23 [T139716863178432] [INFO] worker 11 message 198
2025-10-05 18:26:23 [T139716978575040] [INFO] worker 6 message 198
2025-10-05 18:26:23 [T139716844316352] [INFO] worker 4 message 133
2025-10-05 18:26:23 [T139716879963840] [INFO] worker 9 message 133
2025-10-05 18:26:23 [T139716074657472] [INFO] worker 14 message 133
2025-10-05 18:26:23 [T139717003753152] [INFO] worker 1 message 199
2025-10-05 18:26:23 [T139716863178432] [INFO] worker 11 message 199
2025-10-05 18:26:23 [T139716978575040] [INFO] worker 6 message 199
2025-10-05 18:26:23 [T139716091442880] [INFO] worker 12 message 171
2025-10-05 18:26:23 [T139716896749248] [INFO] worker 7 message 171
2025-10-05 18:26:23 [T139716995360448] [INFO] worker 2 message 171
2025-10-05 18:26:23 [T139716852709056] [INFO] worker 3 message 150
2025-10-05 18:26:23 [T139716083050176] [INFO] worker 13 message 150
2025-10-05 18:26:23 [T139716888356544] [INFO] worker 8 message 150
2025-10-05 18:26:23 [T139716844316352] [INFO] worker 4 message 134
2025-10-05 18:26:23 [T139716879963840] [INFO] worker 9 message 134
2025-10-05 18:26:23 [T139716074657472] [INFO] worker 14 message 134
2025-10-05 18:26:23 [T139716091442880] [INFO] worker 12 message 172
2025-10-05 18:26:23 [T139716896749248] [INFO] worker 7 message 172
2025-10-05 18:26:23 [T139716995360448] [INFO] worker 2 message 172
2025-10-05 18:26:23 [T139716852709056] [INFO] worker 3 message 151
2025-10-05 18:26:23 [T139716083050176] [INFO] worker 13 message 151
2025-10-05 18:26:23 [T139716888356544] [INFO] worker 8 message 151
2025-10-05 18:26:23 [T139716091442880] [INFO] worker 12 message 173
2025-10-05 18:26:23 [T139716896749248] [INFO] worker 7 message 173
2025-10-05 18:26:23 [T139716995360448] [INFO] worker 2 message 173
2025-10-05 18:26:23 [T139716844316352] [INFO] worker 4 message 135
2025-10-05 18:26:23 [T139716074657472] [INFO] worker 14 message 135
2025-10-05 18:26:23 [T139716879963840] [INFO] worker 9 message 135
2025-10-05 18:26:23 [T139716852709056] [INFO] worker 3 message 152
2025-10-05 18:26:23 [T139716083050176] [INFO] worker 13 message 152
2025-10-05 18:26:23 [T139716888356544] [INFO] worker 8 message 152
2025-10-05 18:26:23 [T139716091442880] [INFO] worker 12 message 174
2025-10-05 18:26:23 [T139716896749248] [INFO] worker 7 message 174
2025-10-05 18:26:23 [T139716995360448] [INFO] worker 2 message 174
2025-10-05 18:26:23 [T139716844316352] [INFO] worker 4 message 136
2025-10-05 18:26:23 [T139716074657472] [INFO] worker 14 message 136
2025-10-05 18:26:23 [T139716879963840] [INFO] worker 9 message 136
2025-10-05 18:26:23 [T139716852709056] [INFO] worker 3 message 153
2025-10-05 18:26:23 [T139716083050176] [INFO] worker 13 message 153
2025-10-05 18:26:23 [T139716888356544] [INFO] worker 8 message 153
2025-10-05 18:26:23 [T139716091442880] [INFO] worker 12 message 175
2025-10-05 18:26:23 [T139716896749248] [INFO] worker 7 message 175
2025-10-05 18:26:23 [T139716995360448] [INFO] worker 2 message 175
2025-10-05 18:26:23 [T139716844316352] [INFO] worker 4 message 137
2025-10-05 18:26:23 [T139716852709056] [INFO] worker 3 message 154
2025-10-05 18:26:23 [T139716074657472] [INFO] worker 14 message 137
2025-10-05 18:26:23 [T139716879963840] [INFO] worker 9 message 137
2025-10-05 18:26:23 [T139716083050176] [INFO] worker 13 message 154
2025-10-05 18:26:23 [T139716888356544] [INFO] worker 8 message 154
2025-10-05 18:26:23 [T139716091442880] [INFO] worker 12 message 176
2025-10-05 18:26:23 [T139716896749248] [INFO] worker 7 message 176
2025-10-05 18:26:23 [T139716995360448] [INFO] worker 2 message 176
2025-10-05 18:26:23 [T139716852709056] [INFO] worker 3 message 155
2025-10-05 18:26:23 [T139716083050176] [INFO] worker 13 message 155
2025-10-05 18:26:23 [T139716888356544] [INFO] worker 8 message 155
2025-10-05 18:26:23 [T139716844316352] [INFO] worker 4 message 138
2025-10-05 18:26:23 [T139716074657472] [INFO] worker 14 message 138
2025-10-05 18:26:23 [T139716879963840] [INFO] worker 9 message 138
2025-10-05 18:26:23 [T139716091442880] [INFO] worker 12 message 177
2025-10-05 18:26:23 [T139716896749248] [INFO] worker 7 message 177
2025-10-05 18:26:23 [T139716995360448] [INFO] worker 2 message 177
2025-10-05 18:26:23 [T139716852709056] [INFO] worker 3 message 156
2025-10-05 18:26:23 [T139716083050176] [INFO] worker 13 message 156
2025-10-05 18:26:23 [T139716888356544] [INFO] worker 8 message 156
2025-10-05 18:26:23 [T139716091442880] [INFO] worker 12 message 178
2025-10-05 18:26:23 [T139716896749248] [INFO] worker 7 message 178
2025-10-05 18:26:23 [T139716995360448] [INFO] worker 2 message 178
2025-10-05 18:26:23 [T139716844316352] [INFO] worker 4 message 139
2025-10-05 18:26:23 [T139716074657472] [INFO] worker 14 message 139
2025-10-05 18:26:23 [T139716879963840] [INFO] worker 9 message 139
2025-10-05 18:26:23 [T139716091442880] [INFO] worker 12 message 179
2025-10-05 18:26:23 [T139716896749248] [INFO] worker 7 message 179
2025-10-05 18:26:23 [T139716852709056] [INFO] worker 3 message 157
2025-10-05 18:26:23 [T139716995360448] [INFO] worker 2 message 179
2025-10-05 18:26:23 [T139716888356544] [INFO] worker 8 message 157
2025-10-05 18:26:23 [T139716083050176] [INFO] worker 13 message 157
2025-10-05 18:26:23 [T139716844316352] [INFO] worker 4 message 140
2025-10-05 18:26:23 [T139716074657472] [INFO] worker 14 message 140
2025-10-05 18:26:23 [T139716879963840] [INFO] worker 9 message 140
2025-10-05 18:26:23 [T139716091442880] [INFO] worker 12 message 180
2025-10-05 18:26:23 [T139716896749248] [INFO] worker 7 message 180
2025-10-05 18:26:23 [T139716995360448] [INFO] worker 2 message 180
2025-10-05 18:26:23 [T139716852709056] [INFO] worker 3 message 158
2025-10-05 18:26:23 [T139716888356544] [INFO] worker 8 message 158
2025-10-05 18:26:23 [T139716083050176] [INFO] worker 13 message 158
2025-10-05 18:26:23 [T139716844316352] [INFO] worker 4 message 141
2025-10-05 18:26:23 [T139716074657472] [INFO] worker 14 message 141
2025-10-05 18:26:23 [T139716879963840] [INFO] worker 9 message 141
2025-10-05 18:26:23 [T139716091442880] [INFO] worker 12 message 181
2025-10-05 18:26:23 [T139716896749248] [INFO] worker 7 message 181
2025-10-05 18:26:23 [T139716995360448] [INFO] worker 2 message 181
2025-10-05 18:26:23 [T139716852709056] [INFO] worker 3 message 159
2025-10-05 18:26:23 [T139716083050176] [INFO] worker 13 message 159
2025-10-05 18:26:23 [T139716888356544] [INFO] worker 8 message 159
2025-10-05 18:26:23 [T139716091442880] [INFO] worker 12 message 182
2025-10-05 18:26:23 [T139716844316352] [INFO] worker 4 message 142
2025-10-05 18:26:23 [T139716896749248] [INFO] worker 7 message 182
2025-10-05 18:26:23 [T139716074657472] [INFO] worker 14 message 142
2025-10-05 18:26:23 [T139716879963840] [INFO] worker 9 message 142
2025-10-05 18:26:23 [T139716995360448] [INFO] worker 2 message 182
2025-10-05 18:26:23 [T139716852709056] [INFO] worker 3 message 160
2025-10-05 18:26:23 [T139716083050176] [INFO] worker 13 message 160
2025-10-05 18:26:23 [T139716888356544] [INFO] worker 8 message 160
2025-10-05 18:26:23 [T139716091442880] [INFO] worker 12 message 183
2025-10-05 18:26:23 [T139716896749248] [INFO] worker 7 message 183
2025-10-05 18:26:23 [T139716995360448] [INFO] worker 2 message 183
2025-10-05 18:26:23 [T139716844316352] [INFO] worker 4 message 143
2025-10-05 18:26:23 [T139716074657472] [INFO] worker 14 message 143
2025-10-05 18:26:23 [T139716879963840] [INFO] worker 9 message 143
2025-10-05 18:26:23 [T139716852709056] [INFO] worker 3 message 161
2025-10-05 18:26:23 [T139716083050176] [INFO] worker 13 message 161
2025-10-05 18:26:23 [T139716888356544] [INFO] worker 8 message 161
2025-10-05 18:26:23 [T139716091442880] [INFO] worker 12 message 184
2025-10-05 18:26:23 [T139716896749248] [INFO] worker 7 message 184
2025-10-05 18:26:23 [T139716995360448] [INFO] worker 2 message 184
2025-10-05 18:26:23 [T139716844316352] [INFO] worker 4 message 144
2025-10-05 18:26:23 [T139716074657472] [INFO] worker 14 message 144
2025-10-05 18:26:23 [T139716879963840] [INFO] worker 9 message 144
2025-10-05 18:26:23 [T139716852709056] [INFO] worker 3 message 162
2025-10-05 18:26:23 [T139716083050176] [INFO] worker 13 message 162
2025-10-05 18:26:23 [T139716888356544] [INFO] worker 8 message 162
2025-10-05 18:26:23 [T139716091442880] [INFO] worker 12 message 185
2025-10-05 18:26:23 [T139716896749248] [INFO] worker 7 message 185
2025-10-05 18:26:23 [T139716995360448] [INFO] worker 2 message 185
2025-10-05 18:26:23 [T139716852709056] [INFO] worker 3 message 163
2025-10-05 18:26:23 [T139716844316352] [INFO] worker 4 message 145
2025-10-05 18:26:23 [T139716074657472] [INFO] worker 14 message 145
2025-10-05 18:26:23 [T139716879963840] [INFO] worker 9 message 145
2025-10-05 18:26:23 [T139716083050176] [INFO] worker 13 message 163
2025-10-05 18:26:23 [T139716888356544] [INFO] worker 8 message 163
2025-10-05 18:26:23 [T139716091442880] [INFO] worker 12 message 186
2025-10-05 18:26:23 [T139716896749248] [INFO] worker 7 message 186
2025-10-05 18:26:23 [T139716995360448] [INFO] worker 2 message 186
2025-10-05 18:26:23 [T139716091442880] [INFO] worker 12 message 187
2025-10-05 18:26:23 [T139716852709056] [INFO] worker 3 message 164
2025-10-05 18:26:23 [T139716896749248] [INFO] worker 7 message 187
2025-10-05 18:26:23 [T139716083050176] [INFO] worker 13 message 164
2025-10-05 18:26:23 [T139716995360448] [INFO] worker 2 message 187
2025-10-05 18:26:23 [T139716888356544] [INFO] worker 8 message 164
2025-10-05 18:26:23 [T139716844316352] [INFO] worker 4 message 146
2025-10-05 18:26:23 [T139716074657472] [INFO] worker 14 message 146
2025-10-05 18:26:23 [T139716879963840] [INFO] worker 9 message 146
2025-10-05 18:26:23 [T139716091442880] [INFO] worker 12 message 188
2025-10-05 18:26:23 [T139716896749248] [INFO] worker 7 message 188
2025-10-05 18:26:23 [T139716995360448] [INFO] worker 2 message 188
2025-10-05 18:26:23 [T139716852709056] [INFO] worker 3 message 165
2025-10-05 18:26:23 [T139716083050176] [INFO] worker 13 message 165
2025-10-05 18:26:23 [T139716888356544] [INFO] worker 8 message 165
2025-10-05 18:26:23 [T139716844316352] [INFO] worker 4 message 147
2025-10-05 18:26:23 [T139716074657472] [INFO] worker 14 message 147
2025-10-05 18:26:23 [T139716879963840] [INFO] worker 9 message 147
2025-10-05 18:26:23 [T139716091442880] [INFO] worker 12 message 189
2025-10-05 18:26:23 [T139716896749248] [INFO] worker 7 message 189
2025-10-05 18:26:23 [T139716995360448] [INFO] worker 2 message 189
2025-10-05 18:26:23 [T139716852709056] [INFO] worker 3 message 166
2025-10-05 18:26:23 [T139716083050176] [INFO] worker 13 message 166
2025-10-05 18:26:23 [T139716888356544] [INFO] worker 8 message 166
2025-10-05 18:26:23 [T139716844316352] [INFO] worker 4 message 148
2025-10-05 18:26:23 [T139716074657472] [INFO] worker 14 message 148
2025-10-05 18:26:23 [T139716879963840] [INFO] worker 9 message 148
2025-10-05 18:26:23 [T139716091442880] [INFO] worker 12 message 190
2025-10-05 18:26:23 [T139716896749248] [INFO] worker 7 message 190
2025-10-05 18:26:23 [T139716995360448] [INFO] worker 2 message 190
2025-10-05 18:26:23 [T139716852709056] [INFO] worker 3 message 167
2025-10-05 18:26:23 [T139716083050176] [INFO] worker 13 message 167
2025-10-05 18:26:23 [T139716888356544] [INFO] worker 8 message 167
2025-10-05 18:26:23 [T139716844316352] [INFO] worker 4 message 149
2025-10-05 18:26:23 [T139716074657472] [INFO] worker 14 message 149
2025-10-05 18:26:23 [T139716879963840] [INFO] worker 9 message 149
2025-10-05 18:26:23 [T139716896749248] [INFO] worker 7 message 191
2025-10-05 18:26:23 [T139716091442880] [INFO] worker 12 message 191
2025-10-05 18:26:23 [T139716995360448] [INFO] worker 2 message 191
2025-10-05 18:26:23 [T139716852709056] [INFO] worker 3 message 168
2025-10-05 18:26:23 [T139716083050176] [INFO] worker 13 message 168
2025-10-05 18:26:23 [T139716888356544] [INFO] worker 8 message 168
2025-10-05 18:26:23 [T139716896749248] [INFO] worker 7 message 192
2025-10-05 18:26:23 [T139716091442880] [INFO] worker 12 message 192
2025-10-05 18:26:23 [T139716995360448] [INFO] worker 2 message 192
2025-10-05 18:26:23 [T139716844316352] [INFO] worker 4 message 150
2025-10-05 18:26:23 [T139716074657472] [INFO] worker 14 message 150
2025-10-05 18:26:23 [T139716879963840] [INFO] worker 9 message 150
2025-10-05 18:26:23 [T139716852709056] [INFO] worker 3 message 169
2025-10-05 18:26:23 [T139716083050176] [INFO] worker 13 message 169
2025-10-05 18:26:23 [T139716888356544] [INFO] worker 8 message 169
2025-10-05 18:26:23 [T139716896749248] [INFO] worker 7 message 193
2025-10-05 18:26:23 [T139716091442880] [INFO] worker 12 message 193
2025-10-05 18:26:23 [T139716995360448] [INFO] worker 2 message 193
2025-10-05 18:26:23 [T139716844316352] [INFO] worker 4 message 151
2025-10-05 18:26:23 [T139716074657472] [INFO] worker 14 message 151
2025-10-05 18:26:23 [T139716879963840] [INFO] worker 9 message 151
2025-10-05 18:26:23 [T139716852709056] [INFO] worker 3 message 170
2025-10-05 18:26:23 [T139716083050176] [INFO] worker 13 message 170
2025-10-05 18:26:23 [T139716888356544] [INFO] worker 8 message 170
2025-10-05 18:26:23 [T139716896749248] [INFO] worker 7 message 194
2025-10-05 18:26:23 [T139716091442880] [INFO] worker 12 message 194
2025-10-05 18:26:23 [T139716995360448] [INFO] worker 2 message 194
2025-10-05 18:26:23 [T139716844316352] [INFO] worker 4 message 152
2025-10-05 18:26:23 [T139716074657472] [INFO] worker 14 message 152
2025-10-05 18:26:23 [T139716879963840] [INFO] worker 9 message 152
2025-10-05 18:26:23 [T139716852709056] [INFO] worker 3 message 171
2025-10-05 18:26:23 [T139716083050176] [INFO] worker 13 message 171
2025-10-05 18:26:23 [T139716888356544] [INFO] worker 8 message 171
2025-10-05 18:26:23 [T139716896749248] [INFO] worker 7 message 195
2025-10-05 18:26:23 [T139716091442880] [INFO] worker 12 message 195
2025-10-05 18:26:23 [T139716995360448] [INFO] worker 2 message 195
2025-10-05 18:26:23 [T139716091442880] [INFO] worker 12 message 196
2025-10-05 18:26:23 [T139716995360448] [INFO] worker 2 message 196
2025-10-05 18:26:23 [T139716896749248] [INFO] worker 7 message 196
2025-10-05 18:26:23 [T139716844316352] [INFO] worker 4 message 153
2025-10-05 18:26:23 [T139716074657472] [INFO] worker 14 message 153
2025-10-05 18:26:23 [T139716852709056] [INFO] worker 3 message 172
2025-10-05 18:26:23 [T139716879963840] [INFO] worker 9 message 153
2025-10-05 18:26:23 [T139716083050176] [INFO] worker 13 message 172
2025-10-05 18:26:23 [T139716888356544] [INFO] worker 8 message 172
2025-10-05 18:26:23 [T139716995360448] [INFO] worker 2 message 197
2025-10-05 18:26:23 [T139716091442880] [INFO] worker 12 message 197
2025-10-05 18:26:23 [T139716896749248] [INFO] worker 7 message 197
2025-10-05 18:26:23 [T139716852709056] [INFO] worker 3 message 173
2025-10-05 18:26:23 [T139716083050176] [INFO] worker 13 message 173
2025-10-05 18:26:23 [T139716888356544] [INFO] worker 8 message 173
2025-10-05 18:26:23 [T139716844316352] [INFO] worker 4 message 154
2025-10-05 18:26:23 [T139716074657472] [INFO] worker 14 message 154
2025-10-05 18:26:23 [T139716879963840] [INFO] worker 9 message 154
2025-10-05 18:26:23 [T139716995360448] [INFO] worker 2 message 198
2025-10-05 18:26:23 [T139716091442880] [INFO] worker 12 message 198
2025-10-05 18:26:23 [T139716896749248] [INFO] worker 7 message 198
2025-10-05 18:26:23 [T139716852709056] [INFO] worker 3 message 174
2025-10-05 18:26:23 [T139716083050176] [INFO] worker 13 message 174
2025-10-05 18:26:23 [T139716888356544] [INFO] worker 8 message 174
2025-10-05 18:26:23 [T139716844316352] [INFO] worker 4 message 155
2025-10-05 18:26:23 [T139716074657472] [INFO] worker 14 message 155
2025-10-05 18:26:23 [T139716879963840] [INFO] worker 9 message 155
2025-10-05 18:26:23 [T139716995360448] [INFO] worker 2 message 199
2025-10-05 18:26:23 [T139716091442880] [INFO] worker 12 message 199
2025-10-05 18:26:23 [T139716896749248] [INFO] worker 7 message 199
2025-10-05 18:26:23 [T139716852709056] [INFO] worker 3 message 175
2025-10-05 18:26:23 [T139716888356544] [INFO] worker 8 message 175
2025-10-05 18:26:23 [T139716083050176] [INFO] worker 13 message 175
2025-10-05 18:26:23 [T139716844316352] [INFO] worker 4 message 156
2025-10-05 18:26:23 [T139716074657472] [INFO] worker 14 message 156
2025-10-05 18:26:23 [T139716879963840] [INFO] worker 9 message 156
2025-10-05 18:26:23 [T139716852709056] [INFO] worker 3 message 176
2025-10-05 18:26:23 [T139716888356544] [INFO] worker 8 message 176
2025-10-05 18:26:23 [T139716083050176] [INFO] worker 13 message 176
2025-10-05 18:26:23 [T139716844316352] [INFO] worker 4 message 157
2025-10-05 18:26:23 [T139716879963840] [INFO] worker 9 message 157
2025-10-05 18:26:23 [T139716074657472] [INFO] worker 14 message 157
2025-10-05 18:26:23 [T139716852709056] [INFO] worker 3 message 177
2025-10-05 18:26:23 [T139716888356544] [INFO] worker 8 message 177
2025-10-05 18:26:23 [T139716083050176] [INFO] worker 13 message 177
2025-10-05 18:26:23 [T139716844316352] [INFO] worker 4 message 158
2025-10-05 18:26:23 [T139716879963840] [INFO] worker 9 message 158
2025-10-05 18:26:23 [T139716074657472] [INFO] worker 14 message 158
2025-10-05 18:26:23 [T139716852709056] [INFO] worker 3 message 178
2025-10-05 18:26:23 [T139716888356544] [INFO] worker 8 message 178
2025-10-05 18:26:23 [T139716083050176] [INFO] worker 13 message 178
2025-10-05 18:26:23 [T139716844316352] [INFO] worker 4 message 159
2025-10-05 18:26:23 [T139716074657472] [INFO] worker 14 message 159
2025-10-05 18:26:23 [T139716879963840] [INFO] worker 9 message 159
2025-10-05 18:26:23 [T139716852709056] [INFO] worker 3 message 179
2025-10-05 18:26:23 [T139716888356544] [INFO] worker 8 message 179
2025-10-05 18:26:23 [T139716083050176] [INFO] worker 13 message 179
2025-10-05 18:26:23 [T139716844316352] [INFO] worker 4 message 160
2025-10-05 18:26:23 [T139716074657472] [INFO] worker 14 message 160
2025-10-05 18:26:23 [T139716879963840] [INFO] worker 9 message 160
2025-10-05 18:26:23 [T139716852709056] [INFO] worker 3 message 180
2025-10-05 18:26:23 [T139716888356544] [INFO] worker 8 message 180
2025-10-05 18:26:23 [T139716083050176] [INFO] worker 13 message 180
2025-10-05 18:26:23 [T139716844316352] [INFO] worker 4 message 161
2025-10-05 18:26:23 [T139716074657472] [INFO] worker 14 message 161
2025-10-05 18:26:23 [T139716879963840] [INFO] worker 9 message 161
2025-10-05 18:26:23 [T139716083050176] [INFO] worker 13 message 181
2025-10-05 18:26:23 [T139716888356544] [INFO] worker 8 message 181
2025-10-05 18:26:23 [T139716852709056] [INFO] worker 3 message 181
2025-10-05 18:26:23 [T139716083050176] [INFO] worker 13 message 182
2025-10-05 18:26:23 [T139716888356544] [INFO] worker 8 message 182
2025-10-05 18:26:23 [T139716852709056] [INFO] worker 3 message 182
2025-10-05 18:26:23 [T139716844316352] [INFO] worker 4 message 162
2025-10-05 18:26:23 [T139716074657472] [INFO] worker 14 message 162
2025-10-05 18:26:23 [T139716879963840] [INFO] worker 9 message 162
2025-10-05 18:26:23 [T139716083050176] [INFO] worker 13 message 183
2025-10-05 18:26:23 [T139716888356544] [INFO] worker 8 message 183
2025-10-05 18:26:23 [T139716852709056] [INFO] worker 3 message 183
2025-10-05 18:26:23 [T139716844316352] [INFO] worker 4 message 163
2025-10-05 18:26:23 [T139716074657472] [INFO] worker 14 message 163
2025-10-05 18:26:23 [T139716879963840] [INFO] worker 9 message 163
2025-10-05 18:26:23 [T139716083050176] [INFO] worker 13 message 184
2025-10-05 18:26:23 [T139716888356544] [INFO] worker 8 message 184
2025-10-05 18:26:23 [T139716852709056] [INFO] worker 3 message 184
2025-10-05 18:26:23 [T139716844316352] [INFO] worker 4 message 164
2025-10-05 18:26:23 [T139716074657472] [INFO] worker 14 message 164
2025-10-05 18:26:23 [T139716879963840] [INFO] worker 9 message 164
2025-10-05 18:26:23 [T139716083050176] [INFO] worker 13 message 185
2025-10-05 18:26:23 [T139716888356544] [INFO] worker 8 message 185
2025-10-05 18:26:23 [T139716852709056] [INFO] worker 3 message 185
2025-10-05 18:26:23 [T139716844316352] [INFO] worker 4 message 165
2025-10-05 18:26:23 [T139716074657472] [INFO] worker 14 message 165
2025-10-05 18:26:23 [T139716879963840] [INFO] worker 9 message 165
2025-10-05 18:26:23 [T139716083050176] [INFO] worker 13 message 186
2025-10-05 18:26:23 [T139716888356544] [INFO] worker 8 message 186
2025-10-05 18:26:23 [T139716852709056] [INFO] worker 3 message 186
2025-10-05 18:26:23 [T139716844316352] [INFO] worker 4 message 166
2025-10-05 18:26:23 [T139716074657472] [INFO] worker 14 message 166
2025-10-05 18:26:23 [T139716879963840] [INFO] worker 9 message 166
2025-10-05 18:26:23 [T139716083050176] [INFO] worker 13 message 187
2025-10-05 18:26:23 [T139716888356544] [INFO] worker 8 message 187
2025-10-05 18:26:23 [T139716852709056] [INFO] worker 3 message 187
2025-10-05 18:26:23 [T139716844316352] [INFO] worker 4 message 167
2025-10-05 18:26:23 [T139716074657472] [INFO] worker 14 message 167
2025-10-05 18:26:23 [T139716879963840] [INFO] worker 9 message 167
2025-10-05 18:26:23 [T139716083050176] [INFO] worker 13 message 188
2025-10-05 18:26:23 [T139716888356544] [INFO] worker 8 message 188
2025-10-05 18:26:23 [T139716852709056] [INFO] worker 3 message 188
2025-10-05 18:26:23 [T139716844316352] [INFO] worker 4 message 168
2025-10-05 18:26:23 [T139716074657472] [INFO] worker 14 message 168
2025-10-05 18:26:23 [T139716879963840] [INFO] worker 9 message 168
2025-10-05 18:26:23 [T139716083050176] [INFO] worker 13 message 189
2025-10-05 18:26:23 [T139716888356544] [INFO] worker 8 message 189
2025-10-05 18:26:23 [T139716852709056] [INFO] worker 3 message 189
2025-10-05 18:26:23 [T139716844316352] [INFO] worker 4 message 169
2025-10-05 18:26:23 [T139716074657472] [INFO] worker 14 message 169
2025-10-05 18:26:23 [T139716879963840] [INFO] worker 9 message 169
2025-10-05 18:26:23 [T139716083050176] [INFO] worker 13 message 190
2025-10-05 18:26:23 [T139716888356544] [INFO] worker 8 message 190
2025-10-05 18:26:23 [T139716852709056] [INFO] worker 3 message 190
2025-10-05 18:26:23 [T139716083050176] [INFO] worker 13 message 191
2025-10-05 18:26:23 [T139716888356544] [INFO] worker 8 message 191
2025-10-05 18:26:23 [T139716852709056] [INFO] worker 3 message 191
2025-10-05 18:26:23 [T139716844316352] [INFO] worker 4 message 170
2025-10-05 18:26:23 [T139716074657472] [INFO] worker 14 message 170
2025-10-05 18:26:23 [T139716879963840] [INFO] worker 9 message 170
2025-10-05 18:26:23 [T139716083050176] [INFO] worker 13 message 192
2025-10-05 18:26:23 [T139716888356544] [INFO] worker 8 message 192
2025-10-05 18:26:23 [T139716852709056] [INFO] worker 3 message 192
2025-10-05 18:26:23 [T139716844316352] [INFO] worker 4 message 171
2025-10-05 18:26:23 [T139716074657472] [INFO] worker 14 message 171
2025-10-05 18:26:23 [T139716879963840] [INFO] worker 9 message 171
2025-10-05 18:26:23 [T139716083050176] [INFO] worker 13 message 193
2025-10-05 18:26:23 [T139716888356544] [INFO] worker 8 message 193
2025-10-05 18:26:23 [T139716852709056] [INFO] worker 3 message 193
2025-10-05 18:26:23 [T139716844316352] [INFO] worker 4 message 172
2025-10-05 18:26:23 [T139716074657472] [INFO] worker 14 message 172
2025-10-05 18:26:23 [T139716879963840] [INFO] worker 9 message 172
2025-10-05 18:26:23 [T139716083050176] [INFO] worker 13 message 194
2025-10-05 18:26:23 [T139716888356544] [INFO] worker 8 message 194
2025-10-05 18:26:23 [T139716852709056] [INFO] worker 3 message 194
2025-10-05 18:26:23 [T139716844316352] [INFO] worker 4 message 173
2025-10-05 18:26:23 [T139716074657472] [INFO] worker 14 message 173
2025-10-05 18:26:23 [T139716879963840] [INFO] worker 9 message 173
2025-10-05 18:26:23 [T139716083050176] [INFO] worker 13 message 195
2025-10-05 18:26:23 [T139716888356544] [INFO] worker 8 message 195
2025-10-05 18:26:23 [T139716852709056] [INFO] worker 3 message 195
2025-10-05 18:26:23 [T139716844316352] [INFO] worker 4 message 174
2025-10-05 18:26:23 [T139716074657472] [INFO] worker 14 message 174
2025-10-05 18:26:23 [T139716879963840] [INFO] worker 9 message 174
2025-10-05 18:26:23 [T139716083050176] [INFO] worker 13 message 196
2025-10-05 18:26:23 [T139716888356544] [INFO] worker 8 message 196
2025-10-05 18:26:23 [T139716852709056] [INFO] worker 3 message 196
2025-10-05 18:26:23 [T139716844316352] [INFO] worker 4 message 175
2025-10-05 18:26:23 [T139716074657472] [INFO] worker 14 message 175
2025-10-05 18:26:23 [T139716879963840] [INFO] worker 9 message 175
2025-10-05 18:26:23 [T139716083050176] [INFO] worker 13 message 197
2025-10-05 18:26:23 [T139716888356544] [INFO] worker 8 message 197
2025-10-05 18:26:23 [T139716852709056] [INFO] worker 3 message 197
2025-10-05 18:26:23 [T139716844316352] [INFO] worker 4 message 176
2025-10-05 18:26:23 [T139716074657472] [INFO] worker 14 message 176
2025-10-05 18:26:23 [T139716879963840] [INFO] worker 9 message 176
2025-10-05 18:26:23 [T139716083050176] [INFO] worker 13 message 198
2025-10-05 18:26:23 [T139716888356544] [INFO] worker 8 message 198
2025-10-05 18:26:23 [T139716852709056] [INFO] worker 3 message 198
2025-10-05 18:26:23 [T139716844316352] [INFO] worker 4 message 177
2025-10-05 18:26:23 [T139716074657472] [INFO] worker 14 message 177
2025-10-05 18:26:23 [T139716879963840] [INFO] worker 9 message 177
2025-10-05 18:26:23 [T139716083050176] [INFO] worker 13 message 199
2025-10-05 18:26:23 [T139716888356544] [INFO] worker 8 message 199
2025-10-05 18:26:23 [T139716852709056] [INFO] worker 3 message 199
2025-10-05 18:26:23 [T139716844316352] [INFO] worker 4 message 178
2025-10-05 18:26:23 [T139716074657472] [INFO] worker 14 message 178
2025-10-05 18:26:23 [T139716879963840] [INFO] worker 9 message 178
2025-10-05 18:26:23 [T139716844316352] [INFO] worker 4 message 179
2025-10-05 18:26:23 [T139716074657472] [INFO] worker 14 message 179
2025-10-05 18:26:23 [T139716879963840] [INFO] worker 9 message 179
2025-10-05 18:26:23 [T139716844316352] [INFO] worker 4 message 180
2025-10-05 18:26:23 [T139716074657472] [INFO] worker 14 message 180
2025-10-05 18:26:23 [T139716879963840] [INFO] worker 9 message 180
2025-10-05 18:26:23 [T139716844316352] [INFO] worker 4 message 181
2025-10-05 18:26:23 [T139716074657472] [INFO] worker 14 message 181
2025-10-05 18:26:23 [T139716879963840] [INFO] worker 9 message 181
2025-10-05 18:26:23 [T139716844316352] [INFO] worker 4 message 182
2025-10-05 18:26:23 [T139716879963840] [INFO] worker 9 message 182
2025-10-05 18:26:23 [T139716074657472] [INFO] worker 14 message 182
2025-10-05 18:26:23 [T139716844316352] [INFO] worker 4 message 183
2025-10-05 18:26:23 [T139716879963840] [INFO] worker 9 message 183
2025-10-05 18:26:23 [T139716074657472] [INFO] worker 14 message 183
2025-10-05 18:26:23 [T139716844316352] [INFO] worker 4 message 184
2025-10-05 18:26:23 [T139716879963840] [INFO] worker 9 message 184
2025-10-05 18:26:23 [T139716074657472] [INFO] worker 14 message 184
2025-10-05 18:26:23 [T139716844316352] [INFO] worker 4 message 185
2025-10-05 18:26:23 [T139716879963840] [INFO] worker 9 message 185
2025-10-05 18:26:23 [T139716074657472] [INFO] worker 14 message 185
2025-10-05 18:26:23 [T139716844316352] [INFO] worker 4 message 186
2025-10-05 18:26:23 [T139716879963840] [INFO] worker 9 message 186
2025-10-05 18:26:23 [T139716074657472] [INFO] worker 14 message 186
2025-10-05 18:26:23 [T139716844316352] [INFO] worker 4 message 187
2025-10-05 18:26:23 [T139716879963840] [INFO] worker 9 message 187
2025-10-05 18:26:23 [T139716074657472] [INFO] worker 14 message 187
2025-10-05 18:26:23 [T139716844316352] [INFO] worker 4 message 188
2025-10-05 18:26:23 [T139716879963840] [INFO] worker 9 message 188
2025-10-05 18:26:23 [T139716074657472] [INFO] worker 14 message 188
2025-10-05 18:26:23 [T139716844316352] [INFO] worker 4 message 189
2025-10-05 18:26:23 [T139716879963840] [INFO] worker 9 message 189
2025-10-05 18:26:23 [T139716074657472] [INFO] worker 14 message 189
2025-10-05 18:26:23 [T139716844316352] [INFO] worker 4 message 190
2025-10-05 18:26:23 [T139716879963840] [INFO] worker 9 message 190
2025-10-05 18:26:23 [T139716074657472] [INFO] worker 14 message 190
2025-10-05 18:26:23 [T139716844316352] [INFO] worker 4 message 191
2025-10-05 18:26:23 [T139716879963840] [INFO] worker 9 message 191
2025-10-05 18:26:23 [T139716074657472] [INFO] worker 14 message 191
2025-10-05 18:26:23 [T139716844316352] [INFO] worker 4 message 192
2025-10-05 18:26:23 [T139716879963840] [INFO] worker 9 message 192
2025-10-05 18:26:23 [T139716074657472] [INFO] worker 14 message 192
2025-10-05 18:26:23 [T139716844316352] [INFO] worker 4 message 193
2025-10-05 18:26:23 [T139716879963840] [INFO] worker 9 message 193
2025-10-05 18:26:23 [T139716074657472] [INFO] worker 14 message 193
2025-10-05 18:26:23 [T139716844316352] [INFO] worker 4 message 194
2025-10-05 18:26:23 [T139716879963840] [INFO] worker 9 message 194
2025-10-05 18:26:23 [T139716074657472] [INFO] worker 14 message 194
2025-10-05 18:26:23 [T139716844316352] [INFO] worker 4 message 195
2025-10-05 18:26:23 [T139716879963840] [INFO] worker 9 message 195
2025-10-05 18:26:23 [T139716074657472] [INFO] worker 14 message 195
2025-10-05 18:26:23 [T139716844316352] [INFO] worker 4 message 196
2025-10-05 18:26:23 [T139716879963840] [INFO] worker 9 message 196
2025-10-05 18:26:23 [T139716074657472] [INFO] worker 14 message 196
2025-10-05 18:26:24 [T139716844316352] [INFO] worker 4 message 197
2025-10-05 18:26:24 [T139716879963840] [INFO] worker 9 message 197
2025-10-05 18:26:24 [T139716074657472] [INFO] worker 14 message 197
2025-10-05 18:26:24 [T139716844316352] [INFO] worker 4 message 198
2025-10-05 18:26:24 [T139716879963840] [INFO] worker 9 message 198
2025-10-05 18:26:24 [T139716074657472] [INFO] worker 14 message 198
2025-10-05 18:26:24 [T139716844316352] [INFO] worker 4 message 199
2025-10-05 18:26:24 [T139716879963840] [INFO] worker 9 message 199
2025-10-05 18:26:24 [T139716074657472] [INFO] worker 14 message 199
